../netx_tk/OSAbstraction/OS_Custom.c:84:9:OS_Init	4	static
../netx_tk/OSAbstraction/OS_Custom.c:94:6:OS_Deinit	4	static
../netx_tk/OSAbstraction/OS_Custom.c:103:7:OS_Memalloc	16	static
../netx_tk/OSAbstraction/OS_Custom.c:112:6:OS_Memfree	16	static
../netx_tk/OSAbstraction/OS_Custom.c:123:7:OS_Memrealloc	16	static
../netx_tk/OSAbstraction/OS_Custom.c:134:6:OS_Memset	24	static
../netx_tk/OSAbstraction/OS_Custom.c:145:6:OS_Memcpy	24	static
../netx_tk/OSAbstraction/OS_Custom.c:157:5:OS_Memcmp	24	static
../netx_tk/OSAbstraction/OS_Custom.c:168:6:OS_Memmove	24	static
../netx_tk/OSAbstraction/OS_Custom.c:178:7:OS_ReadPCIConfig	16	static
../netx_tk/OSAbstraction/OS_Custom.c:189:6:OS_WritePCIConfig	16	static
../netx_tk/OSAbstraction/OS_Custom.c:199:6:OS_EnableInterrupts	16	static,ignoring_inline_asm
../netx_tk/OSAbstraction/OS_Custom.c:208:6:OS_DisableInterrupts	16	static,ignoring_inline_asm
../netx_tk/OSAbstraction/OS_Custom.c:219:7:OS_FileOpen	16	static
../netx_tk/OSAbstraction/OS_Custom.c:234:10:OS_FileRead	24	static
../netx_tk/OSAbstraction/OS_Custom.c:247:6:OS_FileClose	16	static
../netx_tk/OSAbstraction/OS_Custom.c:256:10:OS_GetMilliSecCounter	8	static
../netx_tk/OSAbstraction/OS_Custom.c:265:6:OS_Sleep	24	static
../netx_tk/OSAbstraction/OS_Custom.c:298:7:OS_CreateLock	8	static
../netx_tk/OSAbstraction/OS_Custom.c:307:6:OS_EnterLock	16	static
../netx_tk/OSAbstraction/OS_Custom.c:317:6:OS_LeaveLock	16	static
../netx_tk/OSAbstraction/OS_Custom.c:331:6:OS_DeleteLock	16	static
../netx_tk/OSAbstraction/OS_Custom.c:340:7:OS_CreateMutex	4	static
../netx_tk/OSAbstraction/OS_Custom.c:351:5:OS_WaitMutex	16	static
../netx_tk/OSAbstraction/OS_Custom.c:366:6:OS_ReleaseMutex	16	static
../netx_tk/OSAbstraction/OS_Custom.c:379:6:OS_DeleteMutex	16	static
../netx_tk/OSAbstraction/OS_Custom.c:388:7:OS_CreateEvent	16	static
../netx_tk/OSAbstraction/OS_Custom.c:419:6:OS_SetEvent	24	static
../netx_tk/OSAbstraction/OS_Custom.c:434:6:OS_ResetEvent	24	static
../netx_tk/OSAbstraction/OS_Custom.c:446:6:OS_DeleteEvent	24	static
../netx_tk/OSAbstraction/OS_Custom.c:460:10:OS_WaitEvent	32	static
../netx_tk/OSAbstraction/OS_Custom.c:506:7:OS_MapUserPointer	24	static
../netx_tk/OSAbstraction/OS_Custom.c:522:5:OS_UnmapUserPointer	16	static
../netx_tk/OSAbstraction/OS_Custom.c:536:5:OS_Strcmp	16	static
../netx_tk/OSAbstraction/OS_Custom.c:548:5:OS_Strnicmp	24	static
../netx_tk/OSAbstraction/OS_Custom.c:558:5:OS_Strlen	16	static
../netx_tk/OSAbstraction/OS_Custom.c:570:7:OS_Strncpy	24	static
