../netx_tk/Source/cifXFunctions.c:376:18:xSysdeviceOpen	32	static
../netx_tk/Source/cifXFunctions.c:408:18:xSysdeviceClose	24	static
../netx_tk/Source/cifXFunctions.c:427:18:xSysdeviceGetMBXState	32	static
../netx_tk/Source/cifXFunctions.c:442:18:xSysdevicePutPacket	32	static
../netx_tk/Source/cifXFunctions.c:466:18:xSysdeviceGetPacket	32	static
../netx_tk/Source/cifXFunctions.c:496:18:xSysdeviceDownload	80	static
../netx_tk/Source/cifXFunctions.c:645:18:xSysdeviceInfo	88	static
../netx_tk/Source/cifXFunctions.c:825:18:xSysdeviceResetEx	32	static
../netx_tk/Source/cifXFunctions.c:865:18:xSysdeviceReset	24	static
../netx_tk/Source/cifXFunctions.c:888:18:xSysdeviceBootstart	24	static
../netx_tk/Source/cifXFunctions.c:907:18:xSysdeviceExtendedMemory	64	static
../netx_tk/Source/cifXFunctions.c:1012:18:xChannelOpen	40	static
../netx_tk/Source/cifXFunctions.c:1052:18:xChannelClose	24	static
../netx_tk/Source/cifXFunctions.c:1077:18:xChannelDownload	72	static
../netx_tk/Source/cifXFunctions.c:1132:18:xChannelGetMBXState	32	static
../netx_tk/Source/cifXFunctions.c:1146:18:xChannelPutPacket	32	static
../netx_tk/Source/cifXFunctions.c:1171:18:xChannelGetPacket	32	static
../netx_tk/Source/cifXFunctions.c:1195:18:xChannelGetSendPacket	56	static
../netx_tk/Source/cifXFunctions.c:1225:18:xChannelConfigLock	40	static
../netx_tk/Source/cifXFunctions.c:1323:18:xChannelBusState	32	static
../netx_tk/Source/cifXFunctions.c:1345:18:xChannelReset	32	static
../netx_tk/Source/cifXFunctions.c:1385:18:xChannelIOInfo	48	static
../netx_tk/Source/cifXFunctions.c:1467:18:xChannelIORead	56	static
../netx_tk/Source/cifXFunctions.c:1607:18:xChannelIOWrite	56	static
../netx_tk/Source/cifXFunctions.c:1749:18:xChannelIOReadSendData	56	static
../netx_tk/Source/cifXFunctions.c:1808:18:xChannelControlBlock	64	static
../netx_tk/Source/cifXFunctions.c:1888:18:xChannelCommonStatusBlock	56	static
../netx_tk/Source/cifXFunctions.c:1944:18:xChannelExtendedStatusBlock	48	static
../netx_tk/Source/cifXFunctions.c:1986:18:xChannelUserBlock	56	static
../netx_tk/Source/cifXFunctions.c:2028:18:xChannelPLCMemoryPtr	80	static
../netx_tk/Source/cifXFunctions.c:2269:18:xChannelPLCIsReadReady	40	static
../netx_tk/Source/cifXFunctions.c:2327:18:xChannelPLCIsWriteReady	40	static
../netx_tk/Source/cifXFunctions.c:2378:18:xChannelPLCActivateWrite	32	static
../netx_tk/Source/cifXFunctions.c:2432:18:xChannelPLCActivateRead	32	static
../netx_tk/Source/cifXFunctions.c:2480:18:xDriverOpen	16	static
../netx_tk/Source/cifXFunctions.c:2499:18:xDriverClose	16	static
../netx_tk/Source/cifXFunctions.c:2522:18:xDriverGetInformation	32	static
../netx_tk/Source/cifXFunctions.c:2548:18:xDriverGetErrorDescription	32	static
../netx_tk/Source/cifXFunctions.c:2576:18:xDriverEnumBoards	56	static
../netx_tk/Source/cifXFunctions.c:2631:18:xDriverEnumChannels	40	static
../netx_tk/Source/cifXFunctions.c:2671:18:xDriverMemoryPointer	64	static
../netx_tk/Source/cifXFunctions.c:2762:18:xChannelInfo	40	static
../netx_tk/Source/cifXFunctions.c:2835:18:xChannelWatchdog	24	static
../netx_tk/Source/cifXFunctions.c:2850:18:xChannelHostState	32	static
../netx_tk/Source/cifXFunctions.c:2888:18:xChannelFindFirstFile	40	static
../netx_tk/Source/cifXFunctions.c:2906:18:xChannelFindNextFile	40	static
../netx_tk/Source/cifXFunctions.c:2926:18:xSysdeviceFindFirstFile	1728	static
../netx_tk/Source/cifXFunctions.c:3014:18:xSysdeviceFindNextFile	1728	static
../netx_tk/Source/cifXFunctions.c:3105:18:xSysdeviceUpload	72	static
../netx_tk/Source/cifXFunctions.c:3169:18:xChannelUpload	56	static
../netx_tk/Source/cifXFunctions.c:3196:18:xChannelDMAState	24	static
../netx_tk/Source/cifXFunctions.c:3247:18:xChannelRegisterNotification	80	static
../netx_tk/Source/cifXFunctions.c:3464:18:xChannelUnregisterNotification	40	static
../netx_tk/Source/cifXFunctions.c:3604:18:xChannelSyncState	40	static
