../App/logic/APC_PidHandler.c:43:6:initPid	8	static
../App/logic/APC_PidHandler.c:53:6:resetPid	8	static
../App/logic/APC_PidHandler.c:61:6:setPidInitState	16	static
../App/logic/APC_PidHandler.c:67:6:getPidInitState	4	static
../App/logic/APC_PidHandler.c:73:6:setPidRunState	16	static
../App/logic/APC_PidHandler.c:79:6:getPidRunState	4	static
../App/logic/APC_PidHandler.c:84:6:isPidRunning	4	static
../App/logic/APC_PidHandler.c:89:6:setPid	8	static
../App/logic/APC_PidHandler.c:168:6:setSV	16	static
../App/logic/APC_PidHandler.c:178:6:procPid	32	static
../App/logic/APC_PidHandler.c:238:8:getErrorRateOfSFS	32	static
../App/logic/APC_PidHandler.c:243:5:calculatePidOutput	64	static
