../Hil_DemoApp/Sources/App_PacketCommunication.c:91:6:Pkt_Init	32	static
../Hil_DemoApp/Sources/App_PacketCommunication.c:128:6:Pkt_Deinit	16	static
../Hil_DemoApp/Sources/App_PacketCommunication.c:162:1:Pkt_PrintFormattedHexData	24	static
../Hil_DemoApp/Sources/App_PacketCommunication.c:191:1:Pkt_DumpPacket	16	static
../Hil_DemoApp/Sources/App_PacketCommunication.c:213:1:Pkt_SendPacket	32	static
../Hil_DemoApp/Sources/App_PacketCommunication.c:246:1:Pkt_ReceivePacket	32	static
../Hil_DemoApp/Sources/App_PacketCommunication.c:286:1:Pkt_RegisterIndicationHandler	24	static
../Hil_DemoApp/Sources/App_PacketCommunication.c:312:1:Pkt_QueueConfirmation	24	static
../Hil_DemoApp/Sources/App_PacketCommunication.c:337:13:Pkt_GetPacketFromQueue	24	static
../Hil_DemoApp/Sources/App_PacketCommunication.c:363:13:Pkt_TryDequeConfirmation	32	static
../Hil_DemoApp/Sources/App_PacketCommunication.c:395:1:Pkt_DispatchIndication	16	static
../Hil_DemoApp/Sources/App_PacketCommunication.c:412:1:Pkt_CheckReceiveMailbox	32	static
../Hil_DemoApp/Sources/App_PacketCommunication.c:476:1:Pkt_SendReceivePacket	40	static
