../Hil_DemoApp/Sources/vat_devicenet_test.c:24:16:xChannelIORead	24	static
../Hil_DemoApp/Sources/vat_devicenet_test.c:32:16:xChannelIOWrite	24	static
../Hil_DemoApp/Sources/vat_devicenet_test.c:50:17:VAT_GetTimestampMs	8	static
../Hil_DemoApp/Sources/vat_devicenet_test.c:61:6:VAT_Test_Init	16	static
../Hil_DemoApp/Sources/vat_devicenet_test.c:91:6:VAT_Test_Configure	16	static
../Hil_DemoApp/Sources/vat_devicenet_test.c:112:6:VAT_Test_Deinit	16	static
../Hil_DemoApp/Sources/vat_devicenet_test.c:132:9:VAT_Test_ReadInput	40	static
../Hil_DemoApp/Sources/vat_devicenet_test.c:219:9:VAT_Test_WriteOutput	40	static
../Hil_DemoApp/Sources/vat_devicenet_test.c:286:6:VAT_Test_SetControlMode	16	static
../Hil_DemoApp/Sources/vat_devicenet_test.c:305:6:VAT_Test_SetPressureSetpoint	16	static
../Hil_DemoApp/Sources/vat_devicenet_test.c:326:6:VAT_Test_IsDeviceReady	24	static
../Hil_DemoApp/Sources/vat_devicenet_test.c:343:6:VAT_Test_HasException	16	static
../Hil_DemoApp/Sources/vat_devicenet_test.c:359:9:VAT_Test_GetExceptionStatus	16	static
../Hil_DemoApp/Sources/vat_devicenet_test.c:392:9:VAT_Test_GetDeviceStatus	16	static
../Hil_DemoApp/Sources/vat_devicenet_test.c:418:6:VAT_Test_GetStats	16	static
../Hil_DemoApp/Sources/vat_devicenet_test.c:432:6:VAT_Test_ResetStats	16	static
../Hil_DemoApp/Sources/vat_devicenet_test.c:447:6:VAT_Test_PrintStats	16	static
../Hil_DemoApp/Sources/vat_devicenet_test.c:470:6:VAT_Test_LogInputData	32	static
../Hil_DemoApp/Sources/vat_devicenet_test.c:527:6:VAT_Test_LogOutputData	40	static
../Hil_DemoApp/Sources/vat_devicenet_test.c:572:6:VAT_Test_BasicPressureControl	24	static
../Hil_DemoApp/Sources/vat_devicenet_test.c:606:6:VAT_Test_FullCalibration	24	static
