../App/model/APC_Board.c:58:6:initBoard	24	static
../App/model/APC_Board.c:111:6:syncBoardData	104	static
../App/model/APC_Board.c:140:6:getFwFactoryState	4	static
../App/model/APC_Board.c:145:6:setFwFactoryState	16	static
../App/model/APC_Board.c:150:6:getValveSerialNumber	16	static
../App/model/APC_Board.c:156:6:setValveSerialNumber	16	static
../App/model/APC_Board.c:162:6:getValveModelName	16	static
../App/model/APC_Board.c:168:6:setValveModelName	16	static
../App/model/APC_Board.c:174:6:getFwVersion	16	static
../App/model/APC_Board.c:180:6:setFwVersion	16	static
../App/model/APC_Board.c:186:6:getFwReleasedDate	16	static
../App/model/APC_Board.c:192:6:setFwReleasedDate	16	static
../App/model/APC_Board.c:198:16:getSensorEquip	4	static
../App/model/APC_Board.c:203:6:setSensorEquip	16	static
../App/model/APC_Board.c:208:13:getPFOEquip	4	static
../App/model/APC_Board.c:213:6:setPFOEquip	16	static
../App/model/APC_Board.c:218:13:getSPSEquip	4	static
../App/model/APC_Board.c:223:6:setSPSEquip	16	static
../App/model/APC_Board.c:228:13:getClusterEquip	4	static
../App/model/APC_Board.c:233:6:setClusterEquip	16	static
../App/model/APC_Board.c:238:13:getRS232IntfAnalogOutputEquip	4	static
../App/model/APC_Board.c:243:6:setRS232IntfAnalogOutputEquip	16	static
../App/model/APC_Board.c:248:18:getInterfaceType	4	static
../App/model/APC_Board.c:253:6:setInterfaceType	16	static
../App/model/APC_Board.c:258:21:getSimulationStatus	4	static
../App/model/APC_Board.c:263:6:setSimulationStatus	16	static
../App/model/APC_Board.c:268:11:getPFOStatus	4	static
../App/model/APC_Board.c:276:6:setPFOStatus	16	static
../App/model/APC_Board.c:282:5:getCurrentPFOVoltage	8	static
../App/model/APC_Board.c:288:6:setCurrentPFOVoltage	16	static
../App/model/APC_Board.c:293:10:getCompressedAirPressure	8	static
