../App/model/APC_Sensor.c:102:6:initSensor	8	static
../App/model/APC_Sensor.c:185:6:syncSensorData	24	static
../App/model/APC_Sensor.c:218:6:alignSensor	16	static
../App/model/APC_Sensor.c:297:6:refreshSensor	16	static
../App/model/APC_Sensor.c:366:6:adjustSensorZero	24	static
../App/model/APC_Sensor.c:415:6:setSensorType	16	static
../App/model/APC_Sensor.c:420:9:getSensorType	4	static
../App/model/APC_Sensor.c:425:6:setSensorUnit	16	static
../App/model/APC_Sensor.c:437:9:getSensorUnit	4	static
../App/model/APC_Sensor.c:442:6:setSensorFullScale	16	static
../App/model/APC_Sensor.c:462:5:getSensorFullScale	4	static
../App/model/APC_Sensor.c:467:6:setSensorExponent	16	static
../App/model/APC_Sensor.c:472:5:getSensorExponent	4	static
../App/model/APC_Sensor.c:477:6:setSensorZeroStatus	16	static
../App/model/APC_Sensor.c:482:9:getSensorZeroStatus	4	static
../App/model/APC_Sensor.c:487:6:setSensorZeroAdjusted	16	static
../App/model/APC_Sensor.c:492:9:getSensorZeroAdjusted	4	static
../App/model/APC_Sensor.c:500:6:setSensorFullScaleRatio	16	static
../App/model/APC_Sensor.c:518:10:getSensorFullScaleRatio	4	static
../App/model/APC_Sensor.c:523:6:setSetpointValvePressure	16	static
../App/model/APC_Sensor.c:531:10:getSetpointValvePressure	4	static
../App/model/APC_Sensor.c:539:5:getCurrentSensorVoltage	8	static
../App/model/APC_Sensor.c:575:5:getCurrentPressure	24	static
../App/model/APC_Sensor.c:599:5:getCurrentSensorPressureSimulation	32	static
../App/model/APC_Sensor.c:610:6:setSensor1Equip	16	static
../App/model/APC_Sensor.c:615:6:setSensor1Selection	16	static
../App/model/APC_Sensor.c:620:9:getSensor1Selection	4	static
../App/model/APC_Sensor.c:625:6:setSensor1Unit	16	static
../App/model/APC_Sensor.c:630:9:getSensor1Unit	4	static
../App/model/APC_Sensor.c:635:6:setSensor1FullScale	16	static
../App/model/APC_Sensor.c:640:10:getSensor1FullScale	4	static
../App/model/APC_Sensor.c:645:6:setSensorOffset	16	static
../App/model/APC_Sensor.c:655:5:getSensor1Offset	4	static
../App/model/APC_Sensor.c:660:5:getSensor1OffsetPressure	8	static
../App/model/APC_Sensor.c:665:5:getSensor1MeasVoltage	4	static
../App/model/APC_Sensor.c:670:5:getSensor1ResultVoltage	4	static
../App/model/APC_Sensor.c:675:5:getSensor1MeasPressure	8	static
../App/model/APC_Sensor.c:680:5:getCurrentSensor1Pressure	8	static
../App/model/APC_Sensor.c:685:9:getSensor1ApplyRatio	4	static
../App/model/APC_Sensor.c:693:5:getSensor1Pressure	16	static
../App/model/APC_Sensor.c:701:6:setSensor2Equip	16	static
../App/model/APC_Sensor.c:706:6:setSensor2Selection	16	static
../App/model/APC_Sensor.c:711:9:getSensor2Selection	4	static
../App/model/APC_Sensor.c:716:6:setSensor2Unit	16	static
../App/model/APC_Sensor.c:721:9:getSensor2Unit	4	static
../App/model/APC_Sensor.c:726:6:setSensor2FullScale	16	static
../App/model/APC_Sensor.c:731:10:getSensor2FullScale	4	static
../App/model/APC_Sensor.c:736:5:getSensor2Offset	4	static
../App/model/APC_Sensor.c:741:5:getSensor2OffsetPressure	8	static
../App/model/APC_Sensor.c:746:5:getSensor2MeasVoltage	4	static
../App/model/APC_Sensor.c:751:5:getSensor2MeasPressure	8	static
../App/model/APC_Sensor.c:756:5:getSensor2ResultVoltage	4	static
../App/model/APC_Sensor.c:761:5:getCurrentSensor2Pressure	8	static
../App/model/APC_Sensor.c:766:9:getSensor2ApplyRatio	4	static
../App/model/APC_Sensor.c:774:5:getSensor2Pressure	16	static
../App/model/APC_Sensor.c:782:10:getPressureCommRange	4	static
../App/model/APC_Sensor.c:787:6:setPressureCommRange	16	static
../App/model/APC_Sensor.c:796:8:calculatePV	32	static
