../App/model/APC_RemotePort.c:90:6:initRemotePort	16	static
../App/model/APC_RemotePort.c:155:6:syncRemotePort	24	static
../App/model/APC_RemotePort.c:173:6:procRemotePort	16	static
../App/model/APC_RemotePort.c:180:6:PORTC_LB_is_InPut	32	static
../App/model/APC_RemotePort.c:192:6:PORTC_LB_is_OutPut	32	static
../App/model/APC_RemotePort.c:208:6:writeAOUT_PRESSURE	24	static
../App/model/APC_RemotePort.c:226:6:writeAOUT_POSITION	24	static
../App/model/APC_RemotePort.c:252:6:writeRELAY_CLOSE	24	static
../App/model/APC_RemotePort.c:278:6:writeRELAY_OPEN	24	static
../App/model/APC_RemotePort.c:304:6:writeSPI_CS_E2	16	static
../App/model/APC_RemotePort.c:309:9:readRemotePort	8	static
../App/model/APC_RemotePort.c:314:9:readCLOSE_INPUT	24	static
../App/model/APC_RemotePort.c:321:9:readOPEN_INPUT	24	static
../App/model/APC_RemotePort.c:328:9:readPW_MD_ON	16	static
../App/model/APC_RemotePort.c:334:6:CheckRemote	16	static
../App/model/APC_RemotePort.c:343:26:getRemoteDigitalInputOpenValve	4	static
../App/model/APC_RemotePort.c:348:6:setRemoteDigitalInputOpenValve	16	static
../App/model/APC_RemotePort.c:353:27:getRemoteDigitalInputCloseValve	4	static
../App/model/APC_RemotePort.c:358:6:setRemoteDigitalInputCloseValve	16	static
../App/model/APC_RemotePort.c:363:26:getRemoteDigitalOutputOpenValve	4	static
../App/model/APC_RemotePort.c:368:6:setRemoteDigitalOutputOpenValve	16	static
../App/model/APC_RemotePort.c:373:27:getRemoteDigitalOutputCloseValve	4	static
../App/model/APC_RemotePort.c:378:6:setRemoteDigitalOutputCloseValve	16	static
../App/model/APC_RemotePort.c:383:10:availableRemoteRS232	24	static
../App/model/APC_RemotePort.c:402:13:getRemoteRS232Baudrate	16	static
../App/model/APC_RemotePort.c:422:6:setRemoteRS232Baudrate	32	static
../App/model/APC_RemotePort.c:430:14:getRemoteRS232ParityBit	4	static
../App/model/APC_RemotePort.c:435:6:setRemoteRS232ParityBit	16	static
../App/model/APC_RemotePort.c:440:15:getRemoteRS232DataLength	4	static
../App/model/APC_RemotePort.c:444:6:setRemoteRS232DataLength	16	static
../App/model/APC_RemotePort.c:449:13:getRemoteRS232StopBits	4	static
../App/model/APC_RemotePort.c:453:6:setRemoteRS232StopBits	16	static
../App/model/APC_RemotePort.c:458:15:getRemoteRS232CommandSet	4	static
../App/model/APC_RemotePort.c:462:6:setRemoteRS232CommandSet	16	static
../App/model/APC_RemotePort.c:467:9:readRemoteRS232Data	16	static
../App/model/APC_RemotePort.c:479:6:writeRemoteRS232Data	24	static
../App/model/APC_RemotePort.c:498:6:printfRemoteRS232	272	static
../App/model/APC_RemotePort.c:513:6:refreshRemoteRS232	4	static
