../App/model/APC_Controller.c:39:6:initController	8	static
../App/model/APC_Controller.c:63:6:syncControllerData	24	static
../App/model/APC_Controller.c:82:9:getControllerType	4	static
../App/model/APC_Controller.c:87:6:setControllerType	16	static
../App/model/APC_Controller.c:101:5:getGainFactor	4	static
../App/model/APC_Controller.c:105:6:setGainFactor	16	static
../App/model/APC_Controller.c:119:5:getSensorDelay	4	static
../App/model/APC_Controller.c:123:6:setSensorDelay	16	static
../App/model/APC_Controller.c:137:9:getRampTime	4	static
../App/model/APC_Controller.c:141:6:setRampTime	16	static
../App/model/APC_Controller.c:152:10:getPgain	4	static
../App/model/APC_Controller.c:156:6:setPgain	16	static
../App/model/APC_Controller.c:167:10:getIgain	4	static
../App/model/APC_Controller.c:171:6:setIgain	16	static
../App/model/APC_Controller.c:182:10:getDgain	4	static
../App/model/APC_Controller.c:186:6:setDgain	16	static
../App/model/APC_Controller.c:200:6:setHoldPosition	4	static
