../App/model/APC_Valve.c:109:6:initValve	8	static
../App/model/APC_Valve.c:170:6:syncValveData	32	static
../App/model/APC_Valve.c:198:6:syncValveCount	16	static
../App/model/APC_Valve.c:218:10:getCurrentIsoCycleCounter	4	static
../App/model/APC_Valve.c:223:6:setCurrentIsoCycleCounter	16	static
../App/model/APC_Valve.c:232:10:getTotalIsoCycleCounter	4	static
../App/model/APC_Valve.c:236:6:setTotalIsoCycleCounter	16	static
../App/model/APC_Valve.c:247:6:addIsolationCycleCounter	4	static
../App/model/APC_Valve.c:255:10:getCurrentCntlCycleCounter	4	static
../App/model/APC_Valve.c:260:6:setCurrentCntlCycleCounter	16	static
../App/model/APC_Valve.c:269:10:getTotalCntlCycleCounter	4	static
../App/model/APC_Valve.c:274:6:setTotalCntlCycleCounter	16	static
../App/model/APC_Valve.c:285:6:addControlCycleCounter	4	static
../App/model/APC_Valve.c:296:10:getPFOCycleCounter	4	static
../App/model/APC_Valve.c:301:6:setPFOCycleCounter	16	static
../App/model/APC_Valve.c:307:6:addPFOCycleCounter	4	static
../App/model/APC_Valve.c:312:6:addPowerUpCounter	4	static
../App/model/APC_Valve.c:317:10:getCurrentPowerUpCounter	4	static
../App/model/APC_Valve.c:322:6:setCurrentPowerUpCounter	16	static
../App/model/APC_Valve.c:328:9:getPID_Kp	4	static
../App/model/APC_Valve.c:333:9:getPID_Ki	4	static
../App/model/APC_Valve.c:338:9:getPID_Kd	4	static
../App/model/APC_Valve.c:346:6:setValveOpen	16	static
../App/model/APC_Valve.c:370:6:setValveClosed	16	static
../App/model/APC_Valve.c:391:22:getPositionCommRange	4	static
../App/model/APC_Valve.c:396:6:setPositionCommRange	16	static
../App/model/APC_Valve.c:401:10:getValveSize	4	static
../App/model/APC_Valve.c:406:6:setValveSize	16	static
../App/model/APC_Valve.c:414:10:getSetpointValvePosition	4	static
../App/model/APC_Valve.c:419:10:getSetPosition	4	static
../App/model/APC_Valve.c:428:6:setSetpointValvePosition	32	static
../App/model/APC_Valve.c:453:5:getCurrentValvePosition	4	static
../App/model/APC_Valve.c:479:5:getCurrentEncoder	4	static
../App/model/APC_Valve.c:489:6:_getCurrentValvePosition	24	static
../App/model/APC_Valve.c:517:6:setCurrentValvePosition	24	static
../App/model/APC_Valve.c:535:6:setCurrentValvePosUsingAbsoluteStep	16	static
../App/model/APC_Valve.c:554:6:setCurrentValvePosUsingRelativeStep	24	static
../App/model/APC_Valve.c:560:10:getValveMaxSpeed	4	static
../App/model/APC_Valve.c:569:6:setValveMaxSpeed	16	static
../App/model/APC_Valve.c:575:10:getValveSpeed	4	static
../App/model/APC_Valve.c:582:6:setValveSpeed	24	static
../App/model/APC_Valve.c:603:9:getValvePosAfterPowerUp	4	static
../App/model/APC_Valve.c:608:6:setValvePosAfterPowerUp	16	static
../App/model/APC_Valve.c:613:9:getValvePosAfterPowerFail	4	static
../App/model/APC_Valve.c:617:6:setValvePosAfterPowerFail	16	static
../App/model/APC_Valve.c:622:9:getValvePosAfterNetwFail	4	static
../App/model/APC_Valve.c:626:6:setValvePosAfterNetwFail	16	static
../App/model/APC_Valve.c:631:9:getExtIsolationValveFunc	4	static
../App/model/APC_Valve.c:635:6:setExtIsolationValveFunc	16	static
../App/model/APC_Valve.c:640:9:getCntlStrokeLimit	4	static
../App/model/APC_Valve.c:644:6:setCntlStrokeLimit	16	static
../App/model/APC_Valve.c:649:9:getValvePositionAfterSync	4	static
../App/model/APC_Valve.c:653:6:setValvePositionAfterSync	16	static
../App/model/APC_Valve.c:658:9:getNetwFailEndPosition	4	static
../App/model/APC_Valve.c:662:6:setNetwFailEndPosition	16	static
../App/model/APC_Valve.c:667:9:getSlaveOfflinePosition	4	static
../App/model/APC_Valve.c:671:6:setSlaveOfflinePosition	16	static
../App/model/APC_Valve.c:676:9:getSynchronizationStart	4	static
../App/model/APC_Valve.c:680:6:setSynchronizationStart	16	static
../App/model/APC_Valve.c:685:9:getSynchronizationMode	4	static
../App/model/APC_Valve.c:689:6:setSynchronizationMode	16	static
../App/model/APC_Valve.c:695:6:stopSynchronizatioin	4	static
../App/model/APC_Valve.c:704:5:synchronizeClosedInit	72	static
../App/model/APC_Valve.c:804:5:synchronizeOpenInit	64	static
../App/model/APC_Valve.c:890:5:synchronizeOpenStepByStep	72	static
../App/model/APC_Valve.c:967:5:getSynchronizationResult	8	static
../App/model/APC_Valve.c:976:9:getValveMotorStatus	8	static
../App/model/APC_Valve.c:981:5:getValveEncoderPosition	8	static
../App/model/APC_Valve.c:986:10:getValveFullStroke	4	static
../App/model/APC_Valve.c:990:6:setValveFullStroke	16	static
../App/model/APC_Valve.c:995:6:setValveType	16	static
../App/model/APC_Valve.c:1000:9:getValveType	4	static
../App/model/APC_Valve.c:1005:6:checkValveCondition	32	static
../App/model/APC_Valve.c:1015:6:addCycleCounter	24	static
../App/model/APC_Valve.c:1031:6:syncEncoderAndMotor	16	static
