../App/model/APC_Learn.c:154:6:initLearn	8	static
../App/model/APC_Learn.c:161:6:syncLearnData	24	static
../App/model/APC_Learn.c:186:5:startLearn	1800	static
../App/model/APC_Learn.c:313:23:getLearnRunningStatus	4	static
../App/model/APC_Learn.c:317:6:setLearnRunningStatus	16	static
../App/model/APC_Learn.c:322:30:getLearnDatasetPresentStatus	4	static
../App/model/APC_Learn.c:326:6:setLearnDatasetPresentStatus	16	static
../App/model/APC_Learn.c:331:21:getLearnAbortStatus	4	static
../App/model/APC_Learn.c:335:6:setLearnAbortStatus	16	static
../App/model/APC_Learn.c:340:28:getLearnOpenPressureStatus	4	static
../App/model/APC_Learn.c:344:6:setLearnOpenPressureStatus	16	static
../App/model/APC_Learn.c:349:29:getLearnClosePressureStatus	4	static
../App/model/APC_Learn.c:353:6:setLearnClosePressureStatus	16	static
../App/model/APC_Learn.c:358:31:getLearnPressureRaisingStatus	4	static
../App/model/APC_Learn.c:362:6:setLearnPressureRaisingStatus	16	static
../App/model/APC_Learn.c:367:33:getLearnPressureStabilityStatus	4	static
../App/model/APC_Learn.c:371:6:setLearnPressureStabilityStatus	16	static
../App/model/APC_Learn.c:377:10:getLearnPressureLimit	4	static
../App/model/APC_Learn.c:381:6:setLearnPressureLimit	16	static
../App/model/APC_Learn.c:388:6:getLearnData	16	static
../App/model/APC_Learn.c:396:6:setLearnData	16	static
../App/model/APC_Learn.c:403:5:getLearnMinConductance	4	static
../App/model/APC_Learn.c:408:6:setLearnMinConductance	16	static
../App/model/APC_Learn.c:413:5:getLearnRecommendedGasFlow	4	static
../App/model/APC_Learn.c:417:6:setLearnRecommendedGasFlow	16	static
../App/model/APC_Learn.c:425:6:checkLearnCondition	32	static
../App/model/APC_Learn.c:445:7:findNearestValvePositionFromLearnData	56	static
