../Hil_DemoApp/Sources/App_SystemPackets.c:54:6:App_SysPkt_AssembleRegisterAppReq	8	static
../Hil_DemoApp/Sources/App_SystemPackets.c:69:6:App_SysPkt_AssembleChannelInitReq	8	static
../Hil_DemoApp/Sources/App_SystemPackets.c:86:6:App_SysPkt_AssembleStartStopCommReq	16	static
../Hil_DemoApp/Sources/App_SystemPackets.c:107:6:App_SysPkt_AssembleSetMacAddressReq	16	static
../Hil_DemoApp/Sources/App_SystemPackets.c:140:6:App_SysPkt_AssembleFirmwareIdentifyReq	16	static
../Hil_DemoApp/Sources/App_SystemPackets.c:161:6:App_SysPkt_HandleFirmwareIdentifyCnf	0	static
../Hil_DemoApp/Sources/App_SystemPackets.c:190:6:App_SysPkt_AssembleFirmwareResetReq	24	static
../Hil_DemoApp/Sources/App_SystemPackets.c:217:6:App_SysPkt_AssembleHardwareInfoReq	8	static
../Hil_DemoApp/Sources/App_SystemPackets.c:234:6:App_SysPkt_HandleHardwareInfoCnf	0	static
../Hil_DemoApp/Sources/App_SystemPackets.c:257:9:App_SysPkt_HandleLinkStatusChangeInd	8	static
../Hil_DemoApp/Sources/App_SystemPackets.c:283:10:App_SysPkt_ChannelInit	16	static
../Hil_DemoApp/Sources/App_SystemPackets.c:292:10:App_SysPkt_DeleteConfig	8	static
