../Hil_DemoApp/Sources/App_PacketCommunication.c:297:1:Pkt_QueueConfirmation	8	static
../Hil_DemoApp/Sources/App_PacketCommunication.c:322:13:Pkt_GetPacketFromQueue	16	static
../Hil_DemoApp/Sources/App_PacketCommunication.c:348:13:Pkt_TryDequeConfirmation	24	static
../Hil_DemoApp/Sources/App_PacketCommunication.c:380:1:Pkt_DispatchIndication	8	static
../Hil_DemoApp/Sources/App_PacketCommunication.c:91:6:Pkt_Init	24	static
../Hil_DemoApp/Sources/App_PacketCommunication.c:128:6:Pkt_Deinit	16	static
../Hil_DemoApp/Sources/App_PacketCommunication.c:213:1:Pkt_SendPacket	8	static
../Hil_DemoApp/Sources/App_PacketCommunication.c:246:1:Pkt_ReceivePacket	8	static
../Hil_DemoApp/Sources/App_PacketCommunication.c:271:1:Pkt_RegisterIndicationHandler	0	static
../Hil_DemoApp/Sources/App_PacketCommunication.c:397:1:Pkt_CheckReceiveMailbox	24	static
../Hil_DemoApp/Sources/App_PacketCommunication.c:436:1:Pkt_SendReceivePacket	40	static
