../Drivers/STM32F7xx_HAL_Driver/Src/stm32f7xx_hal_spi.c:3971:26:SPI_WaitFlagStateUntilTimeout	40	static
../Drivers/STM32F7xx_HAL_Driver/Src/stm32f7xx_hal_spi.c:4040:26:SPI_WaitFifoStateUntilTimeout	40	static
../Drivers/STM32F7xx_HAL_Driver/Src/stm32f7xx_hal_spi.c:4179:26:SPI_EndRxTxTransaction	32	static
../Drivers/STM32F7xx_HAL_Driver/Src/stm32f7xx_hal_spi.c:4120:26:SPI_EndRxTransaction	32	static
../Drivers/STM32F7xx_HAL_Driver/Src/stm32f7xx_hal_spi.c:4417:13:SPI_AbortRx_ISR	24	static
../Drivers/STM32F7xx_HAL_Driver/Src/stm32f7xx_hal_spi.c:4461:13:SPI_AbortTx_ISR	24	static
../Drivers/STM32F7xx_HAL_Driver/Src/stm32f7xx_hal_spi.c:535:13:HAL_SPI_MspInit	56	static
../Drivers/STM32F7xx_HAL_Driver/Src/stm32f7xx_hal_spi.c:316:19:HAL_SPI_Init	8	static
../Drivers/STM32F7xx_HAL_Driver/Src/stm32f7xx_hal_spi.c:589:13:HAL_SPI_MspDeInit	8	static
../Drivers/STM32F7xx_HAL_Driver/Src/stm32f7xx_hal_spi.c:491:19:HAL_SPI_DeInit	8	static
../Drivers/STM32F7xx_HAL_Driver/Src/stm32f7xx_hal_spi.c:879:19:HAL_SPI_Transmit	40	static
../Drivers/STM32F7xx_HAL_Driver/Src/stm32f7xx_hal_spi.c:1304:19:HAL_SPI_TransmitReceive	32	static
../Drivers/STM32F7xx_HAL_Driver/Src/stm32f7xx_hal_spi.c:1064:19:HAL_SPI_Receive	40	static
../Drivers/STM32F7xx_HAL_Driver/Src/stm32f7xx_hal_spi.c:1613:19:HAL_SPI_Transmit_IT	0	static
../Drivers/STM32F7xx_HAL_Driver/Src/stm32f7xx_hal_spi.c:1805:19:HAL_SPI_TransmitReceive_IT	4	static
../Drivers/STM32F7xx_HAL_Driver/Src/stm32f7xx_hal_spi.c:1698:19:HAL_SPI_Receive_IT	8	static
../Drivers/STM32F7xx_HAL_Driver/Src/stm32f7xx_hal_spi.c:1914:19:HAL_SPI_Transmit_DMA	16	static
../Drivers/STM32F7xx_HAL_Driver/Src/stm32f7xx_hal_spi.c:2184:19:HAL_SPI_TransmitReceive_DMA	16	static
../Drivers/STM32F7xx_HAL_Driver/Src/stm32f7xx_hal_spi.c:2039:19:HAL_SPI_Receive_DMA	16	static
../Drivers/STM32F7xx_HAL_Driver/Src/stm32f7xx_hal_spi.c:2376:19:HAL_SPI_Abort	32	static
../Drivers/STM32F7xx_HAL_Driver/Src/stm32f7xx_hal_spi.c:2697:19:HAL_SPI_DMAPause	0	static
../Drivers/STM32F7xx_HAL_Driver/Src/stm32f7xx_hal_spi.c:2717:19:HAL_SPI_DMAResume	0	static
../Drivers/STM32F7xx_HAL_Driver/Src/stm32f7xx_hal_spi.c:2737:19:HAL_SPI_DMAStop	16	static
../Drivers/STM32F7xx_HAL_Driver/Src/stm32f7xx_hal_spi.c:2884:13:HAL_SPI_TxCpltCallback	0	static
../Drivers/STM32F7xx_HAL_Driver/Src/stm32f7xx_hal_spi.c:2900:13:HAL_SPI_RxCpltCallback	0	static
../Drivers/STM32F7xx_HAL_Driver/Src/stm32f7xx_hal_spi.c:2916:13:HAL_SPI_TxRxCpltCallback	0	static
../Drivers/STM32F7xx_HAL_Driver/Src/stm32f7xx_hal_spi.c:2932:13:HAL_SPI_TxHalfCpltCallback	0	static
../Drivers/STM32F7xx_HAL_Driver/Src/stm32f7xx_hal_spi.c:3344:13:SPI_DMAHalfTransmitCplt	8	static
../Drivers/STM32F7xx_HAL_Driver/Src/stm32f7xx_hal_spi.c:2948:13:HAL_SPI_RxHalfCpltCallback	0	static
../Drivers/STM32F7xx_HAL_Driver/Src/stm32f7xx_hal_spi.c:3362:13:SPI_DMAHalfReceiveCplt	8	static
../Drivers/STM32F7xx_HAL_Driver/Src/stm32f7xx_hal_spi.c:2964:13:HAL_SPI_TxRxHalfCpltCallback	0	static
../Drivers/STM32F7xx_HAL_Driver/Src/stm32f7xx_hal_spi.c:3380:13:SPI_DMAHalfTransmitReceiveCplt	8	static
../Drivers/STM32F7xx_HAL_Driver/Src/stm32f7xx_hal_spi.c:2980:13:HAL_SPI_ErrorCallback	0	static
../Drivers/STM32F7xx_HAL_Driver/Src/stm32f7xx_hal_spi.c:4368:13:SPI_CloseTx_ISR	16	static
../Drivers/STM32F7xx_HAL_Driver/Src/stm32f7xx_hal_spi.c:3916:13:SPI_TxISR_8BIT	8	static
../Drivers/STM32F7xx_HAL_Driver/Src/stm32f7xx_hal_spi.c:3941:13:SPI_TxISR_16BIT	8	static
../Drivers/STM32F7xx_HAL_Driver/Src/stm32f7xx_hal_spi.c:4311:13:SPI_CloseRx_ISR	8	static
../Drivers/STM32F7xx_HAL_Driver/Src/stm32f7xx_hal_spi.c:3827:13:SPI_RxISR_8BIT	8	static
../Drivers/STM32F7xx_HAL_Driver/Src/stm32f7xx_hal_spi.c:3883:13:SPI_RxISR_16BIT	8	static
../Drivers/STM32F7xx_HAL_Driver/Src/stm32f7xx_hal_spi.c:4234:13:SPI_CloseRxTx_ISR	8	static
../Drivers/STM32F7xx_HAL_Driver/Src/stm32f7xx_hal_spi.c:3659:13:SPI_2linesTxISR_8BIT	8	static
../Drivers/STM32F7xx_HAL_Driver/Src/stm32f7xx_hal_spi.c:3574:13:SPI_2linesRxISR_8BIT	8	static
../Drivers/STM32F7xx_HAL_Driver/Src/stm32f7xx_hal_spi.c:3762:13:SPI_2linesTxISR_16BIT	8	static
../Drivers/STM32F7xx_HAL_Driver/Src/stm32f7xx_hal_spi.c:3706:13:SPI_2linesRxISR_16BIT	8	static
../Drivers/STM32F7xx_HAL_Driver/Src/stm32f7xx_hal_spi.c:3398:13:SPI_DMAError	8	static
../Drivers/STM32F7xx_HAL_Driver/Src/stm32f7xx_hal_spi.c:3070:13:SPI_DMATransmitCplt	24	static
../Drivers/STM32F7xx_HAL_Driver/Src/stm32f7xx_hal_spi.c:3127:13:SPI_DMAReceiveCplt	16	static
../Drivers/STM32F7xx_HAL_Driver/Src/stm32f7xx_hal_spi.c:3244:13:SPI_DMATransmitReceiveCplt	16	static
../Drivers/STM32F7xx_HAL_Driver/Src/stm32f7xx_hal_spi.c:2777:6:HAL_SPI_IRQHandler	24	static
../Drivers/STM32F7xx_HAL_Driver/Src/stm32f7xx_hal_spi.c:3421:13:SPI_DMAAbortOnError	8	static
../Drivers/STM32F7xx_HAL_Driver/Src/stm32f7xx_hal_spi.c:2998:13:HAL_SPI_AbortCpltCallback	0	static
../Drivers/STM32F7xx_HAL_Driver/Src/stm32f7xx_hal_spi.c:2536:19:HAL_SPI_Abort_IT	32	static
../Drivers/STM32F7xx_HAL_Driver/Src/stm32f7xx_hal_spi.c:3509:13:SPI_DMARxAbortCallback	32	static
../Drivers/STM32F7xx_HAL_Driver/Src/stm32f7xx_hal_spi.c:3443:13:SPI_DMATxAbortCallback	24	static
../Drivers/STM32F7xx_HAL_Driver/Src/stm32f7xx_hal_spi.c:3033:22:HAL_SPI_GetState	0	static
../Drivers/STM32F7xx_HAL_Driver/Src/stm32f7xx_hal_spi.c:3045:10:HAL_SPI_GetError	0	static
