Archive member included to satisfy reference by file (symbol)

C:/ST/STM32CubeIDE_1.13.1/STM32CubeIDE/plugins/com.st.stm32cube.ide.mcu.externaltools.gnu-tools-for-stm32.11.3.rel1.win32_1.1.0.202305231506/tools/bin/../lib/gcc/arm-none-eabi/11.3.1/../../../../arm-none-eabi/lib/thumb/v7e-m+dp/hard\libc_nano.a(libc_a-assert.o)
                              ./Hil_DemoApp/Sources/App_PacketCommunication.o (__assert_func)
C:/ST/STM32CubeIDE_1.13.1/STM32CubeIDE/plugins/com.st.stm32cube.ide.mcu.externaltools.gnu-tools-for-stm32.11.3.rel1.win32_1.1.0.202305231506/tools/bin/../lib/gcc/arm-none-eabi/11.3.1/../../../../arm-none-eabi/lib/thumb/v7e-m+dp/hard\libc_nano.a(libc_a-calloc.o)
                              ./Hil_DemoApp/Sources/App_DemoApplication.o (calloc)
C:/ST/STM32CubeIDE_1.13.1/STM32CubeIDE/plugins/com.st.stm32cube.ide.mcu.externaltools.gnu-tools-for-stm32.11.3.rel1.win32_1.1.0.202305231506/tools/bin/../lib/gcc/arm-none-eabi/11.3.1/../../../../arm-none-eabi/lib/thumb/v7e-m+dp/hard\libc_nano.a(libc_a-callocr.o)
                              C:/ST/STM32CubeIDE_1.13.1/STM32CubeIDE/plugins/com.st.stm32cube.ide.mcu.externaltools.gnu-tools-for-stm32.11.3.rel1.win32_1.1.0.202305231506/tools/bin/../lib/gcc/arm-none-eabi/11.3.1/../../../../arm-none-eabi/lib/thumb/v7e-m+dp/hard\libc_nano.a(libc_a-calloc.o) (_calloc_r)
C:/ST/STM32CubeIDE_1.13.1/STM32CubeIDE/plugins/com.st.stm32cube.ide.mcu.externaltools.gnu-tools-for-stm32.11.3.rel1.win32_1.1.0.202305231506/tools/bin/../lib/gcc/arm-none-eabi/11.3.1/../../../../arm-none-eabi/lib/thumb/v7e-m+dp/hard\libc_nano.a(libc_a-exit.o)
                              C:/ST/STM32CubeIDE_1.13.1/STM32CubeIDE/plugins/com.st.stm32cube.ide.mcu.externaltools.gnu-tools-for-stm32.11.3.rel1.win32_1.1.0.202305231506/tools/bin/../lib/gcc/arm-none-eabi/11.3.1/../../../../arm-none-eabi/lib/thumb/v7e-m+dp/hard/crt0.o (exit)
C:/ST/STM32CubeIDE_1.13.1/STM32CubeIDE/plugins/com.st.stm32cube.ide.mcu.externaltools.gnu-tools-for-stm32.11.3.rel1.win32_1.1.0.202305231506/tools/bin/../lib/gcc/arm-none-eabi/11.3.1/../../../../arm-none-eabi/lib/thumb/v7e-m+dp/hard\libc_nano.a(libc_a-malloc.o)
                              ./Hil_cifXToolkit/OSAbstraction/OS_Custom_STM32.o (malloc)
C:/ST/STM32CubeIDE_1.13.1/STM32CubeIDE/plugins/com.st.stm32cube.ide.mcu.externaltools.gnu-tools-for-stm32.11.3.rel1.win32_1.1.0.202305231506/tools/bin/../lib/gcc/arm-none-eabi/11.3.1/../../../../arm-none-eabi/lib/thumb/v7e-m+dp/hard\libc_nano.a(libc_a-mallocr.o)
                              C:/ST/STM32CubeIDE_1.13.1/STM32CubeIDE/plugins/com.st.stm32cube.ide.mcu.externaltools.gnu-tools-for-stm32.11.3.rel1.win32_1.1.0.202305231506/tools/bin/../lib/gcc/arm-none-eabi/11.3.1/../../../../arm-none-eabi/lib/thumb/v7e-m+dp/hard\libc_nano.a(libc_a-callocr.o) (_malloc_r)
C:/ST/STM32CubeIDE_1.13.1/STM32CubeIDE/plugins/com.st.stm32cube.ide.mcu.externaltools.gnu-tools-for-stm32.11.3.rel1.win32_1.1.0.202305231506/tools/bin/../lib/gcc/arm-none-eabi/11.3.1/../../../../arm-none-eabi/lib/thumb/v7e-m+dp/hard\libc_nano.a(libc_a-mlock.o)
                              C:/ST/STM32CubeIDE_1.13.1/STM32CubeIDE/plugins/com.st.stm32cube.ide.mcu.externaltools.gnu-tools-for-stm32.11.3.rel1.win32_1.1.0.202305231506/tools/bin/../lib/gcc/arm-none-eabi/11.3.1/../../../../arm-none-eabi/lib/thumb/v7e-m+dp/hard\libc_nano.a(libc_a-mallocr.o) (__malloc_lock)
C:/ST/STM32CubeIDE_1.13.1/STM32CubeIDE/plugins/com.st.stm32cube.ide.mcu.externaltools.gnu-tools-for-stm32.11.3.rel1.win32_1.1.0.202305231506/tools/bin/../lib/gcc/arm-none-eabi/11.3.1/../../../../arm-none-eabi/lib/thumb/v7e-m+dp/hard\libc_nano.a(libc_a-realloc.o)
                              ./Hil_cifXToolkit/OSAbstraction/OS_Custom_STM32.o (realloc)
C:/ST/STM32CubeIDE_1.13.1/STM32CubeIDE/plugins/com.st.stm32cube.ide.mcu.externaltools.gnu-tools-for-stm32.11.3.rel1.win32_1.1.0.202305231506/tools/bin/../lib/gcc/arm-none-eabi/11.3.1/../../../../arm-none-eabi/lib/thumb/v7e-m+dp/hard\libc_nano.a(libc_a-reallocr.o)
                              C:/ST/STM32CubeIDE_1.13.1/STM32CubeIDE/plugins/com.st.stm32cube.ide.mcu.externaltools.gnu-tools-for-stm32.11.3.rel1.win32_1.1.0.202305231506/tools/bin/../lib/gcc/arm-none-eabi/11.3.1/../../../../arm-none-eabi/lib/thumb/v7e-m+dp/hard\libc_nano.a(libc_a-realloc.o) (_realloc_r)
C:/ST/STM32CubeIDE_1.13.1/STM32CubeIDE/plugins/com.st.stm32cube.ide.mcu.externaltools.gnu-tools-for-stm32.11.3.rel1.win32_1.1.0.202305231506/tools/bin/../lib/gcc/arm-none-eabi/11.3.1/../../../../arm-none-eabi/lib/thumb/v7e-m+dp/hard\libc_nano.a(libc_a-findfp.o)
                              C:/ST/STM32CubeIDE_1.13.1/STM32CubeIDE/plugins/com.st.stm32cube.ide.mcu.externaltools.gnu-tools-for-stm32.11.3.rel1.win32_1.1.0.202305231506/tools/bin/../lib/gcc/arm-none-eabi/11.3.1/../../../../arm-none-eabi/lib/thumb/v7e-m+dp/hard\libc_nano.a(libc_a-exit.o) (__stdio_exit_handler)
[...]
Memory Configuration

Name             Origin             Length             Attributes
RAM              0x0000000020000000 0x0000000000080000 xrw
FLASH            0x0000000008000000 0x0000000000200000 xr
*default*        0x0000000000000000 0xffffffffffffffff

Linker script and memory map

LOAD C:/ST/STM32CubeIDE_1.13.1/STM32CubeIDE/plugins/com.st.stm32cube.ide.mcu.externaltools.gnu-tools-for-stm32.11.3.rel1.win32_1.1.0.202305231506/tools/bin/../lib/gcc/arm-none-eabi/11.3.1/thumb/v7e-m+dp/hard/crti.o
LOAD C:/ST/STM32CubeIDE_1.13.1/STM32CubeIDE/plugins/com.st.stm32cube.ide.mcu.externaltools.gnu-tools-for-stm32.11.3.rel1.win32_1.1.0.202305231506/tools/bin/../lib/gcc/arm-none-eabi/11.3.1/thumb/v7e-m+dp/hard/crtbegin.o
LOAD C:/ST/STM32CubeIDE_1.13.1/STM32CubeIDE/plugins/com.st.stm32cube.ide.mcu.externaltools.gnu-tools-for-stm32.11.3.rel1.win32_1.1.0.202305231506/tools/bin/../lib/gcc/arm-none-eabi/11.3.1/../../../../arm-none-eabi/lib/thumb/v7e-m+dp/hard/crt0.o
LOAD ./Core/Src/main.o
LOAD ./Core/Src/stm32f7xx_hal_msp.o
LOAD ./Core/Src/stm32f7xx_it.o
LOAD ./Core/Src/syscalls.o
LOAD ./Core/Src/sysmem.o
LOAD ./Core/Src/system_stm32f7xx.o
LOAD ./Core/Startup/startup_stm32f767zitx.o
LOAD ./Drivers/STM32F7xx_HAL_Driver/Src/stm32f7xx_hal.o
LOAD ./Drivers/STM32F7xx_HAL_Driver/Src/stm32f7xx_hal_cortex.o
LOAD ./Drivers/STM32F7xx_HAL_Driver/Src/stm32f7xx_hal_dma.o
LOAD ./Drivers/STM32F7xx_HAL_Driver/Src/stm32f7xx_hal_dma_ex.o
LOAD ./Drivers/STM32F7xx_HAL_Driver/Src/stm32f7xx_hal_exti.o
LOAD ./Drivers/STM32F7xx_HAL_Driver/Src/stm32f7xx_hal_flash.o
LOAD ./Drivers/STM32F7xx_HAL_Driver/Src/stm32f7xx_hal_flash_ex.o
LOAD ./Drivers/STM32F7xx_HAL_Driver/Src/stm32f7xx_hal_gpio.o
LOAD ./Drivers/STM32F7xx_HAL_Driver/Src/stm32f7xx_hal_i2c.o
LOAD ./Drivers/STM32F7xx_HAL_Driver/Src/stm32f7xx_hal_i2c_ex.o
LOAD ./Drivers/STM32F7xx_HAL_Driver/Src/stm32f7xx_hal_pwr.o
LOAD ./Drivers/STM32F7xx_HAL_Driver/Src/stm32f7xx_hal_pwr_ex.o
LOAD ./Drivers/STM32F7xx_HAL_Driver/Src/stm32f7xx_hal_rcc.o
LOAD ./Drivers/STM32F7xx_HAL_Driver/Src/stm32f7xx_hal_rcc_ex.o
LOAD ./Drivers/STM32F7xx_HAL_Driver/Src/stm32f7xx_hal_spi.o
LOAD ./Drivers/STM32F7xx_HAL_Driver/Src/stm32f7xx_hal_spi_ex.o
LOAD ./Drivers/STM32F7xx_HAL_Driver/Src/stm32f7xx_hal_tim.o
LOAD ./Drivers/STM32F7xx_HAL_Driver/Src/stm32f7xx_hal_tim_ex.o
LOAD ./Hil_DemoApp/Sources/App_DemoApplication.o
LOAD ./Hil_DemoApp/Sources/App_PacketCommunication.o
LOAD ./Hil_DemoApp/Sources/App_SystemPackets.o
LOAD ./Hil_DemoAppDNS/Sources/AppDNS_DemoApplication.o
LOAD ./Hil_DemoAppDNS/Sources/AppDNS_DemoApplicationFunctions.o
LOAD ./Hil_cifXToolkit/OSAbstraction/OS_Custom_STM32.o
LOAD ./Hil_cifXToolkit/OSAbstraction/OS_SPICustom_STM32.o
LOAD ./Hil_cifXToolkit/SerialDPM/SerialDPMInterface.o
LOAD ./Hil_cifXToolkit/Source/Hilcrc32.o
LOAD ./Hil_cifXToolkit/Source/Hilmd5.o
LOAD ./Hil_cifXToolkit/Source/cifXDownload.o
LOAD ./Hil_cifXToolkit/Source/cifXEndianess.o
LOAD ./Hil_cifXToolkit/Source/cifXFunctions.o
LOAD ./Hil_cifXToolkit/Source/cifXHWFunctions.o
LOAD ./Hil_cifXToolkit/Source/cifXInit.o
LOAD ./Hil_cifXToolkit/Source/cifXInterrupt.o
LOAD ./Hil_cifXToolkit/Source/netX5x_hboot.o
LOAD ./Hil_cifXToolkit/Source/netX5xx_hboot.o
LOAD ./Hil_cifXToolkit/Source/netX90_netX4x00.o
LOAD ./Hil_cifXToolkit/User/TKitUser_Custom_STM32.o
START GROUP
LOAD C:/ST/STM32CubeIDE_1.13.1/STM32CubeIDE/plugins/com.st.stm32cube.ide.mcu.externaltools.gnu-tools-for-stm32.11.3.rel1.win32_1.1.0.202305231506/tools/bin/../lib/gcc/arm-none-eabi/11.3.1/../../../../arm-none-eabi/lib/thumb/v7e-m+dp/hard\libc_nano.a
LOAD C:/ST/STM32CubeIDE_1.13.1/STM32CubeIDE/plugins/com.st.stm32cube.ide.mcu.externaltools.gnu-tools-for-stm32.11.3.rel1.win32_1.1.0.202305231506/tools/bin/../lib/gcc/arm-none-eabi/11.3.1/../../../../arm-none-eabi/lib/thumb/v7e-m+dp/hard\libm.a
END GROUP
START GROUP
LOAD C:/ST/STM32CubeIDE_1.13.1/STM32CubeIDE/plugins/com.st.stm32cube.ide.mcu.externaltools.gnu-tools-for-stm32.11.3.rel1.win32_1.1.0.202305231506/tools/bin/../lib/gcc/arm-none-eabi/11.3.1/thumb/v7e-m+dp/hard\libgcc.a
LOAD C:/ST/STM32CubeIDE_1.13.1/STM32CubeIDE/plugins/com.st.stm32cube.ide.mcu.externaltools.gnu-tools-for-stm32.11.3.rel1.win32_1.1.0.202305231506/tools/bin/../lib/gcc/arm-none-eabi/11.3.1/../../../../arm-none-eabi/lib/thumb/v7e-m+dp/hard\libc_nano.a
END GROUP
START GROUP
LOAD C:/ST/STM32CubeIDE_1.13.1/STM32CubeIDE/plugins/com.st.stm32cube.ide.mcu.externaltools.gnu-tools-for-stm32.11.3.rel1.win32_1.1.0.202305231506/tools/bin/../lib/gcc/arm-none-eabi/11.3.1/thumb/v7e-m+dp/hard\libgcc.a
LOAD C:/ST/STM32CubeIDE_1.13.1/STM32CubeIDE/plugins/com.st.stm32cube.ide.mcu.externaltools.gnu-tools-for-stm32.11.3.rel1.win32_1.1.0.202305231506/tools/bin/../lib/gcc/arm-none-eabi/11.3.1/../../../../arm-none-eabi/lib/thumb/v7e-m+dp/hard\libc_nano.a
LOAD C:/ST/STM32CubeIDE_1.13.1/STM32CubeIDE/plugins/com.st.stm32cube.ide.mcu.externaltools.gnu-tools-for-stm32.11.3.rel1.win32_1.1.0.202305231506/tools/bin/../lib/gcc/arm-none-eabi/11.3.1/../../../../arm-none-eabi/lib/thumb/v7e-m+dp/hard\libnosys.a
END GROUP
START GROUP
LOAD C:/ST/STM32CubeIDE_1.13.1/STM32CubeIDE/plugins/com.st.stm32cube.ide.mcu.externaltools.gnu-tools-for-stm32.11.3.rel1.win32_1.1.0.202305231506/tools/bin/../lib/gcc/arm-none-eabi/11.3.1/thumb/v7e-m+dp/hard\libgcc.a
LOAD C:/ST/STM32CubeIDE_1.13.1/STM32CubeIDE/plugins/com.st.stm32cube.ide.mcu.externaltools.gnu-tools-for-stm32.11.3.rel1.win32_1.1.0.202305231506/tools/bin/../lib/gcc/arm-none-eabi/11.3.1/../../../../arm-none-eabi/lib/thumb/v7e-m+dp/hard\libc_nano.a
LOAD C:/ST/STM32CubeIDE_1.13.1/STM32CubeIDE/plugins/com.st.stm32cube.ide.mcu.externaltools.gnu-tools-for-stm32.11.3.rel1.win32_1.1.0.202305231506/tools/bin/../lib/gcc/arm-none-eabi/11.3.1/../../../../arm-none-eabi/lib/thumb/v7e-m+dp/hard\libnosys.a
END GROUP
LOAD C:/ST/STM32CubeIDE_1.13.1/STM32CubeIDE/plugins/com.st.stm32cube.ide.mcu.externaltools.gnu-tools-for-stm32.11.3.rel1.win32_1.1.0.202305231506/tools/bin/../lib/gcc/arm-none-eabi/11.3.1/thumb/v7e-m+dp/hard/crtend.o
LOAD C:/ST/STM32CubeIDE_1.13.1/STM32CubeIDE/plugins/com.st.stm32cube.ide.mcu.externaltools.gnu-tools-for-stm32.11.3.rel1.win32_1.1.0.202305231506/tools/bin/../lib/gcc/arm-none-eabi/11.3.1/thumb/v7e-m+dp/hard/crtn.o
                0x0000000020080000                _estack = (ORIGIN (RAM) + LENGTH (RAM))
                0x0000000000000200                _Min_Heap_Size = 0x200
                0x0000000000000400                _Min_Stack_Size = 0x400

.isr_vector     0x0000000008000000      0x1f8
                0x0000000008000000                . = ALIGN (0x4)
 *(.isr_vector)
 .isr_vector    0x0000000008000000      0x1f8 ./Core/Startup/startup_stm32f767zitx.o
                0x0000000008000000                g_pfnVectors
                0x00000000080001f8                . = ALIGN (0x4)

.text           0x0000000008000200     0xa554
                0x0000000008000200                . = ALIGN (0x4)
 *(.text)
 .text          0x0000000008000200       0x40 C:/ST/STM32CubeIDE_1.13.1/STM32CubeIDE/plugins/com.st.stm32cube.ide.mcu.externaltools.gnu-tools-for-stm32.11.3.rel1.win32_1.1.0.202305231506/tools/bin/../lib/gcc/arm-none-eabi/11.3.1/thumb/v7e-m+dp/hard/crtbegin.o
 .text          0x0000000008000240       0x14 C:/ST/STM32CubeIDE_1.13.1/STM32CubeIDE/plugins/com.st.stm32cube.ide.mcu.externaltools.gnu-tools-for-stm32.11.3.rel1.win32_1.1.0.202305231506/tools/bin/../lib/gcc/arm-none-eabi/11.3.1/../../../../arm-none-eabi/lib/thumb/v7e-m+dp/hard\libc_nano.a(libc_a-strcmp.o)
                0x0000000008000240                strcmp
 .text          0x0000000008000254       0x10 C:/ST/STM32CubeIDE_1.13.1/STM32CubeIDE/plugins/com.st.stm32cube.ide.mcu.externaltools.gnu-tools-for-stm32.11.3.rel1.win32_1.1.0.202305231506/tools/bin/../lib/gcc/arm-none-eabi/11.3.1/../../../../arm-none-eabi/lib/thumb/v7e-m+dp/hard\libc_nano.a(libc_a-strlen.o)
                0x0000000008000254                strlen
 *fill*         0x0000000008000264        0xc 
 .text          0x0000000008000270       0xa0 C:/ST/STM32CubeIDE_1.13.1/STM32CubeIDE/plugins/com.st.stm32cube.ide.mcu.externaltools.gnu-tools-for-stm32.11.3.rel1.win32_1.1.0.202305231506/tools/bin/../lib/gcc/arm-none-eabi/11.3.1/../../../../arm-none-eabi/lib/thumb/v7e-m+dp/hard\libc_nano.a(libc_a-memchr.o)
                0x0000000008000270                memchr
 .text          0x0000000008000310       0x30 C:/ST/STM32CubeIDE_1.13.1/STM32CubeIDE/plugins/com.st.stm32cube.ide.mcu.externaltools.gnu-tools-for-stm32.11.3.rel1.win32_1.1.0.202305231506/tools/bin/../lib/gcc/arm-none-eabi/11.3.1/thumb/v7e-m+dp/hard\libgcc.a(_aeabi_uldivmod.o)
                0x0000000008000310                __aeabi_uldivmod
 .text          0x0000000008000340      0x2c8 C:/ST/STM32CubeIDE_1.13.1/STM32CubeIDE/plugins/com.st.stm32cube.ide.mcu.externaltools.gnu-tools-for-stm32.11.3.rel1.win32_1.1.0.202305231506/tools/bin/../lib/gcc/arm-none-eabi/11.3.1/thumb/v7e-m+dp/hard\libgcc.a(_udivmoddi4.o)
                0x0000000008000340                __udivmoddi4
 .text          0x0000000008000608        0x4 C:/ST/STM32CubeIDE_1.13.1/STM32CubeIDE/plugins/com.st.stm32cube.ide.mcu.externaltools.gnu-tools-for-stm32.11.3.rel1.win32_1.1.0.202305231506/tools/bin/../lib/gcc/arm-none-eabi/11.3.1/thumb/v7e-m+dp/hard\libgcc.a(_dvmd_tls.o)
                0x0000000008000608                __aeabi_idiv0
                0x0000000008000608                __aeabi_ldiv0
 *(.text*)
 .text.MX_GPIO_Init
                0x000000000800060c       0xe8 ./Core/Src/main.o
 .text.isCookieAvailable
                0x00000000080006f4       0x74 ./Core/Src/main.o
 .text.InitializeToolkit
                0x0000000008000768       0x7c ./Core/Src/main.o
 .text.Error_Handler
                0x00000000080007e4        0x4 ./Core/Src/main.o
                0x00000000080007e4                Error_Handler
 .text.MX_SPI1_Init
                0x00000000080007e8       0x8c ./Core/Src/main.o
 .text.SystemClock_Config
                0x0000000008000874       0xb4 ./Core/Src/main.o
                0x0000000008000874                SystemClock_Config
 .text.main     0x0000000008000928       0x28 ./Core/Src/main.o
                0x0000000008000928                main
 .text.HAL_MspInit
                0x0000000008000950       0x30 ./Core/Src/stm32f7xx_hal_msp.o
                0x0000000008000950                HAL_MspInit
 .text.HAL_SPI_MspInit
                0x0000000008000980       0xb8 ./Core/Src/stm32f7xx_hal_msp.o
                0x0000000008000980                HAL_SPI_MspInit
 .text.NMI_Handler
                0x0000000008000a38        0x2 ./Core/Src/stm32f7xx_it.o
                0x0000000008000a38                NMI_Handler
 .text.HardFault_Handler
                0x0000000008000a3a        0x2 ./Core/Src/stm32f7xx_it.o
                0x0000000008000a3a                HardFault_Handler
 .text.MemManage_Handler
                0x0000000008000a3c        0x2 ./Core/Src/stm32f7xx_it.o
                0x0000000008000a3c                MemManage_Handler
 .text.BusFault_Handler
                0x0000000008000a3e        0x2 ./Core/Src/stm32f7xx_it.o
                0x0000000008000a3e                BusFault_Handler
 .text.UsageFault_Handler
                0x0000000008000a40        0x2 ./Core/Src/stm32f7xx_it.o
                0x0000000008000a40                UsageFault_Handler
 .text.SVC_Handler
                0x0000000008000a42        0x2 ./Core/Src/stm32f7xx_it.o
                0x0000000008000a42                SVC_Handler
 .text.DebugMon_Handler
                0x0000000008000a44        0x2 ./Core/Src/stm32f7xx_it.o
                0x0000000008000a44                DebugMon_Handler
 .text.PendSV_Handler
                0x0000000008000a46        0x2 ./Core/Src/stm32f7xx_it.o
                0x0000000008000a46                PendSV_Handler
 .text.SysTick_Handler
                0x0000000008000a48        0x8 ./Core/Src/stm32f7xx_it.o
                0x0000000008000a48                SysTick_Handler
 .text.SPI1_IRQHandler
                0x0000000008000a50       0x10 ./Core/Src/stm32f7xx_it.o
                0x0000000008000a50                SPI1_IRQHandler
 .text._getpid  0x0000000008000a60        0x4 ./Core/Src/syscalls.o
                0x0000000008000a60                _getpid
 .text._kill    0x0000000008000a64       0x10 ./Core/Src/syscalls.o
                0x0000000008000a64                _kill
 .text._exit    0x0000000008000a74        0xc ./Core/Src/syscalls.o
                0x0000000008000a74                _exit
 .text._read    0x0000000008000a80       0x20 ./Core/Src/syscalls.o
                0x0000000008000a80                _read
 .text._write   0x0000000008000aa0       0x1c ./Core/Src/syscalls.o
                0x0000000008000aa0                _write
 .text._close   0x0000000008000abc        0x6 ./Core/Src/syscalls.o
                0x0000000008000abc                _close
 .text._fstat   0x0000000008000ac2        0xa ./Core/Src/syscalls.o
                0x0000000008000ac2                _fstat
 .text._isatty  0x0000000008000acc        0x4 ./Core/Src/syscalls.o
                0x0000000008000acc                _isatty
 .text._lseek   0x0000000008000ad0        0x4 ./Core/Src/syscalls.o
                0x0000000008000ad0                _lseek
 .text._sbrk    0x0000000008000ad4       0x48 ./Core/Src/sysmem.o
                0x0000000008000ad4                _sbrk
 .text.SystemInit
                0x0000000008000b1c       0x14 ./Core/Src/system_stm32f7xx.o
                0x0000000008000b1c                SystemInit
 .text.Reset_Handler
                0x0000000008000b30       0x50 ./Core/Startup/startup_stm32f767zitx.o
                0x0000000008000b30                Reset_Handler
 .text.Default_Handler
                0x0000000008000b80        0x2 ./Core/Startup/startup_stm32f767zitx.o
                0x0000000008000b80                RTC_Alarm_IRQHandler
                0x0000000008000b80                EXTI2_IRQHandler
                0x0000000008000b80                TIM8_CC_IRQHandler
                0x0000000008000b80                UART8_IRQHandler
                0x0000000008000b80                SPI4_IRQHandler
                0x0000000008000b80                TIM1_CC_IRQHandler
                0x0000000008000b80                DMA2_Stream5_IRQHandler
                0x0000000008000b80                JPEG_IRQHandler
                0x0000000008000b80                DMA1_Stream5_IRQHandler
                0x0000000008000b80                CAN3_RX1_IRQHandler
                0x0000000008000b80                PVD_IRQHandler
                0x0000000008000b80                TAMP_STAMP_IRQHandler
                0x0000000008000b80                CAN2_RX1_IRQHandler
                0x0000000008000b80                EXTI3_IRQHandler
                0x0000000008000b80                TIM8_TRG_COM_TIM14_IRQHandler
                0x0000000008000b80                DFSDM1_FLT1_IRQHandler
                0x0000000008000b80                TIM1_UP_TIM10_IRQHandler
                0x0000000008000b80                TIM8_UP_TIM13_IRQHandler
                0x0000000008000b80                I2C3_ER_IRQHandler
                0x0000000008000b80                DFSDM1_FLT2_IRQHandler
                0x0000000008000b80                EXTI0_IRQHandler
                0x0000000008000b80                I2C2_EV_IRQHandler
                0x0000000008000b80                DMA1_Stream2_IRQHandler
                0x0000000008000b80                CAN1_RX0_IRQHandler
                0x0000000008000b80                FPU_IRQHandler
                0x0000000008000b80                OTG_HS_WKUP_IRQHandler
                0x0000000008000b80                CAN3_SCE_IRQHandler
                0x0000000008000b80                LTDC_ER_IRQHandler
                0x0000000008000b80                CAN2_SCE_IRQHandler
                0x0000000008000b80                DMA2_Stream2_IRQHandler
                0x0000000008000b80                TIM6_DAC_IRQHandler
                0x0000000008000b80                TIM1_BRK_TIM9_IRQHandler
                0x0000000008000b80                DCMI_IRQHandler
                0x0000000008000b80                CAN2_RX0_IRQHandler
                0x0000000008000b80                DMA2_Stream3_IRQHandler
                0x0000000008000b80                SAI2_IRQHandler
                0x0000000008000b80                DFSDM1_FLT3_IRQHandler
                0x0000000008000b80                USART6_IRQHandler
                0x0000000008000b80                CAN3_RX0_IRQHandler
                0x0000000008000b80                USART3_IRQHandler
                0x0000000008000b80                CAN1_RX1_IRQHandler
                0x0000000008000b80                UART5_IRQHandler
                0x0000000008000b80                DMA2_Stream0_IRQHandler
                0x0000000008000b80                TIM4_IRQHandler
                0x0000000008000b80                QUADSPI_IRQHandler
                0x0000000008000b80                I2C1_EV_IRQHandler
                0x0000000008000b80                DMA1_Stream6_IRQHandler
                0x0000000008000b80                DMA1_Stream1_IRQHandler
                0x0000000008000b80                UART4_IRQHandler
                0x0000000008000b80                TIM3_IRQHandler
                0x0000000008000b80                RCC_IRQHandler
                0x0000000008000b80                TIM8_BRK_TIM12_IRQHandler
                0x0000000008000b80                Default_Handler
                0x0000000008000b80                CEC_IRQHandler
                0x0000000008000b80                EXTI15_10_IRQHandler
                0x0000000008000b80                ADC_IRQHandler
                0x0000000008000b80                DMA1_Stream7_IRQHandler
                0x0000000008000b80                SPI5_IRQHandler
                0x0000000008000b80                TIM7_IRQHandler
                0x0000000008000b80                SDMMC1_IRQHandler
                0x0000000008000b80                CAN2_TX_IRQHandler
                0x0000000008000b80                TIM5_IRQHandler
                0x0000000008000b80                DMA2_Stream7_IRQHandler
                0x0000000008000b80                I2C3_EV_IRQHandler
                0x0000000008000b80                EXTI9_5_IRQHandler
                0x0000000008000b80                RTC_WKUP_IRQHandler
                0x0000000008000b80                LTDC_IRQHandler
                0x0000000008000b80                ETH_WKUP_IRQHandler
                0x0000000008000b80                SPDIF_RX_IRQHandler
                0x0000000008000b80                SPI2_IRQHandler
                0x0000000008000b80                OTG_HS_EP1_IN_IRQHandler
                0x0000000008000b80                DMA1_Stream0_IRQHandler
                0x0000000008000b80                CAN1_TX_IRQHandler
                0x0000000008000b80                EXTI4_IRQHandler
                0x0000000008000b80                RNG_IRQHandler
                0x0000000008000b80                ETH_IRQHandler
                0x0000000008000b80                OTG_HS_EP1_OUT_IRQHandler
                0x0000000008000b80                WWDG_IRQHandler
                0x0000000008000b80                SPI6_IRQHandler
                0x0000000008000b80                MDIOS_IRQHandler
                0x0000000008000b80                I2C4_EV_IRQHandler
                0x0000000008000b80                CAN3_TX_IRQHandler
                0x0000000008000b80                TIM2_IRQHandler
                0x0000000008000b80                OTG_FS_WKUP_IRQHandler
                0x0000000008000b80                TIM1_TRG_COM_TIM11_IRQHandler
                0x0000000008000b80                OTG_HS_IRQHandler
                0x0000000008000b80                DMA2D_IRQHandler
                0x0000000008000b80                EXTI1_IRQHandler
                0x0000000008000b80                SDMMC2_IRQHandler
                0x0000000008000b80                UART7_IRQHandler
                0x0000000008000b80                USART2_IRQHandler
                0x0000000008000b80                DFSDM1_FLT0_IRQHandler
                0x0000000008000b80                I2C2_ER_IRQHandler
                0x0000000008000b80                DMA2_Stream1_IRQHandler
                0x0000000008000b80                CAN1_SCE_IRQHandler
                0x0000000008000b80                FLASH_IRQHandler
                0x0000000008000b80                DMA2_Stream4_IRQHandler
                0x0000000008000b80                USART1_IRQHandler
                0x0000000008000b80                OTG_FS_IRQHandler
                0x0000000008000b80                SPI3_IRQHandler
                0x0000000008000b80                DMA1_Stream4_IRQHandler
                0x0000000008000b80                I2C1_ER_IRQHandler
                0x0000000008000b80                FMC_IRQHandler
                0x0000000008000b80                LPTIM1_IRQHandler
                0x0000000008000b80                I2C4_ER_IRQHandler
                0x0000000008000b80                DMA2_Stream6_IRQHandler
                0x0000000008000b80                SAI1_IRQHandler
                0x0000000008000b80                DMA1_Stream3_IRQHandler
 *fill*         0x0000000008000b82        0x2 
 .text.HAL_InitTick
                0x0000000008000b84       0x4c ./Drivers/STM32F7xx_HAL_Driver/Src/stm32f7xx_hal.o
                0x0000000008000b84                HAL_InitTick
 .text.HAL_Init
                0x0000000008000bd0       0x24 ./Drivers/STM32F7xx_HAL_Driver/Src/stm32f7xx_hal.o
                0x0000000008000bd0                HAL_Init
 .text.HAL_IncTick
                0x0000000008000bf4       0x18 ./Drivers/STM32F7xx_HAL_Driver/Src/stm32f7xx_hal.o
                0x0000000008000bf4                HAL_IncTick
 .text.HAL_GetTick
                0x0000000008000c0c        0xc ./Drivers/STM32F7xx_HAL_Driver/Src/stm32f7xx_hal.o
                0x0000000008000c0c                HAL_GetTick
 .text.HAL_Delay
                0x0000000008000c18       0x28 ./Drivers/STM32F7xx_HAL_Driver/Src/stm32f7xx_hal.o
                0x0000000008000c18                HAL_Delay
 .text.HAL_NVIC_SetPriorityGrouping
                0x0000000008000c40       0x24 ./Drivers/STM32F7xx_HAL_Driver/Src/stm32f7xx_hal_cortex.o
                0x0000000008000c40                HAL_NVIC_SetPriorityGrouping
 .text.HAL_NVIC_SetPriority
                0x0000000008000c64       0x6c ./Drivers/STM32F7xx_HAL_Driver/Src/stm32f7xx_hal_cortex.o
                0x0000000008000c64                HAL_NVIC_SetPriority
 .text.HAL_NVIC_EnableIRQ
                0x0000000008000cd0       0x1c ./Drivers/STM32F7xx_HAL_Driver/Src/stm32f7xx_hal_cortex.o
                0x0000000008000cd0                HAL_NVIC_EnableIRQ
 .text.HAL_NVIC_DisableIRQ
                0x0000000008000cec       0x24 ./Drivers/STM32F7xx_HAL_Driver/Src/stm32f7xx_hal_cortex.o
                0x0000000008000cec                HAL_NVIC_DisableIRQ
 .text.HAL_SYSTICK_Config
                0x0000000008000d10       0x28 ./Drivers/STM32F7xx_HAL_Driver/Src/stm32f7xx_hal_cortex.o
                0x0000000008000d10                HAL_SYSTICK_Config
 .text.HAL_DMA_Abort_IT
                0x0000000008000d38       0x26 ./Drivers/STM32F7xx_HAL_Driver/Src/stm32f7xx_hal_dma.o
                0x0000000008000d38                HAL_DMA_Abort_IT
 *fill*         0x0000000008000d5e        0x2 
 .text.HAL_GPIO_Init
                0x0000000008000d60      0x204 ./Drivers/STM32F7xx_HAL_Driver/Src/stm32f7xx_hal_gpio.o
                0x0000000008000d60                HAL_GPIO_Init
 .text.HAL_GPIO_WritePin
                0x0000000008000f64        0xc ./Drivers/STM32F7xx_HAL_Driver/Src/stm32f7xx_hal_gpio.o
                0x0000000008000f64                HAL_GPIO_WritePin
 .text.HAL_PWR_EnableBkUpAccess
                0x0000000008000f70       0x10 ./Drivers/STM32F7xx_HAL_Driver/Src/stm32f7xx_hal_pwr.o
                0x0000000008000f70                HAL_PWR_EnableBkUpAccess
 .text.HAL_PWREx_EnableOverDrive
                0x0000000008000f80       0x7c ./Drivers/STM32F7xx_HAL_Driver/Src/stm32f7xx_hal_pwr_ex.o
                0x0000000008000f80                HAL_PWREx_EnableOverDrive
 .text.HAL_RCC_OscConfig
                0x0000000008000ffc      0x444 ./Drivers/STM32F7xx_HAL_Driver/Src/stm32f7xx_hal_rcc.o
                0x0000000008000ffc                HAL_RCC_OscConfig
 .text.HAL_RCC_GetSysClockFreq
                0x0000000008001440       0xdc ./Drivers/STM32F7xx_HAL_Driver/Src/stm32f7xx_hal_rcc.o
                0x0000000008001440                HAL_RCC_GetSysClockFreq
 .text.HAL_RCC_ClockConfig
                0x000000000800151c      0x16c ./Drivers/STM32F7xx_HAL_Driver/Src/stm32f7xx_hal_rcc.o
                0x000000000800151c                HAL_RCC_ClockConfig
 .text.SPI_WaitFlagStateUntilTimeout
                0x0000000008001688       0xd0 ./Drivers/STM32F7xx_HAL_Driver/Src/stm32f7xx_hal_spi.o
 .text.SPI_WaitFifoStateUntilTimeout
                0x0000000008001758       0xf4 ./Drivers/STM32F7xx_HAL_Driver/Src/stm32f7xx_hal_spi.o
 .text.SPI_EndRxTxTransaction
                0x000000000800184c       0xa0 ./Drivers/STM32F7xx_HAL_Driver/Src/stm32f7xx_hal_spi.o
 .text.SPI_EndRxTransaction
                0x00000000080018ec       0xc4 ./Drivers/STM32F7xx_HAL_Driver/Src/stm32f7xx_hal_spi.o
 .text.HAL_SPI_Init
                0x00000000080019b0       0xe8 ./Drivers/STM32F7xx_HAL_Driver/Src/stm32f7xx_hal_spi.o
                0x00000000080019b0                HAL_SPI_Init
 .text.HAL_SPI_Transmit_IT
                0x0000000008001a98       0xac ./Drivers/STM32F7xx_HAL_Driver/Src/stm32f7xx_hal_spi.o
                0x0000000008001a98                HAL_SPI_Transmit_IT
 .text.HAL_SPI_TransmitReceive_IT
                0x0000000008001b44      0x110 ./Drivers/STM32F7xx_HAL_Driver/Src/stm32f7xx_hal_spi.o
                0x0000000008001b44                HAL_SPI_TransmitReceive_IT
 .text.HAL_SPI_Receive_IT
                0x0000000008001c54       0xfc ./Drivers/STM32F7xx_HAL_Driver/Src/stm32f7xx_hal_spi.o
                0x0000000008001c54                HAL_SPI_Receive_IT
 .text.HAL_SPI_TxCpltCallback
                0x0000000008001d50        0x2 ./Drivers/STM32F7xx_HAL_Driver/Src/stm32f7xx_hal_spi.o
                0x0000000008001d50                HAL_SPI_TxCpltCallback
 .text.HAL_SPI_RxCpltCallback
                0x0000000008001d52        0x2 ./Drivers/STM32F7xx_HAL_Driver/Src/stm32f7xx_hal_spi.o
                0x0000000008001d52                HAL_SPI_RxCpltCallback
 .text.HAL_SPI_TxRxCpltCallback
                0x0000000008001d54        0x2 ./Drivers/STM32F7xx_HAL_Driver/Src/stm32f7xx_hal_spi.o
                0x0000000008001d54                HAL_SPI_TxRxCpltCallback
 .text.HAL_SPI_ErrorCallback
                0x0000000008001d56        0x2 ./Drivers/STM32F7xx_HAL_Driver/Src/stm32f7xx_hal_spi.o
                0x0000000008001d56                HAL_SPI_ErrorCallback
 .text.SPI_CloseTx_ISR
                0x0000000008001d58       0x56 ./Drivers/STM32F7xx_HAL_Driver/Src/stm32f7xx_hal_spi.o
 .text.SPI_TxISR_8BIT
                0x0000000008001dae       0x28 ./Drivers/STM32F7xx_HAL_Driver/Src/stm32f7xx_hal_spi.o
 .text.SPI_TxISR_16BIT
                0x0000000008001dd6       0x28 ./Drivers/STM32F7xx_HAL_Driver/Src/stm32f7xx_hal_spi.o
 .text.SPI_CloseRx_ISR
                0x0000000008001dfe       0x40 ./Drivers/STM32F7xx_HAL_Driver/Src/stm32f7xx_hal_spi.o
 .text.SPI_RxISR_8BIT
                0x0000000008001e3e       0x2e ./Drivers/STM32F7xx_HAL_Driver/Src/stm32f7xx_hal_spi.o
 .text.SPI_RxISR_16BIT
                0x0000000008001e6c       0x2e ./Drivers/STM32F7xx_HAL_Driver/Src/stm32f7xx_hal_spi.o
 .text.SPI_CloseRxTx_ISR
                0x0000000008001e9a       0x5e ./Drivers/STM32F7xx_HAL_Driver/Src/stm32f7xx_hal_spi.o
 .text.SPI_2linesTxISR_8BIT
                0x0000000008001ef8       0x5c ./Drivers/STM32F7xx_HAL_Driver/Src/stm32f7xx_hal_spi.o
 .text.SPI_2linesRxISR_8BIT
                0x0000000008001f54       0x7a ./Drivers/STM32F7xx_HAL_Driver/Src/stm32f7xx_hal_spi.o
 .text.SPI_2linesTxISR_16BIT
                0x0000000008001fce       0x3a ./Drivers/STM32F7xx_HAL_Driver/Src/stm32f7xx_hal_spi.o
 .text.SPI_2linesRxISR_16BIT
                0x0000000008002008       0x3e ./Drivers/STM32F7xx_HAL_Driver/Src/stm32f7xx_hal_spi.o
 *fill*         0x0000000008002046        0x2 
 .text.HAL_SPI_IRQHandler
                0x0000000008002048      0x118 ./Drivers/STM32F7xx_HAL_Driver/Src/stm32f7xx_hal_spi.o
                0x0000000008002048                HAL_SPI_IRQHandler
 .text.SPI_DMAAbortOnError
                0x0000000008002160       0x12 ./Drivers/STM32F7xx_HAL_Driver/Src/stm32f7xx_hal_spi.o
 .text.HAL_SPI_GetState
                0x0000000008002172        0x6 ./Drivers/STM32F7xx_HAL_Driver/Src/stm32f7xx_hal_spi.o
                0x0000000008002172                HAL_SPI_GetState
 .text.App_ReadBoardInfo
                0x0000000008002178       0x74 ./Hil_DemoApp/Sources/App_DemoApplication.o
                0x0000000008002178                App_ReadBoardInfo
 .text.App_AllChannels_Open
                0x00000000080021ec       0x3e ./Hil_DemoApp/Sources/App_DemoApplication.o
                0x00000000080021ec                App_AllChannels_Open
 *fill*         0x000000000800222a        0x2 
 .text.App_AllChannels_GetChannelInfo_WaitReady
                0x000000000800222c       0x4c ./Hil_DemoApp/Sources/App_DemoApplication.o
                0x000000000800222c                App_AllChannels_GetChannelInfo_WaitReady
 .text.App_AllChannels_Configure
                0x0000000008002278       0x34 ./Hil_DemoApp/Sources/App_DemoApplication.o
                0x0000000008002278                App_AllChannels_Configure
 .text.App_AllChannels_PacketHandler
                0x00000000080022ac       0x34 ./Hil_DemoApp/Sources/App_DemoApplication.o
                0x00000000080022ac                App_AllChannels_PacketHandler
 .text.App_AllChannels_Close
                0x00000000080022e0       0x30 ./Hil_DemoApp/Sources/App_DemoApplication.o
                0x00000000080022e0                App_AllChannels_Close
 .text.App_IODataHandler
                0x0000000008002310       0x54 ./Hil_DemoApp/Sources/App_DemoApplication.o
                0x0000000008002310                App_IODataHandler
 .text.App_CifXApplicationDemo
                0x0000000008002364      0x118 ./Hil_DemoApp/Sources/App_DemoApplication.o
                0x0000000008002364                App_CifXApplicationDemo
 .text.Pkt_QueueConfirmation
                0x000000000800247c       0x58 ./Hil_DemoApp/Sources/App_PacketCommunication.o
 .text.Pkt_GetPacketFromQueue
                0x00000000080024d4       0x50 ./Hil_DemoApp/Sources/App_PacketCommunication.o
 .text.Pkt_TryDequeConfirmation
                0x0000000008002524       0x64 ./Hil_DemoApp/Sources/App_PacketCommunication.o
 .text.Pkt_DispatchIndication
                0x0000000008002588       0x20 ./Hil_DemoApp/Sources/App_PacketCommunication.o
 .text.Pkt_Init
                0x00000000080025a8       0x70 ./Hil_DemoApp/Sources/App_PacketCommunication.o
                0x00000000080025a8                Pkt_Init
 .text.Pkt_Deinit
                0x0000000008002618       0x60 ./Hil_DemoApp/Sources/App_PacketCommunication.o
                0x0000000008002618                Pkt_Deinit
 .text.Pkt_SendPacket
                0x0000000008002678       0x30 ./Hil_DemoApp/Sources/App_PacketCommunication.o
                0x0000000008002678                Pkt_SendPacket
 .text.Pkt_ReceivePacket
                0x00000000080026a8       0x14 ./Hil_DemoApp/Sources/App_PacketCommunication.o
                0x00000000080026a8                Pkt_ReceivePacket
 .text.Pkt_RegisterIndicationHandler
                0x00000000080026bc       0x20 ./Hil_DemoApp/Sources/App_PacketCommunication.o
                0x00000000080026bc                Pkt_RegisterIndicationHandler
 .text.Pkt_CheckReceiveMailbox
                0x00000000080026dc       0x66 ./Hil_DemoApp/Sources/App_PacketCommunication.o
                0x00000000080026dc                Pkt_CheckReceiveMailbox
 *fill*         0x0000000008002742        0x2 
 .text.Pkt_SendReceivePacket
                0x0000000008002744       0xec ./Hil_DemoApp/Sources/App_PacketCommunication.o
                0x0000000008002744                Pkt_SendReceivePacket
 .text.App_SysPkt_AssembleChannelInitReq
                0x0000000008002830       0x28 ./Hil_DemoApp/Sources/App_SystemPackets.o
                0x0000000008002830                App_SysPkt_AssembleChannelInitReq
 .text.App_SysPkt_AssembleStartStopCommReq
                0x0000000008002858       0x3c ./Hil_DemoApp/Sources/App_SystemPackets.o
                0x0000000008002858                App_SysPkt_AssembleStartStopCommReq
 .text.Protocol_PacketHandler_callback
                0x0000000008002894       0x24 ./Hil_DemoAppDNS/Sources/AppDNS_DemoApplication.o
 .text.Protocol_StartConfiguration_callback
                0x00000000080028b8       0x34 ./Hil_DemoAppDNS/Sources/AppDNS_DemoApplication.o
 .text.AppDNS_GlobalPacket_SendReceive
                0x00000000080028ec       0x1e ./Hil_DemoAppDNS/Sources/AppDNS_DemoApplicationFunctions.o
                0x00000000080028ec                AppDNS_GlobalPacket_SendReceive
 .text.AppDNS_GlobalPacket_Send
                0x000000000800290a       0x16 ./Hil_DemoAppDNS/Sources/AppDNS_DemoApplicationFunctions.o
                0x000000000800290a                AppDNS_GlobalPacket_Send
 .text.AppDNS_PacketHandler_callback
                0x0000000008002920       0x3a ./Hil_DemoAppDNS/Sources/AppDNS_DemoApplicationFunctions.o
                0x0000000008002920                AppDNS_PacketHandler_callback
 .text.AppDNS_GlobalPacket_Init
                0x000000000800295a       0x12 ./Hil_DemoAppDNS/Sources/AppDNS_DemoApplicationFunctions.o
                0x000000000800295a                AppDNS_GlobalPacket_Init
 .text.AppDNS_SetConfiguration
                0x000000000800296c      0x138 ./Hil_DemoAppDNS/Sources/AppDNS_DemoApplicationFunctions.o
                0x000000000800296c                AppDNS_SetConfiguration
 .text.AppDNS_ChannelInit
                0x0000000008002aa4       0x14 ./Hil_DemoAppDNS/Sources/AppDNS_DemoApplicationFunctions.o
                0x0000000008002aa4                AppDNS_ChannelInit
 .text.AppDNS_StartCommunication
                0x0000000008002ab8       0x16 ./Hil_DemoAppDNS/Sources/AppDNS_DemoApplicationFunctions.o
                0x0000000008002ab8                AppDNS_StartCommunication
 .text.AppDNS_ConfigureStack
                0x0000000008002ace       0x26 ./Hil_DemoAppDNS/Sources/AppDNS_DemoApplicationFunctions.o
                0x0000000008002ace                AppDNS_ConfigureStack
 .text.OS_Init  0x0000000008002af4       0x10 ./Hil_cifXToolkit/OSAbstraction/OS_Custom_STM32.o
                0x0000000008002af4                OS_Init
 .text.OS_Deinit
                0x0000000008002b04        0x2 ./Hil_cifXToolkit/OSAbstraction/OS_Custom_STM32.o
                0x0000000008002b04                OS_Deinit
 .text.OS_Memalloc
                0x0000000008002b06        0x8 ./Hil_cifXToolkit/OSAbstraction/OS_Custom_STM32.o
                0x0000000008002b06                OS_Memalloc
 .text.OS_Memfree
                0x0000000008002b0e        0x8 ./Hil_cifXToolkit/OSAbstraction/OS_Custom_STM32.o
                0x0000000008002b0e                OS_Memfree
 .text.OS_Memrealloc
                0x0000000008002b16        0x8 ./Hil_cifXToolkit/OSAbstraction/OS_Custom_STM32.o
                0x0000000008002b16                OS_Memrealloc
 .text.OS_Memset
                0x0000000008002b1e        0x8 ./Hil_cifXToolkit/OSAbstraction/OS_Custom_STM32.o
                0x0000000008002b1e                OS_Memset
 .text.OS_Memcpy
                0x0000000008002b26        0x8 ./Hil_cifXToolkit/OSAbstraction/OS_Custom_STM32.o
                0x0000000008002b26                OS_Memcpy
 .text.OS_Memcmp
                0x0000000008002b2e        0x8 ./Hil_cifXToolkit/OSAbstraction/OS_Custom_STM32.o
                0x0000000008002b2e                OS_Memcmp
 .text.OS_Memmove
                0x0000000008002b36        0x8 ./Hil_cifXToolkit/OSAbstraction/OS_Custom_STM32.o
                0x0000000008002b36                OS_Memmove
 .text.OS_ReadPCIConfig
                0x0000000008002b3e        0x4 ./Hil_cifXToolkit/OSAbstraction/OS_Custom_STM32.o
                0x0000000008002b3e                OS_ReadPCIConfig
 .text.OS_WritePCIConfig
                0x0000000008002b42        0x2 ./Hil_cifXToolkit/OSAbstraction/OS_Custom_STM32.o
                0x0000000008002b42                OS_WritePCIConfig
 .text.OS_EnableInterrupts
                0x0000000008002b44        0x4 ./Hil_cifXToolkit/OSAbstraction/OS_Custom_STM32.o
                0x0000000008002b44                OS_EnableInterrupts
 .text.OS_FileOpen
                0x0000000008002b48        0x4 ./Hil_cifXToolkit/OSAbstraction/OS_Custom_STM32.o
                0x0000000008002b48                OS_FileOpen
 .text.OS_FileRead
                0x0000000008002b4c        0x4 ./Hil_cifXToolkit/OSAbstraction/OS_Custom_STM32.o
                0x0000000008002b4c                OS_FileRead
 .text.OS_FileClose
                0x0000000008002b50        0x2 ./Hil_cifXToolkit/OSAbstraction/OS_Custom_STM32.o
                0x0000000008002b50                OS_FileClose
 .text.OS_GetMilliSecCounter
                0x0000000008002b52        0x8 ./Hil_cifXToolkit/OSAbstraction/OS_Custom_STM32.o
                0x0000000008002b52                OS_GetMilliSecCounter
 *fill*         0x0000000008002b5a        0x2 
 .text.OS_Sleep
                0x0000000008002b5c       0x44 ./Hil_cifXToolkit/OSAbstraction/OS_Custom_STM32.o
                0x0000000008002b5c                OS_Sleep
 .text.OS_EnterLock
                0x0000000008002ba0       0x18 ./Hil_cifXToolkit/OSAbstraction/OS_Custom_STM32.o
                0x0000000008002ba0                OS_EnterLock
 .text.OS_LeaveLock
                0x0000000008002bb8       0x1c ./Hil_cifXToolkit/OSAbstraction/OS_Custom_STM32.o
                0x0000000008002bb8                OS_LeaveLock
 .text.OS_DeleteLock
                0x0000000008002bd4        0x2 ./Hil_cifXToolkit/OSAbstraction/OS_Custom_STM32.o
                0x0000000008002bd4                OS_DeleteLock
 .text.OS_CreateMutex
                0x0000000008002bd6        0x4 ./Hil_cifXToolkit/OSAbstraction/OS_Custom_STM32.o
                0x0000000008002bd6                OS_CreateMutex
 .text.OS_CreateLock
                0x0000000008002bda        0x8 ./Hil_cifXToolkit/OSAbstraction/OS_Custom_STM32.o
                0x0000000008002bda                OS_CreateLock
 *fill*         0x0000000008002be2        0x2 
 .text.OS_WaitMutex
                0x0000000008002be4       0x18 ./Hil_cifXToolkit/OSAbstraction/OS_Custom_STM32.o
                0x0000000008002be4                OS_WaitMutex
 .text.OS_ReleaseMutex
                0x0000000008002bfc       0x1c ./Hil_cifXToolkit/OSAbstraction/OS_Custom_STM32.o
                0x0000000008002bfc                OS_ReleaseMutex
 .text.OS_DeleteMutex
                0x0000000008002c18        0x2 ./Hil_cifXToolkit/OSAbstraction/OS_Custom_STM32.o
                0x0000000008002c18                OS_DeleteMutex
 *fill*         0x0000000008002c1a        0x2 
 .text.OS_CreateEvent
                0x0000000008002c1c       0x38 ./Hil_cifXToolkit/OSAbstraction/OS_Custom_STM32.o
                0x0000000008002c1c                OS_CreateEvent
 .text.OS_SetEvent
                0x0000000008002c54       0x1c ./Hil_cifXToolkit/OSAbstraction/OS_Custom_STM32.o
                0x0000000008002c54                OS_SetEvent
 .text.OS_DeleteEvent
                0x0000000008002c70       0x10 ./Hil_cifXToolkit/OSAbstraction/OS_Custom_STM32.o
                0x0000000008002c70                OS_DeleteEvent
 .text.OS_WaitEvent
                0x0000000008002c80       0x60 ./Hil_cifXToolkit/OSAbstraction/OS_Custom_STM32.o
                0x0000000008002c80                OS_WaitEvent
 .text.OS_Strcmp
                0x0000000008002ce0        0x8 ./Hil_cifXToolkit/OSAbstraction/OS_Custom_STM32.o
                0x0000000008002ce0                OS_Strcmp
 .text.OS_Strnicmp
                0x0000000008002ce8        0x8 ./Hil_cifXToolkit/OSAbstraction/OS_Custom_STM32.o
                0x0000000008002ce8                OS_Strnicmp
 .text.OS_Strlen
                0x0000000008002cf0        0x8 ./Hil_cifXToolkit/OSAbstraction/OS_Custom_STM32.o
                0x0000000008002cf0                OS_Strlen
 .text.OS_Strncpy
                0x0000000008002cf8        0x8 ./Hil_cifXToolkit/OSAbstraction/OS_Custom_STM32.o
                0x0000000008002cf8                OS_Strncpy
 .text.OS_SpiInit
                0x0000000008002d00        0x4 ./Hil_cifXToolkit/OSAbstraction/OS_SPICustom_STM32.o
                0x0000000008002d00                OS_SpiInit
 .text.OS_SpiAssert
                0x0000000008002d04       0x14 ./Hil_cifXToolkit/OSAbstraction/OS_SPICustom_STM32.o
                0x0000000008002d04                OS_SpiAssert
 .text.OS_SpiDeassert
                0x0000000008002d18       0x14 ./Hil_cifXToolkit/OSAbstraction/OS_SPICustom_STM32.o
                0x0000000008002d18                OS_SpiDeassert
 .text.OS_SpiLock
                0x0000000008002d2c        0xa ./Hil_cifXToolkit/OSAbstraction/OS_SPICustom_STM32.o
                0x0000000008002d2c                OS_SpiLock
 .text.OS_SpiUnlock
                0x0000000008002d36        0xa ./Hil_cifXToolkit/OSAbstraction/OS_SPICustom_STM32.o
                0x0000000008002d36                OS_SpiUnlock
 .text.OS_SpiTransfer
                0x0000000008002d40       0x44 ./Hil_cifXToolkit/OSAbstraction/OS_SPICustom_STM32.o
                0x0000000008002d40                OS_SpiTransfer
 .text.Write_NX51
                0x0000000008002d84       0x54 ./Hil_cifXToolkit/SerialDPM/SerialDPMInterface.o
 .text.Write_NX10
                0x0000000008002dd8       0x5c ./Hil_cifXToolkit/SerialDPM/SerialDPMInterface.o
 .text.Write_NX50
                0x0000000008002e34       0x6c ./Hil_cifXToolkit/SerialDPM/SerialDPMInterface.o
 .text.Read_NX50
                0x0000000008002ea0       0xb4 ./Hil_cifXToolkit/SerialDPM/SerialDPMInterface.o
 .text.ReadModifyWrite_NX500
                0x0000000008002f54       0xcc ./Hil_cifXToolkit/SerialDPM/SerialDPMInterface.o
 .text.Read_NX500
                0x0000000008003020       0xda ./Hil_cifXToolkit/SerialDPM/SerialDPMInterface.o
 .text.Read_NX10
                0x00000000080030fa       0x5e ./Hil_cifXToolkit/SerialDPM/SerialDPMInterface.o
 .text.Read_NX51
                0x0000000008003158       0x68 ./Hil_cifXToolkit/SerialDPM/SerialDPMInterface.o
 .text.SerialDPM_Init
                0x00000000080031c0      0x144 ./Hil_cifXToolkit/SerialDPM/SerialDPMInterface.o
                0x00000000080031c0                SerialDPM_Init
 .text.CreateCRC32
                0x0000000008003304       0x38 ./Hil_cifXToolkit/Source/Hilcrc32.o
                0x0000000008003304                CreateCRC32
 .text.md5_memcpy
                0x000000000800333c       0x18 ./Hil_cifXToolkit/Source/Hilmd5.o
 .text.md5_process
                0x0000000008003354      0x6e0 ./Hil_cifXToolkit/Source/Hilmd5.o
 .text.md5_init
                0x0000000008003a34       0x2c ./Hil_cifXToolkit/Source/Hilmd5.o
                0x0000000008003a34                md5_init
 .text.md5_append
                0x0000000008003a60       0x84 ./Hil_cifXToolkit/Source/Hilmd5.o
                0x0000000008003a60                md5_append
 .text.md5_finish
                0x0000000008003ae4       0x74 ./Hil_cifXToolkit/Source/Hilmd5.o
                0x0000000008003ae4                md5_finish
 .text.DEV_IsFWFile
                0x0000000008003b58       0x68 ./Hil_cifXToolkit/Source/cifXDownload.o
                0x0000000008003b58                DEV_IsFWFile
 .text.DEV_IsFWFileNetX90or4000
                0x0000000008003bc0       0x84 ./Hil_cifXToolkit/Source/cifXDownload.o
                0x0000000008003bc0                DEV_IsFWFileNetX90or4000
 .text.DEV_IsNXOFile
                0x0000000008003c44       0x2c ./Hil_cifXToolkit/Source/cifXDownload.o
                0x0000000008003c44                DEV_IsNXOFile
 .text.DEV_IsNXFFile
                0x0000000008003c70       0x2c ./Hil_cifXToolkit/Source/cifXDownload.o
                0x0000000008003c70                DEV_IsNXFFile
 .text.DEV_DeleteFile
                0x0000000008003c9c       0xa0 ./Hil_cifXToolkit/Source/cifXDownload.o
                0x0000000008003c9c                DEV_DeleteFile
 .text.DEV_RemoveChannelFiles
                0x0000000008003d3c       0xee ./Hil_cifXToolkit/Source/cifXDownload.o
                0x0000000008003d3c                DEV_RemoveChannelFiles
 *fill*         0x0000000008003e2a        0x2 
 .text.DEV_GetFWTransferTypeFromFileName
                0x0000000008003e2c       0x90 ./Hil_cifXToolkit/Source/cifXDownload.o
                0x0000000008003e2c                DEV_GetFWTransferTypeFromFileName
 .text.DEV_CheckForDownload
                0x0000000008003ebc      0x15c ./Hil_cifXToolkit/Source/cifXDownload.o
                0x0000000008003ebc                DEV_CheckForDownload
 .text.DEV_DownloadFile
                0x0000000008004018      0x380 ./Hil_cifXToolkit/Source/cifXDownload.o
                0x0000000008004018                DEV_DownloadFile
 .text.DEV_ProcessFWDownload
                0x0000000008004398      0x2ec ./Hil_cifXToolkit/Source/cifXDownload.o
                0x0000000008004398                DEV_ProcessFWDownload
 .text.cifXConvertEndianess
                0x0000000008004684        0x4 ./Hil_cifXToolkit/Source/cifXEndianess.o
                0x0000000008004684                cifXConvertEndianess
 .text.xSysdeviceOpen
                0x0000000008004688       0x78 ./Hil_cifXToolkit/Source/cifXFunctions.o
                0x0000000008004688                xSysdeviceOpen
 .text.xSysdeviceClose
                0x0000000008004700        0xa ./Hil_cifXToolkit/Source/cifXFunctions.o
                0x0000000008004700                xSysdeviceClose
 *fill*         0x000000000800470a        0x2 
 .text.xSysdeviceDownload
                0x000000000800470c      0x168 ./Hil_cifXToolkit/Source/cifXFunctions.o
                0x000000000800470c                xSysdeviceDownload
 .text.xSysdeviceInfo
                0x0000000008004874      0x1d4 ./Hil_cifXToolkit/Source/cifXFunctions.o
                0x0000000008004874                xSysdeviceInfo
 .text.xChannelOpen
                0x0000000008004a48       0x90 ./Hil_cifXToolkit/Source/cifXFunctions.o
                0x0000000008004a48                xChannelOpen
 .text.xChannelClose
                0x0000000008004ad8        0xa ./Hil_cifXToolkit/Source/cifXFunctions.o
                0x0000000008004ad8                xChannelClose
 *fill*         0x0000000008004ae2        0x2 
 .text.xChannelPutPacket
                0x0000000008004ae4       0x34 ./Hil_cifXToolkit/Source/cifXFunctions.o
                0x0000000008004ae4                xChannelPutPacket
 .text.xChannelGetPacket
                0x0000000008004b18       0x38 ./Hil_cifXToolkit/Source/cifXFunctions.o
                0x0000000008004b18                xChannelGetPacket
 .text.xChannelBusState
                0x0000000008004b50        0x8 ./Hil_cifXToolkit/Source/cifXFunctions.o
                0x0000000008004b50                xChannelBusState
 .text.xChannelIORead
                0x0000000008004b58       0xec ./Hil_cifXToolkit/Source/cifXFunctions.o
                0x0000000008004b58                xChannelIORead
 .text.xChannelIOWrite
                0x0000000008004c44       0xec ./Hil_cifXToolkit/Source/cifXFunctions.o
                0x0000000008004c44                xChannelIOWrite
 .text.xDriverOpen
                0x0000000008004d30       0x20 ./Hil_cifXToolkit/Source/cifXFunctions.o
                0x0000000008004d30                xDriverOpen
 .text.xDriverClose
                0x0000000008004d50       0x2c ./Hil_cifXToolkit/Source/cifXFunctions.o
                0x0000000008004d50                xDriverClose
 .text.xDriverEnumBoards
                0x0000000008004d7c       0xc8 ./Hil_cifXToolkit/Source/cifXFunctions.o
                0x0000000008004d7c                xDriverEnumBoards
 .text.xChannelInfo
                0x0000000008004e44       0xfc ./Hil_cifXToolkit/Source/cifXFunctions.o
                0x0000000008004e44                xChannelInfo
 .text.xChannelHostState
                0x0000000008004f40       0x24 ./Hil_cifXToolkit/Source/cifXFunctions.o
                0x0000000008004f40                xChannelHostState
 .text.xSysdeviceFindFirstFile
                0x0000000008004f64       0xc8 ./Hil_cifXToolkit/Source/cifXFunctions.o
                0x0000000008004f64                xSysdeviceFindFirstFile
 .text.xSysdeviceFindNextFile
                0x000000000800502c       0xbc ./Hil_cifXToolkit/Source/cifXFunctions.o
                0x000000000800502c                xSysdeviceFindNextFile
 .text.DEV_Reset_Prepare
                0x00000000080050e8       0x80 ./Hil_cifXToolkit/Source/cifXHWFunctions.o
 .text.DEV_WaitForBitState_Irq
                0x0000000008005168       0xba ./Hil_cifXToolkit/Source/cifXHWFunctions.o
 .text.DEV_ToggleBit
                0x0000000008005222       0x56 ./Hil_cifXToolkit/Source/cifXHWFunctions.o
                0x0000000008005222                DEV_ToggleBit
 .text.HwIfRead8
                0x0000000008005278       0x26 ./Hil_cifXToolkit/Source/cifXHWFunctions.o
                0x0000000008005278                HwIfRead8
 .text.DEV_GetIOBitstate
                0x000000000800529e       0x36 ./Hil_cifXToolkit/Source/cifXHWFunctions.o
                0x000000000800529e                DEV_GetIOBitstate
 .text.HwIfRead16
                0x00000000080052d4       0x26 ./Hil_cifXToolkit/Source/cifXHWFunctions.o
                0x00000000080052d4                HwIfRead16
 .text.HwIfRead32
                0x00000000080052fa       0x20 ./Hil_cifXToolkit/Source/cifXHWFunctions.o
                0x00000000080052fa                HwIfRead32
 .text.DEV_ReadHostFlags
                0x000000000800531a       0x70 ./Hil_cifXToolkit/Source/cifXHWFunctions.o
                0x000000000800531a                DEV_ReadHostFlags
 .text.DEV_ReadHandshakeFlags
                0x000000000800538a       0xb6 ./Hil_cifXToolkit/Source/cifXHWFunctions.o
                0x000000000800538a                DEV_ReadHandshakeFlags
 .text.DEV_WaitForBitState_Poll
                0x0000000008005440       0xbe ./Hil_cifXToolkit/Source/cifXHWFunctions.o
 .text.DEV_WaitForBitState
                0x00000000080054fe       0x14 ./Hil_cifXToolkit/Source/cifXHWFunctions.o
                0x00000000080054fe                DEV_WaitForBitState
 *fill*         0x0000000008005512        0x2 
 .text.DEV_DoHostCOSChange
                0x0000000008005514       0xc8 ./Hil_cifXToolkit/Source/cifXHWFunctions.o
                0x0000000008005514                DEV_DoHostCOSChange
 .text.DEV_IsReady
                0x00000000080055dc       0x38 ./Hil_cifXToolkit/Source/cifXHWFunctions.o
                0x00000000080055dc                DEV_IsReady
 .text.DEV_PutPacket
                0x0000000008005614       0x7c ./Hil_cifXToolkit/Source/cifXHWFunctions.o
                0x0000000008005614                DEV_PutPacket
 .text.DEV_IsCommunicating
                0x0000000008005690       0x5c ./Hil_cifXToolkit/Source/cifXHWFunctions.o
                0x0000000008005690                DEV_IsCommunicating
 .text.DEV_GetHostState
                0x00000000080056ec       0x24 ./Hil_cifXToolkit/Source/cifXHWFunctions.o
                0x00000000080056ec                DEV_GetHostState
 .text.DEV_SetHostState
                0x0000000008005710       0x98 ./Hil_cifXToolkit/Source/cifXHWFunctions.o
                0x0000000008005710                DEV_SetHostState
 .text.DEV_IsRunning
                0x00000000080057a8       0x2c ./Hil_cifXToolkit/Source/cifXHWFunctions.o
                0x00000000080057a8                DEV_IsRunning
 .text.DEV_WaitForNotRunning_Poll
                0x00000000080057d4       0x42 ./Hil_cifXToolkit/Source/cifXHWFunctions.o
                0x00000000080057d4                DEV_WaitForNotRunning_Poll
 .text.DEV_WaitForRunning_Poll
                0x0000000008005816       0x42 ./Hil_cifXToolkit/Source/cifXHWFunctions.o
                0x0000000008005816                DEV_WaitForRunning_Poll
 .text.DEV_Reset_Finish
                0x0000000008005858       0x8c ./Hil_cifXToolkit/Source/cifXHWFunctions.o
 .text.DEV_GetPacket
                0x00000000080058e4       0x94 ./Hil_cifXToolkit/Source/cifXHWFunctions.o
                0x00000000080058e4                DEV_GetPacket
 .text.DEV_TransferPacket
                0x0000000008005978       0x78 ./Hil_cifXToolkit/Source/cifXHWFunctions.o
                0x0000000008005978                DEV_TransferPacket
 .text.DEV_WaitForNotReady_Poll
                0x00000000080059f0       0xd4 ./Hil_cifXToolkit/Source/cifXHWFunctions.o
                0x00000000080059f0                DEV_WaitForNotReady_Poll
 .text.DEV_Reset_Execute
                0x0000000008005ac4       0x8c ./Hil_cifXToolkit/Source/cifXHWFunctions.o
 .text.DEV_WaitForReady_Poll
                0x0000000008005b50       0xf0 ./Hil_cifXToolkit/Source/cifXHWFunctions.o
                0x0000000008005b50                DEV_WaitForReady_Poll
 .text.DEV_DoChannelInit
                0x0000000008005c40      0x118 ./Hil_cifXToolkit/Source/cifXHWFunctions.o
                0x0000000008005c40                DEV_DoChannelInit
 .text.DEV_BusState
                0x0000000008005d58      0x144 ./Hil_cifXToolkit/Source/cifXHWFunctions.o
                0x0000000008005d58                DEV_BusState
 .text.DEV_DoSystemStart
                0x0000000008005e9c      0x1c4 ./Hil_cifXToolkit/Source/cifXHWFunctions.o
                0x0000000008005e9c                DEV_DoSystemStart
 .text.cifXStartFlashDevice
                0x0000000008006060        0x4 ./Hil_cifXToolkit/Source/cifXInit.o
 .text.cifXEvaluateDeviceType
                0x0000000008006064      0x1d0 ./Hil_cifXToolkit/Source/cifXInit.o
 .text.cifXIsBaseOSModule
                0x0000000008006234       0x20 ./Hil_cifXToolkit/Source/cifXInit.o
 .text.cifXRunBootloader
                0x0000000008006254      0x23c ./Hil_cifXToolkit/Source/cifXInit.o
 .text.cifXHandleRAMBaseOSModule
                0x0000000008006490      0x22c ./Hil_cifXToolkit/Source/cifXInit.o
 .text.cifXHandleFlashBaseOSModule
                0x00000000080066bc      0x214 ./Hil_cifXToolkit/Source/cifXInit.o
 .text.cifXDownloadFWFiles
                0x00000000080068d0      0x1d0 ./Hil_cifXToolkit/Source/cifXInit.o
 .text.cifXDownloadCNFFiles
                0x0000000008006aa0      0x210 ./Hil_cifXToolkit/Source/cifXInit.o
 .text.cifXReadChannelLayout
                0x0000000008006cb0      0x684 ./Hil_cifXToolkit/Source/cifXInit.o
 .text.cifXCreateSystemDevice
                0x0000000008007334      0x2e4 ./Hil_cifXToolkit/Source/cifXInit.o
 .text.cifXDeleteChannelInstance
                0x0000000008007618      0x11e ./Hil_cifXToolkit/Source/cifXInit.o
 *fill*         0x0000000008007736        0x2 
 .text.cifXStartFlashConfiguration
                0x0000000008007738       0x84 ./Hil_cifXToolkit/Source/cifXInit.o
 .text.cifXHandleWarmstartParameter
                0x00000000080077bc      0x11c ./Hil_cifXToolkit/Source/cifXInit.o
 .text.cifXCheckCachedBufferEnable
                0x00000000080078d8       0x5c ./Hil_cifXToolkit/Source/cifXInit.o
 .text.cifXCheckIRQEnable
                0x0000000008007934       0xe4 ./Hil_cifXToolkit/Source/cifXInit.o
 .text.cifXStopDevice
                0x0000000008007a18      0x150 ./Hil_cifXToolkit/Source/cifXInit.o
 .text.cifXDetectChipTypebyROMLoader
                0x0000000008007b68       0x9c ./Hil_cifXToolkit/Source/cifXInit.o
                0x0000000008007b68                cifXDetectChipTypebyROMLoader
 .text.cifXHardwareReset
                0x0000000008007c04      0x108 ./Hil_cifXToolkit/Source/cifXInit.o
 .text.cifXStartRAMDevice
                0x0000000008007d0c       0xc0 ./Hil_cifXToolkit/Source/cifXInit.o
 .text.cifXReadHardwareIdent
                0x0000000008007dcc       0x94 ./Hil_cifXToolkit/Source/cifXInit.o
                0x0000000008007dcc                cifXReadHardwareIdent
 .text.cifXReadFirmwareIdent
                0x0000000008007e60       0xc0 ./Hil_cifXToolkit/Source/cifXInit.o
                0x0000000008007e60                cifXReadFirmwareIdent
 .text.cifXCreateChannels
                0x0000000008007f20      0x350 ./Hil_cifXToolkit/Source/cifXInit.o
 .text.cifXStartModule
                0x0000000008008270      0x14c ./Hil_cifXToolkit/Source/cifXInit.o
                0x0000000008008270                cifXStartModule
 .text.cifXStartRAMFirmware
                0x00000000080083bc      0x1a0 ./Hil_cifXToolkit/Source/cifXInit.o
 .text.cifXStartFlashFirmware
                0x000000000800855c      0x158 ./Hil_cifXToolkit/Source/cifXInit.o
 .text.cifXStartDevice
                0x00000000080086b4      0x21c ./Hil_cifXToolkit/Source/cifXInit.o
 .text.cifXTKitEnableHWInterrupt
                0x00000000080088d0       0x4c ./Hil_cifXToolkit/Source/cifXInit.o
                0x00000000080088d0                cifXTKitEnableHWInterrupt
 .text.cifXTKitAddDevice
                0x000000000800891c       0xc8 ./Hil_cifXToolkit/Source/cifXInit.o
                0x000000000800891c                cifXTKitAddDevice
 .text.cifXTKitDeinit
                0x00000000080089e4       0x70 ./Hil_cifXToolkit/Source/cifXInit.o
                0x00000000080089e4                cifXTKitDeinit
 .text.cifXTKitInit
                0x0000000008008a54       0x38 ./Hil_cifXToolkit/Source/cifXInit.o
                0x0000000008008a54                cifXTKitInit
 .text.ProcessIOArea
                0x0000000008008a8c       0x74 ./Hil_cifXToolkit/Source/cifXInterrupt.o
 .text.cifXTKitISRHandler
                0x0000000008008b00      0x184 ./Hil_cifXToolkit/Source/cifXInterrupt.o
                0x0000000008008b00                cifXTKitISRHandler
 .text.cifXTKitDSRHandler
                0x0000000008008c84      0x362 ./Hil_cifXToolkit/Source/cifXInterrupt.o
                0x0000000008008c84                cifXTKitDSRHandler
 .text.hboot_waitforbitstate
                0x0000000008008fe6       0xa2 ./Hil_cifXToolkit/Source/netX5x_hboot.o
 .text.hboot_send_packet
                0x0000000008009088       0x8c ./Hil_cifXToolkit/Source/netX5x_hboot.o
 .text.hboot_get_packet
                0x0000000008009114       0x90 ./Hil_cifXToolkit/Source/netX5x_hboot.o
 .text.hboot_transfer_packet
                0x00000000080091a4       0x24 ./Hil_cifXToolkit/Source/netX5x_hboot.o
 .text.IsNetX51or52ROM
                0x00000000080091c8       0x70 ./Hil_cifXToolkit/Source/netX5x_hboot.o
                0x00000000080091c8                IsNetX51or52ROM
 .text.cifXStartBootloader_hboot
                0x0000000008009238      0x210 ./Hil_cifXToolkit/Source/netX5x_hboot.o
                0x0000000008009238                cifXStartBootloader_hboot
 .text.cifXStartBootloader_netX100
                0x0000000008009448       0xd4 ./Hil_cifXToolkit/Source/netX5xx_hboot.o
                0x0000000008009448                cifXStartBootloader_netX100
 .text.IsNetX4x00FLASH
                0x000000000800951c       0x3c ./Hil_cifXToolkit/Source/netX90_netX4x00.o
                0x000000000800951c                IsNetX4x00FLASH
 .text.IsNetX4x00ROM
                0x0000000008009558       0x38 ./Hil_cifXToolkit/Source/netX90_netX4x00.o
                0x0000000008009558                IsNetX4x00ROM
 .text.IsNetX90FLASH
                0x0000000008009590       0x30 ./Hil_cifXToolkit/Source/netX90_netX4x00.o
                0x0000000008009590                IsNetX90FLASH
 .text.IsNetX90ROM
                0x00000000080095c0       0x5c ./Hil_cifXToolkit/Source/netX90_netX4x00.o
                0x00000000080095c0                IsNetX90ROM
 .text.USER_GetOSFile
                0x000000000800961c        0x4 ./Hil_cifXToolkit/User/TKitUser_Custom_STM32.o
                0x000000000800961c                USER_GetOSFile
 .text.USER_GetFirmwareFileCount
                0x0000000008009620        0x4 ./Hil_cifXToolkit/User/TKitUser_Custom_STM32.o
                0x0000000008009620                USER_GetFirmwareFileCount
 .text.USER_GetFirmwareFile
                0x0000000008009624        0x4 ./Hil_cifXToolkit/User/TKitUser_Custom_STM32.o
                0x0000000008009624                USER_GetFirmwareFile
 .text.USER_GetConfigurationFileCount
                0x0000000008009628        0x4 ./Hil_cifXToolkit/User/TKitUser_Custom_STM32.o
                0x0000000008009628                USER_GetConfigurationFileCount
 .text.USER_GetConfigurationFile
                0x000000000800962c        0x4 ./Hil_cifXToolkit/User/TKitUser_Custom_STM32.o
                0x000000000800962c                USER_GetConfigurationFile
 .text.USER_GetBootloaderFile
                0x0000000008009630        0x2 ./Hil_cifXToolkit/User/TKitUser_Custom_STM32.o
                0x0000000008009630                USER_GetBootloaderFile
 .text.USER_GetWarmstartParameters
                0x0000000008009632        0x4 ./Hil_cifXToolkit/User/TKitUser_Custom_STM32.o
                0x0000000008009632                USER_GetWarmstartParameters
 .text.USER_GetAliasName
                0x0000000008009636        0x2 ./Hil_cifXToolkit/User/TKitUser_Custom_STM32.o
                0x0000000008009636                USER_GetAliasName
 .text.USER_GetInterruptEnable
                0x0000000008009638        0x4 ./Hil_cifXToolkit/User/TKitUser_Custom_STM32.o
                0x0000000008009638                USER_GetInterruptEnable
 .text.USER_GetCachedIOBufferMode
                0x000000000800963c        0x4 ./Hil_cifXToolkit/User/TKitUser_Custom_STM32.o
                0x000000000800963c                USER_GetCachedIOBufferMode
 .text.USER_Trace
                0x0000000008009640        0x6 ./Hil_cifXToolkit/User/TKitUser_Custom_STM32.o
                0x0000000008009640                USER_Trace
 *fill*         0x0000000008009646        0x2 
 .text.__assert_func
                0x0000000008009648       0x3c C:/ST/STM32CubeIDE_1.13.1/STM32CubeIDE/plugins/com.st.stm32cube.ide.mcu.externaltools.gnu-tools-for-stm32.11.3.rel1.win32_1.1.0.202305231506/tools/bin/../lib/gcc/arm-none-eabi/11.3.1/../../../../arm-none-eabi/lib/thumb/v7e-m+dp/hard\libc_nano.a(libc_a-assert.o)
                0x0000000008009648                __assert_func
 .text.calloc   0x0000000008009684       0x10 C:/ST/STM32CubeIDE_1.13.1/STM32CubeIDE/plugins/com.st.stm32cube.ide.mcu.externaltools.gnu-tools-for-stm32.11.3.rel1.win32_1.1.0.202305231506/tools/bin/../lib/gcc/arm-none-eabi/11.3.1/../../../../arm-none-eabi/lib/thumb/v7e-m+dp/hard\libc_nano.a(libc_a-calloc.o)
                0x0000000008009684                calloc
 .text._calloc_r
                0x0000000008009694       0x2c C:/ST/STM32CubeIDE_1.13.1/STM32CubeIDE/plugins/com.st.stm32cube.ide.mcu.externaltools.gnu-tools-for-stm32.11.3.rel1.win32_1.1.0.202305231506/tools/bin/../lib/gcc/arm-none-eabi/11.3.1/../../../../arm-none-eabi/lib/thumb/v7e-m+dp/hard\libc_nano.a(libc_a-callocr.o)
                0x0000000008009694                _calloc_r
 .text.malloc   0x00000000080096c0       0x10 C:/ST/STM32CubeIDE_1.13.1/STM32CubeIDE/plugins/com.st.stm32cube.ide.mcu.externaltools.gnu-tools-for-stm32.11.3.rel1.win32_1.1.0.202305231506/tools/bin/../lib/gcc/arm-none-eabi/11.3.1/../../../../arm-none-eabi/lib/thumb/v7e-m+dp/hard\libc_nano.a(libc_a-malloc.o)
                0x00000000080096c0                malloc
 .text.free     0x00000000080096d0       0x10 C:/ST/STM32CubeIDE_1.13.1/STM32CubeIDE/plugins/com.st.stm32cube.ide.mcu.externaltools.gnu-tools-for-stm32.11.3.rel1.win32_1.1.0.202305231506/tools/bin/../lib/gcc/arm-none-eabi/11.3.1/../../../../arm-none-eabi/lib/thumb/v7e-m+dp/hard\libc_nano.a(libc_a-malloc.o)
                0x00000000080096d0                free
 .text.sbrk_aligned
                0x00000000080096e0       0x40 C:/ST/STM32CubeIDE_1.13.1/STM32CubeIDE/plugins/com.st.stm32cube.ide.mcu.externaltools.gnu-tools-for-stm32.11.3.rel1.win32_1.1.0.202305231506/tools/bin/../lib/gcc/arm-none-eabi/11.3.1/../../../../arm-none-eabi/lib/thumb/v7e-m+dp/hard\libc_nano.a(libc_a-mallocr.o)
 .text._malloc_r
                0x0000000008009720      0x100 C:/ST/STM32CubeIDE_1.13.1/STM32CubeIDE/plugins/com.st.stm32cube.ide.mcu.externaltools.gnu-tools-for-stm32.11.3.rel1.win32_1.1.0.202305231506/tools/bin/../lib/gcc/arm-none-eabi/11.3.1/../../../../arm-none-eabi/lib/thumb/v7e-m+dp/hard\libc_nano.a(libc_a-mallocr.o)
                0x0000000008009720                _malloc_r
 .text.__malloc_lock
                0x0000000008009820        0xc C:/ST/STM32CubeIDE_1.13.1/STM32CubeIDE/plugins/com.st.stm32cube.ide.mcu.externaltools.gnu-tools-for-stm32.11.3.rel1.win32_1.1.0.202305231506/tools/bin/../lib/gcc/arm-none-eabi/11.3.1/../../../../arm-none-eabi/lib/thumb/v7e-m+dp/hard\libc_nano.a(libc_a-mlock.o)
                0x0000000008009820                __malloc_lock
 .text.__malloc_unlock
                0x000000000800982c        0xc C:/ST/STM32CubeIDE_1.13.1/STM32CubeIDE/plugins/com.st.stm32cube.ide.mcu.externaltools.gnu-tools-for-stm32.11.3.rel1.win32_1.1.0.202305231506/tools/bin/../lib/gcc/arm-none-eabi/11.3.1/../../../../arm-none-eabi/lib/thumb/v7e-m+dp/hard\libc_nano.a(libc_a-mlock.o)
                0x000000000800982c                __malloc_unlock
 .text.realloc  0x0000000008009838       0x10 C:/ST/STM32CubeIDE_1.13.1/STM32CubeIDE/plugins/com.st.stm32cube.ide.mcu.externaltools.gnu-tools-for-stm32.11.3.rel1.win32_1.1.0.202305231506/tools/bin/../lib/gcc/arm-none-eabi/11.3.1/../../../../arm-none-eabi/lib/thumb/v7e-m+dp/hard\libc_nano.a(libc_a-realloc.o)
                0x0000000008009838                realloc
 .text._realloc_r
                0x0000000008009848       0x5e C:/ST/STM32CubeIDE_1.13.1/STM32CubeIDE/plugins/com.st.stm32cube.ide.mcu.externaltools.gnu-tools-for-stm32.11.3.rel1.win32_1.1.0.202305231506/tools/bin/../lib/gcc/arm-none-eabi/11.3.1/../../../../arm-none-eabi/lib/thumb/v7e-m+dp/hard\libc_nano.a(libc_a-reallocr.o)
                0x0000000008009848                _realloc_r
 *fill*         0x00000000080098a6        0x2 
 .text.std      0x00000000080098a8       0x48 C:/ST/STM32CubeIDE_1.13.1/STM32CubeIDE/plugins/com.st.stm32cube.ide.mcu.externaltools.gnu-tools-for-stm32.11.3.rel1.win32_1.1.0.202305231506/tools/bin/../lib/gcc/arm-none-eabi/11.3.1/../../../../arm-none-eabi/lib/thumb/v7e-m+dp/hard\libc_nano.a(libc_a-findfp.o)
 .text.stdio_exit_handler
                0x00000000080098f0       0x18 C:/ST/STM32CubeIDE_1.13.1/STM32CubeIDE/plugins/com.st.stm32cube.ide.mcu.externaltools.gnu-tools-for-stm32.11.3.rel1.win32_1.1.0.202305231506/tools/bin/../lib/gcc/arm-none-eabi/11.3.1/../../../../arm-none-eabi/lib/thumb/v7e-m+dp/hard\libc_nano.a(libc_a-findfp.o)
 .text.cleanup_stdio
                0x0000000008009908       0x40 C:/ST/STM32CubeIDE_1.13.1/STM32CubeIDE/plugins/com.st.stm32cube.ide.mcu.externaltools.gnu-tools-for-stm32.11.3.rel1.win32_1.1.0.202305231506/tools/bin/../lib/gcc/arm-none-eabi/11.3.1/../../../../arm-none-eabi/lib/thumb/v7e-m+dp/hard\libc_nano.a(libc_a-findfp.o)
 .text.global_stdio_init.part.0
                0x0000000008009948       0x3c C:/ST/STM32CubeIDE_1.13.1/STM32CubeIDE/plugins/com.st.stm32cube.ide.mcu.externaltools.gnu-tools-for-stm32.11.3.rel1.win32_1.1.0.202305231506/tools/bin/../lib/gcc/arm-none-eabi/11.3.1/../../../../arm-none-eabi/lib/thumb/v7e-m+dp/hard\libc_nano.a(libc_a-findfp.o)
 .text.__sfp_lock_acquire
                0x0000000008009984        0xc C:/ST/STM32CubeIDE_1.13.1/STM32CubeIDE/plugins/com.st.stm32cube.ide.mcu.externaltools.gnu-tools-for-stm32.11.3.rel1.win32_1.1.0.202305231506/tools/bin/../lib/gcc/arm-none-eabi/11.3.1/../../../../arm-none-eabi/lib/thumb/v7e-m+dp/hard\libc_nano.a(libc_a-findfp.o)
                0x0000000008009984                __sfp_lock_acquire
 .text.__sfp_lock_release
                0x0000000008009990        0xc C:/ST/STM32CubeIDE_1.13.1/STM32CubeIDE/plugins/com.st.stm32cube.ide.mcu.externaltools.gnu-tools-for-stm32.11.3.rel1.win32_1.1.0.202305231506/tools/bin/../lib/gcc/arm-none-eabi/11.3.1/../../../../arm-none-eabi/lib/thumb/v7e-m+dp/hard\libc_nano.a(libc_a-findfp.o)
                0x0000000008009990                __sfp_lock_release
 .text.__sinit  0x000000000800999c       0x30 C:/ST/STM32CubeIDE_1.13.1/STM32CubeIDE/plugins/com.st.stm32cube.ide.mcu.externaltools.gnu-tools-for-stm32.11.3.rel1.win32_1.1.0.202305231506/tools/bin/../lib/gcc/arm-none-eabi/11.3.1/../../../../arm-none-eabi/lib/thumb/v7e-m+dp/hard\libc_nano.a(libc_a-findfp.o)
                0x000000000800999c                __sinit
 .text.fprintf  0x00000000080099cc       0x24 C:/ST/STM32CubeIDE_1.13.1/STM32CubeIDE/plugins/com.st.stm32cube.ide.mcu.externaltools.gnu-tools-for-stm32.11.3.rel1.win32_1.1.0.202305231506/tools/bin/../lib/gcc/arm-none-eabi/11.3.1/../../../../arm-none-eabi/lib/thumb/v7e-m+dp/hard\libc_nano.a(libc_a-fprintf.o)
                0x00000000080099cc                fiprintf
                0x00000000080099cc                fprintf
 .text._fwalk_sglue
                0x00000000080099f0       0x3c C:/ST/STM32CubeIDE_1.13.1/STM32CubeIDE/plugins/com.st.stm32cube.ide.mcu.externaltools.gnu-tools-for-stm32.11.3.rel1.win32_1.1.0.202305231506/tools/bin/../lib/gcc/arm-none-eabi/11.3.1/../../../../arm-none-eabi/lib/thumb/v7e-m+dp/hard\libc_nano.a(libc_a-fwalk.o)
                0x00000000080099f0                _fwalk_sglue
 .text.printf   0x0000000008009a2c       0x24 C:/ST/STM32CubeIDE_1.13.1/STM32CubeIDE/plugins/com.st.stm32cube.ide.mcu.externaltools.gnu-tools-for-stm32.11.3.rel1.win32_1.1.0.202305231506/tools/bin/../lib/gcc/arm-none-eabi/11.3.1/../../../../arm-none-eabi/lib/thumb/v7e-m+dp/hard\libc_nano.a(libc_a-printf.o)
                0x0000000008009a2c                iprintf
                0x0000000008009a2c                printf
 .text.__sread  0x0000000008009a50       0x22 C:/ST/STM32CubeIDE_1.13.1/STM32CubeIDE/plugins/com.st.stm32cube.ide.mcu.externaltools.gnu-tools-for-stm32.11.3.rel1.win32_1.1.0.202305231506/tools/bin/../lib/gcc/arm-none-eabi/11.3.1/../../../../arm-none-eabi/lib/thumb/v7e-m+dp/hard\libc_nano.a(libc_a-stdio.o)
                0x0000000008009a50                __sread
 .text.__swrite
                0x0000000008009a72       0x38 C:/ST/STM32CubeIDE_1.13.1/STM32CubeIDE/plugins/com.st.stm32cube.ide.mcu.externaltools.gnu-tools-for-stm32.11.3.rel1.win32_1.1.0.202305231506/tools/bin/../lib/gcc/arm-none-eabi/11.3.1/../../../../arm-none-eabi/lib/thumb/v7e-m+dp/hard\libc_nano.a(libc_a-stdio.o)
                0x0000000008009a72                __swrite
 .text.__sseek  0x0000000008009aaa       0x24 C:/ST/STM32CubeIDE_1.13.1/STM32CubeIDE/plugins/com.st.stm32cube.ide.mcu.externaltools.gnu-tools-for-stm32.11.3.rel1.win32_1.1.0.202305231506/tools/bin/../lib/gcc/arm-none-eabi/11.3.1/../../../../arm-none-eabi/lib/thumb/v7e-m+dp/hard\libc_nano.a(libc_a-stdio.o)
                0x0000000008009aaa                __sseek
 .text.__sclose
                0x0000000008009ace        0x8 C:/ST/STM32CubeIDE_1.13.1/STM32CubeIDE/plugins/com.st.stm32cube.ide.mcu.externaltools.gnu-tools-for-stm32.11.3.rel1.win32_1.1.0.202305231506/tools/bin/../lib/gcc/arm-none-eabi/11.3.1/../../../../arm-none-eabi/lib/thumb/v7e-m+dp/hard\libc_nano.a(libc_a-stdio.o)
                0x0000000008009ace                __sclose
 .text.memcmp   0x0000000008009ad6       0x20 C:/ST/STM32CubeIDE_1.13.1/STM32CubeIDE/plugins/com.st.stm32cube.ide.mcu.externaltools.gnu-tools-for-stm32.11.3.rel1.win32_1.1.0.202305231506/tools/bin/../lib/gcc/arm-none-eabi/11.3.1/../../../../arm-none-eabi/lib/thumb/v7e-m+dp/hard\libc_nano.a(libc_a-memcmp.o)
                0x0000000008009ad6                memcmp
 .text.memmove  0x0000000008009af6       0x34 C:/ST/STM32CubeIDE_1.13.1/STM32CubeIDE/plugins/com.st.stm32cube.ide.mcu.externaltools.gnu-tools-for-stm32.11.3.rel1.win32_1.1.0.202305231506/tools/bin/../lib/gcc/arm-none-eabi/11.3.1/../../../../arm-none-eabi/lib/thumb/v7e-m+dp/hard\libc_nano.a(libc_a-memmove.o)
                0x0000000008009af6                memmove
 .text.memset   0x0000000008009b2a       0x10 C:/ST/STM32CubeIDE_1.13.1/STM32CubeIDE/plugins/com.st.stm32cube.ide.mcu.externaltools.gnu-tools-for-stm32.11.3.rel1.win32_1.1.0.202305231506/tools/bin/../lib/gcc/arm-none-eabi/11.3.1/../../../../arm-none-eabi/lib/thumb/v7e-m+dp/hard\libc_nano.a(libc_a-memset.o)
                0x0000000008009b2a                memset
 *fill*         0x0000000008009b3a        0x2 
 .text.strncasecmp
                0x0000000008009b3c       0x40 C:/ST/STM32CubeIDE_1.13.1/STM32CubeIDE/plugins/com.st.stm32cube.ide.mcu.externaltools.gnu-tools-for-stm32.11.3.rel1.win32_1.1.0.202305231506/tools/bin/../lib/gcc/arm-none-eabi/11.3.1/../../../../arm-none-eabi/lib/thumb/v7e-m+dp/hard\libc_nano.a(libc_a-strncasecmp.o)
                0x0000000008009b3c                strncasecmp
 .text.strncpy  0x0000000008009b7c       0x26 C:/ST/STM32CubeIDE_1.13.1/STM32CubeIDE/plugins/com.st.stm32cube.ide.mcu.externaltools.gnu-tools-for-stm32.11.3.rel1.win32_1.1.0.202305231506/tools/bin/../lib/gcc/arm-none-eabi/11.3.1/../../../../arm-none-eabi/lib/thumb/v7e-m+dp/hard\libc_nano.a(libc_a-strncpy.o)
                0x0000000008009b7c                strncpy
 *fill*         0x0000000008009ba2        0x2 
 .text._close_r
                0x0000000008009ba4       0x20 C:/ST/STM32CubeIDE_1.13.1/STM32CubeIDE/plugins/com.st.stm32cube.ide.mcu.externaltools.gnu-tools-for-stm32.11.3.rel1.win32_1.1.0.202305231506/tools/bin/../lib/gcc/arm-none-eabi/11.3.1/../../../../arm-none-eabi/lib/thumb/v7e-m+dp/hard\libc_nano.a(libc_a-closer.o)
                0x0000000008009ba4                _close_r
 .text._lseek_r
                0x0000000008009bc4       0x24 C:/ST/STM32CubeIDE_1.13.1/STM32CubeIDE/plugins/com.st.stm32cube.ide.mcu.externaltools.gnu-tools-for-stm32.11.3.rel1.win32_1.1.0.202305231506/tools/bin/../lib/gcc/arm-none-eabi/11.3.1/../../../../arm-none-eabi/lib/thumb/v7e-m+dp/hard\libc_nano.a(libc_a-lseekr.o)
                0x0000000008009bc4                _lseek_r
 .text._read_r  0x0000000008009be8       0x24 C:/ST/STM32CubeIDE_1.13.1/STM32CubeIDE/plugins/com.st.stm32cube.ide.mcu.externaltools.gnu-tools-for-stm32.11.3.rel1.win32_1.1.0.202305231506/tools/bin/../lib/gcc/arm-none-eabi/11.3.1/../../../../arm-none-eabi/lib/thumb/v7e-m+dp/hard\libc_nano.a(libc_a-readr.o)
                0x0000000008009be8                _read_r
 .text._sbrk_r  0x0000000008009c0c       0x20 C:/ST/STM32CubeIDE_1.13.1/STM32CubeIDE/plugins/com.st.stm32cube.ide.mcu.externaltools.gnu-tools-for-stm32.11.3.rel1.win32_1.1.0.202305231506/tools/bin/../lib/gcc/arm-none-eabi/11.3.1/../../../../arm-none-eabi/lib/thumb/v7e-m+dp/hard\libc_nano.a(libc_a-sbrkr.o)
                0x0000000008009c0c                _sbrk_r
 .text._write_r
                0x0000000008009c2c       0x24 C:/ST/STM32CubeIDE_1.13.1/STM32CubeIDE/plugins/com.st.stm32cube.ide.mcu.externaltools.gnu-tools-for-stm32.11.3.rel1.win32_1.1.0.202305231506/tools/bin/../lib/gcc/arm-none-eabi/11.3.1/../../../../arm-none-eabi/lib/thumb/v7e-m+dp/hard\libc_nano.a(libc_a-writer.o)
                0x0000000008009c2c                _write_r
 .text.__errno  0x0000000008009c50        0xc C:/ST/STM32CubeIDE_1.13.1/STM32CubeIDE/plugins/com.st.stm32cube.ide.mcu.externaltools.gnu-tools-for-stm32.11.3.rel1.win32_1.1.0.202305231506/tools/bin/../lib/gcc/arm-none-eabi/11.3.1/../../../../arm-none-eabi/lib/thumb/v7e-m+dp/hard\libc_nano.a(libc_a-errno.o)
                0x0000000008009c50                __errno
 .text.__libc_init_array
                0x0000000008009c5c       0x48 C:/ST/STM32CubeIDE_1.13.1/STM32CubeIDE/plugins/com.st.stm32cube.ide.mcu.externaltools.gnu-tools-for-stm32.11.3.rel1.win32_1.1.0.202305231506/tools/bin/../lib/gcc/arm-none-eabi/11.3.1/../../../../arm-none-eabi/lib/thumb/v7e-m+dp/hard\libc_nano.a(libc_a-init.o)
                0x0000000008009c5c                __libc_init_array
 .text.__retarget_lock_acquire_recursive
                0x0000000008009ca4        0x2 C:/ST/STM32CubeIDE_1.13.1/STM32CubeIDE/plugins/com.st.stm32cube.ide.mcu.externaltools.gnu-tools-for-stm32.11.3.rel1.win32_1.1.0.202305231506/tools/bin/../lib/gcc/arm-none-eabi/11.3.1/../../../../arm-none-eabi/lib/thumb/v7e-m+dp/hard\libc_nano.a(libc_a-lock.o)
                0x0000000008009ca4                __retarget_lock_acquire_recursive
 .text.__retarget_lock_release_recursive
                0x0000000008009ca6        0x2 C:/ST/STM32CubeIDE_1.13.1/STM32CubeIDE/plugins/com.st.stm32cube.ide.mcu.externaltools.gnu-tools-for-stm32.11.3.rel1.win32_1.1.0.202305231506/tools/bin/../lib/gcc/arm-none-eabi/11.3.1/../../../../arm-none-eabi/lib/thumb/v7e-m+dp/hard\libc_nano.a(libc_a-lock.o)
                0x0000000008009ca6                __retarget_lock_release_recursive
 .text.memcpy   0x0000000008009ca8       0x1c C:/ST/STM32CubeIDE_1.13.1/STM32CubeIDE/plugins/com.st.stm32cube.ide.mcu.externaltools.gnu-tools-for-stm32.11.3.rel1.win32_1.1.0.202305231506/tools/bin/../lib/gcc/arm-none-eabi/11.3.1/../../../../arm-none-eabi/lib/thumb/v7e-m+dp/hard\libc_nano.a(libc_a-memcpy-stub.o)
                0x0000000008009ca8                memcpy
 .text.abort    0x0000000008009cc4        0xe C:/ST/STM32CubeIDE_1.13.1/STM32CubeIDE/plugins/com.st.stm32cube.ide.mcu.externaltools.gnu-tools-for-stm32.11.3.rel1.win32_1.1.0.202305231506/tools/bin/../lib/gcc/arm-none-eabi/11.3.1/../../../../arm-none-eabi/lib/thumb/v7e-m+dp/hard\libc_nano.a(libc_a-abort.o)
                0x0000000008009cc4                abort
 *fill*         0x0000000008009cd2        0x2 
 .text._free_r  0x0000000008009cd4       0x98 C:/ST/STM32CubeIDE_1.13.1/STM32CubeIDE/plugins/com.st.stm32cube.ide.mcu.externaltools.gnu-tools-for-stm32.11.3.rel1.win32_1.1.0.202305231506/tools/bin/../lib/gcc/arm-none-eabi/11.3.1/../../../../arm-none-eabi/lib/thumb/v7e-m+dp/hard\libc_nano.a(libc_a-freer.o)
                0x0000000008009cd4                _free_r
 .text._malloc_usable_size_r
                0x0000000008009d6c       0x10 C:/ST/STM32CubeIDE_1.13.1/STM32CubeIDE/plugins/com.st.stm32cube.ide.mcu.externaltools.gnu-tools-for-stm32.11.3.rel1.win32_1.1.0.202305231506/tools/bin/../lib/gcc/arm-none-eabi/11.3.1/../../../../arm-none-eabi/lib/thumb/v7e-m+dp/hard\libc_nano.a(libc_a-msizer.o)
                0x0000000008009d6c                _malloc_usable_size_r
 .text.__sfputc_r
                0x0000000008009d7c       0x2e C:/ST/STM32CubeIDE_1.13.1/STM32CubeIDE/plugins/com.st.stm32cube.ide.mcu.externaltools.gnu-tools-for-stm32.11.3.rel1.win32_1.1.0.202305231506/tools/bin/../lib/gcc/arm-none-eabi/11.3.1/../../../../arm-none-eabi/lib/thumb/v7e-m+dp/hard\libc_nano.a(libc_a-nano-vfprintf.o)
 .text.__sfputs_r
                0x0000000008009daa       0x24 C:/ST/STM32CubeIDE_1.13.1/STM32CubeIDE/plugins/com.st.stm32cube.ide.mcu.externaltools.gnu-tools-for-stm32.11.3.rel1.win32_1.1.0.202305231506/tools/bin/../lib/gcc/arm-none-eabi/11.3.1/../../../../arm-none-eabi/lib/thumb/v7e-m+dp/hard\libc_nano.a(libc_a-nano-vfprintf.o)
                0x0000000008009daa                __sfputs_r
 *fill*         0x0000000008009dce        0x2 
 .text._vfprintf_r
                0x0000000008009dd0      0x234 C:/ST/STM32CubeIDE_1.13.1/STM32CubeIDE/plugins/com.st.stm32cube.ide.mcu.externaltools.gnu-tools-for-stm32.11.3.rel1.win32_1.1.0.202305231506/tools/bin/../lib/gcc/arm-none-eabi/11.3.1/../../../../arm-none-eabi/lib/thumb/v7e-m+dp/hard\libc_nano.a(libc_a-nano-vfprintf.o)
                0x0000000008009dd0                _vfprintf_r
                0x0000000008009dd0                _vfiprintf_r
 .text._printf_common
                0x000000000800a004       0xda C:/ST/STM32CubeIDE_1.13.1/STM32CubeIDE/plugins/com.st.stm32cube.ide.mcu.externaltools.gnu-tools-for-stm32.11.3.rel1.win32_1.1.0.202305231506/tools/bin/../lib/gcc/arm-none-eabi/11.3.1/../../../../arm-none-eabi/lib/thumb/v7e-m+dp/hard\libc_nano.a(libc_a-nano-vfprintf_i.o)
                0x000000000800a004                _printf_common
 *fill*         0x000000000800a0de        0x2 
 .text._printf_i
                0x000000000800a0e0      0x244 C:/ST/STM32CubeIDE_1.13.1/STM32CubeIDE/plugins/com.st.stm32cube.ide.mcu.externaltools.gnu-tools-for-stm32.11.3.rel1.win32_1.1.0.202305231506/tools/bin/../lib/gcc/arm-none-eabi/11.3.1/../../../../arm-none-eabi/lib/thumb/v7e-m+dp/hard\libc_nano.a(libc_a-nano-vfprintf_i.o)
                0x000000000800a0e0                _printf_i
 .text.__sflush_r
                0x000000000800a324      0x10c C:/ST/STM32CubeIDE_1.13.1/STM32CubeIDE/plugins/com.st.stm32cube.ide.mcu.externaltools.gnu-tools-for-stm32.11.3.rel1.win32_1.1.0.202305231506/tools/bin/../lib/gcc/arm-none-eabi/11.3.1/../../../../arm-none-eabi/lib/thumb/v7e-m+dp/hard\libc_nano.a(libc_a-fflush.o)
                0x000000000800a324                __sflush_r
 .text._fflush_r
                0x000000000800a430       0x50 C:/ST/STM32CubeIDE_1.13.1/STM32CubeIDE/plugins/com.st.stm32cube.ide.mcu.externaltools.gnu-tools-for-stm32.11.3.rel1.win32_1.1.0.202305231506/tools/bin/../lib/gcc/arm-none-eabi/11.3.1/../../../../arm-none-eabi/lib/thumb/v7e-m+dp/hard\libc_nano.a(libc_a-fflush.o)
                0x000000000800a430                _fflush_r
 .text.__swbuf_r
                0x000000000800a480       0x7a C:/ST/STM32CubeIDE_1.13.1/STM32CubeIDE/plugins/com.st.stm32cube.ide.mcu.externaltools.gnu-tools-for-stm32.11.3.rel1.win32_1.1.0.202305231506/tools/bin/../lib/gcc/arm-none-eabi/11.3.1/../../../../arm-none-eabi/lib/thumb/v7e-m+dp/hard\libc_nano.a(libc_a-wbuf.o)
                0x000000000800a480                __swbuf_r
 *fill*         0x000000000800a4fa        0x2 
 .text.__swsetup_r
                0x000000000800a4fc       0xb0 C:/ST/STM32CubeIDE_1.13.1/STM32CubeIDE/plugins/com.st.stm32cube.ide.mcu.externaltools.gnu-tools-for-stm32.11.3.rel1.win32_1.1.0.202305231506/tools/bin/../lib/gcc/arm-none-eabi/11.3.1/../../../../arm-none-eabi/lib/thumb/v7e-m+dp/hard\libc_nano.a(libc_a-wsetup.o)
                0x000000000800a4fc                __swsetup_r
 .text._raise_r
                0x000000000800a5ac       0x50 C:/ST/STM32CubeIDE_1.13.1/STM32CubeIDE/plugins/com.st.stm32cube.ide.mcu.externaltools.gnu-tools-for-stm32.11.3.rel1.win32_1.1.0.202305231506/tools/bin/../lib/gcc/arm-none-eabi/11.3.1/../../../../arm-none-eabi/lib/thumb/v7e-m+dp/hard\libc_nano.a(libc_a-signal.o)
                0x000000000800a5ac                _raise_r
 .text.raise    0x000000000800a5fc       0x10 C:/ST/STM32CubeIDE_1.13.1/STM32CubeIDE/plugins/com.st.stm32cube.ide.mcu.externaltools.gnu-tools-for-stm32.11.3.rel1.win32_1.1.0.202305231506/tools/bin/../lib/gcc/arm-none-eabi/11.3.1/../../../../arm-none-eabi/lib/thumb/v7e-m+dp/hard\libc_nano.a(libc_a-signal.o)
                0x000000000800a5fc                raise
 .text._kill_r  0x000000000800a60c       0x24 C:/ST/STM32CubeIDE_1.13.1/STM32CubeIDE/plugins/com.st.stm32cube.ide.mcu.externaltools.gnu-tools-for-stm32.11.3.rel1.win32_1.1.0.202305231506/tools/bin/../lib/gcc/arm-none-eabi/11.3.1/../../../../arm-none-eabi/lib/thumb/v7e-m+dp/hard\libc_nano.a(libc_a-signalr.o)
                0x000000000800a60c                _kill_r
 .text._getpid_r
                0x000000000800a630        0x4 C:/ST/STM32CubeIDE_1.13.1/STM32CubeIDE/plugins/com.st.stm32cube.ide.mcu.externaltools.gnu-tools-for-stm32.11.3.rel1.win32_1.1.0.202305231506/tools/bin/../lib/gcc/arm-none-eabi/11.3.1/../../../../arm-none-eabi/lib/thumb/v7e-m+dp/hard\libc_nano.a(libc_a-signalr.o)
                0x000000000800a630                _getpid_r
 .text.__swhatbuf_r
                0x000000000800a634       0x4c C:/ST/STM32CubeIDE_1.13.1/STM32CubeIDE/plugins/com.st.stm32cube.ide.mcu.externaltools.gnu-tools-for-stm32.11.3.rel1.win32_1.1.0.202305231506/tools/bin/../lib/gcc/arm-none-eabi/11.3.1/../../../../arm-none-eabi/lib/thumb/v7e-m+dp/hard\libc_nano.a(libc_a-makebuf.o)
                0x000000000800a634                __swhatbuf_r
 .text.__smakebuf_r
                0x000000000800a680       0x78 C:/ST/STM32CubeIDE_1.13.1/STM32CubeIDE/plugins/com.st.stm32cube.ide.mcu.externaltools.gnu-tools-for-stm32.11.3.rel1.win32_1.1.0.202305231506/tools/bin/../lib/gcc/arm-none-eabi/11.3.1/../../../../arm-none-eabi/lib/thumb/v7e-m+dp/hard\libc_nano.a(libc_a-makebuf.o)
                0x000000000800a680                __smakebuf_r
 .text._fstat_r
                0x000000000800a6f8       0x24 C:/ST/STM32CubeIDE_1.13.1/STM32CubeIDE/plugins/com.st.stm32cube.ide.mcu.externaltools.gnu-tools-for-stm32.11.3.rel1.win32_1.1.0.202305231506/tools/bin/../lib/gcc/arm-none-eabi/11.3.1/../../../../arm-none-eabi/lib/thumb/v7e-m+dp/hard\libc_nano.a(libc_a-fstatr.o)
                0x000000000800a6f8                _fstat_r
 .text._isatty_r
                0x000000000800a71c       0x20 C:/ST/STM32CubeIDE_1.13.1/STM32CubeIDE/plugins/com.st.stm32cube.ide.mcu.externaltools.gnu-tools-for-stm32.11.3.rel1.win32_1.1.0.202305231506/tools/bin/../lib/gcc/arm-none-eabi/11.3.1/../../../../arm-none-eabi/lib/thumb/v7e-m+dp/hard\libc_nano.a(libc_a-isattyr.o)
                0x000000000800a71c                _isatty_r
 *(.glue_7)
 .glue_7        0x000000000800a73c        0x0 linker stubs
 *(.glue_7t)
 .glue_7t       0x000000000800a73c        0x0 linker stubs
 *(.eh_frame)
 .eh_frame      0x000000000800a73c        0x0 C:/ST/STM32CubeIDE_1.13.1/STM32CubeIDE/plugins/com.st.stm32cube.ide.mcu.externaltools.gnu-tools-for-stm32.11.3.rel1.win32_1.1.0.202305231506/tools/bin/../lib/gcc/arm-none-eabi/11.3.1/thumb/v7e-m+dp/hard/crtbegin.o
 *(.init)
 .init          0x000000000800a73c        0x4 C:/ST/STM32CubeIDE_1.13.1/STM32CubeIDE/plugins/com.st.stm32cube.ide.mcu.externaltools.gnu-tools-for-stm32.11.3.rel1.win32_1.1.0.202305231506/tools/bin/../lib/gcc/arm-none-eabi/11.3.1/thumb/v7e-m+dp/hard/crti.o
                0x000000000800a73c                _init
 .init          0x000000000800a740        0x8 C:/ST/STM32CubeIDE_1.13.1/STM32CubeIDE/plugins/com.st.stm32cube.ide.mcu.externaltools.gnu-tools-for-stm32.11.3.rel1.win32_1.1.0.202305231506/tools/bin/../lib/gcc/arm-none-eabi/11.3.1/thumb/v7e-m+dp/hard/crtn.o
 *(.fini)
 .fini          0x000000000800a748        0x4 C:/ST/STM32CubeIDE_1.13.1/STM32CubeIDE/plugins/com.st.stm32cube.ide.mcu.externaltools.gnu-tools-for-stm32.11.3.rel1.win32_1.1.0.202305231506/tools/bin/../lib/gcc/arm-none-eabi/11.3.1/thumb/v7e-m+dp/hard/crti.o
                0x000000000800a748                _fini
 .fini          0x000000000800a74c        0x8 C:/ST/STM32CubeIDE_1.13.1/STM32CubeIDE/plugins/com.st.stm32cube.ide.mcu.externaltools.gnu-tools-for-stm32.11.3.rel1.win32_1.1.0.202305231506/tools/bin/../lib/gcc/arm-none-eabi/11.3.1/thumb/v7e-m+dp/hard/crtn.o
                0x000000000800a754                . = ALIGN (0x4)
                0x000000000800a754                _etext = .

.vfp11_veneer   0x000000000800a754        0x0
 .vfp11_veneer  0x000000000800a754        0x0 linker stubs

.v4_bx          0x000000000800a754        0x0
 .v4_bx         0x000000000800a754        0x0 linker stubs

.iplt           0x000000000800a754        0x0
 .iplt          0x000000000800a754        0x0 C:/ST/STM32CubeIDE_1.13.1/STM32CubeIDE/plugins/com.st.stm32cube.ide.mcu.externaltools.gnu-tools-for-stm32.11.3.rel1.win32_1.1.0.202305231506/tools/bin/../lib/gcc/arm-none-eabi/11.3.1/thumb/v7e-m+dp/hard/crtbegin.o

.rodata         0x000000000800a754     0x2724
                0x000000000800a754                . = ALIGN (0x4)
 *(.rodata)
 *(.rodata*)
 .rodata.isCookieAvailable.str1.4
                0x000000000800a754        0xd ./Core/Src/main.o
 *fill*         0x000000000800a761        0x3 
 .rodata.InitializeToolkit.str1.4
                0x000000000800a764       0x4f ./Core/Src/main.o
 *fill*         0x000000000800a7b3        0x1 
 .rodata.AHBPrescTable
                0x000000000800a7b4       0x10 ./Core/Src/system_stm32f7xx.o
                0x000000000800a7b4                AHBPrescTable
 .rodata.App_ReadBoardInfo.str1.4
                0x000000000800a7c4        0x6 ./Hil_DemoApp/Sources/App_DemoApplication.o
 .rodata.Pkt_SendReceivePacket.str1.4
                0x000000000800a7c4       0x31 ./Hil_DemoApp/Sources/App_PacketCommunication.o
                                         0x35 (size before relaxing)
 *fill*         0x000000000800a7f5        0x3 
 .rodata.__func__.0
                0x000000000800a7f8       0x16 ./Hil_DemoApp/Sources/App_PacketCommunication.o
 *fill*         0x000000000800a80e        0x2 
 .rodata.SerialDPM_Init.str1.4
                0x000000000800a810        0x4 ./Hil_cifXToolkit/SerialDPM/SerialDPMInterface.o
 .rodata.Crc32Table
                0x000000000800a814      0x400 ./Hil_cifXToolkit/Source/Hilcrc32.o
 .rodata.pad.0  0x000000000800ac14       0x40 ./Hil_cifXToolkit/Source/Hilmd5.o
 .rodata.DEV_IsFWFile.str1.4
                0x000000000800ac54       0x1d ./Hil_cifXToolkit/Source/cifXDownload.o
 *fill*         0x000000000800ac71        0x3 
 .rodata.DEV_IsFWFileNetX90or4000.str1.4
                0x000000000800ac74       0x2d ./Hil_cifXToolkit/Source/cifXDownload.o
 *fill*         0x000000000800aca1        0x3 
 .rodata.DEV_CheckForDownload.str1.4
                0x000000000800aca4       0xe9 ./Hil_cifXToolkit/Source/cifXDownload.o
 *fill*         0x000000000800ad8d        0x3 
 .rodata.DEV_ProcessFWDownload.str1.4
                0x000000000800ad90      0x182 ./Hil_cifXToolkit/Source/cifXDownload.o
 *fill*         0x000000000800af12        0x2 
 .rodata.s_atAppChannelInfo
                0x000000000800af14        0xc ./Hil_cifXToolkit/Source/cifXFunctions.o
 .rodata.s_atCommChannelInfo
                0x000000000800af20       0x18 ./Hil_cifXToolkit/Source/cifXFunctions.o
 .rodata.s_atHandshakeChannelInfo
                0x000000000800af38        0xc ./Hil_cifXToolkit/Source/cifXFunctions.o
 .rodata.s_atSystemChannelInfo
                0x000000000800af44       0x18 ./Hil_cifXToolkit/Source/cifXFunctions.o
 .rodata.s_atSystemControlBlock
                0x000000000800af5c        0xc ./Hil_cifXToolkit/Source/cifXFunctions.o
 .rodata.s_atSystemInfoBlock
                0x000000000800af68       0x3c ./Hil_cifXToolkit/Source/cifXFunctions.o
 .rodata.s_atSystemStatusBlock
                0x000000000800afa4       0x18 ./Hil_cifXToolkit/Source/cifXFunctions.o
 .rodata.DEV_WaitForReady_Poll.str1.4
                0x000000000800afbc        0xd ./Hil_cifXToolkit/Source/cifXHWFunctions.o
 .rodata.DEV_DoChannelInit.str1.4
                0x000000000800afbc      0x143 ./Hil_cifXToolkit/Source/cifXHWFunctions.o
 *fill*         0x000000000800b0ff        0x1 
 .rodata.DEV_DoSystemStart.str1.4
                0x000000000800b100      0x167 ./Hil_cifXToolkit/Source/cifXHWFunctions.o
 *fill*         0x000000000800b267        0x1 
 .rodata.cifXEvaluateDeviceType.str1.4
                0x000000000800b268      0x2d1 ./Hil_cifXToolkit/Source/cifXInit.o
                                        0x2e1 (size before relaxing)
 *fill*         0x000000000800b539        0x3 
 .rodata.cifXRunBootloader.str1.4
                0x000000000800b53c      0x170 ./Hil_cifXToolkit/Source/cifXInit.o
 .rodata.cifXHandleRAMBaseOSModule.str1.4
                0x000000000800b6ac      0x19b ./Hil_cifXToolkit/Source/cifXInit.o
 *fill*         0x000000000800b847        0x1 
 .rodata.cifXHandleFlashBaseOSModule.str1.4
                0x000000000800b848       0x3d ./Hil_cifXToolkit/Source/cifXInit.o
                                         0x99 (size before relaxing)
 *fill*         0x000000000800b885        0x3 
 .rodata.cifXDownloadFWFiles.str1.4
                0x000000000800b888       0xd8 ./Hil_cifXToolkit/Source/cifXInit.o
 .rodata.cifXDownloadCNFFiles.str1.4
                0x000000000800b960      0x16e ./Hil_cifXToolkit/Source/cifXInit.o
 *fill*         0x000000000800bace        0x2 
 .rodata.cifXReadChannelLayout.str1.4
                0x000000000800bad0      0x647 ./Hil_cifXToolkit/Source/cifXInit.o
 *fill*         0x000000000800c117        0x1 
 .rodata.cifXCreateSystemDevice.str1.4
                0x000000000800c118      0x130 ./Hil_cifXToolkit/Source/cifXInit.o
 .rodata.cifXStartFlashConfiguration.str1.4
                0x000000000800c248       0x70 ./Hil_cifXToolkit/Source/cifXInit.o
 .rodata.cifXHandleWarmstartParameter.str1.4
                0x000000000800c2b8       0xed ./Hil_cifXToolkit/Source/cifXInit.o
 *fill*         0x000000000800c3a5        0x3 
 .rodata.cifXCheckCachedBufferEnable.str1.4
                0x000000000800c3a8       0x3b ./Hil_cifXToolkit/Source/cifXInit.o
 *fill*         0x000000000800c3e3        0x1 
 .rodata.cifXCheckIRQEnable.str1.4
                0x000000000800c3e4       0x4b ./Hil_cifXToolkit/Source/cifXInit.o
 *fill*         0x000000000800c42f        0x1 
 .rodata.cifXStopDevice.str1.4
                0x000000000800c430       0x1e ./Hil_cifXToolkit/Source/cifXInit.o
 *fill*         0x000000000800c44e        0x2 
 .rodata.cifXDetectChipTypebyROMLoader.str1.4
                0x000000000800c450       0x16 ./Hil_cifXToolkit/Source/cifXInit.o
 *fill*         0x000000000800c466        0x2 
 .rodata.cifXHardwareReset.str1.4
                0x000000000800c468       0x6f ./Hil_cifXToolkit/Source/cifXInit.o
 *fill*         0x000000000800c4d7        0x1 
 .rodata.cifXStartRAMDevice.str1.4
                0x000000000800c4d8      0x167 ./Hil_cifXToolkit/Source/cifXInit.o
 *fill*         0x000000000800c63f        0x1 
 .rodata.cifXReadHardwareIdent.str1.4
                0x000000000800c640       0x33 ./Hil_cifXToolkit/Source/cifXInit.o
 *fill*         0x000000000800c673        0x1 
 .rodata.cifXReadFirmwareIdent.str1.4
                0x000000000800c674       0x33 ./Hil_cifXToolkit/Source/cifXInit.o
 *fill*         0x000000000800c6a7        0x1 
 .rodata.cifXCreateChannels.str1.4
                0x000000000800c6a8      0x19a ./Hil_cifXToolkit/Source/cifXInit.o
 *fill*         0x000000000800c842        0x2 
 .rodata.cifXStartModule.str1.4
                0x000000000800c844       0x3a ./Hil_cifXToolkit/Source/cifXInit.o
 *fill*         0x000000000800c87e        0x2 
 .rodata.cifXStartRAMFirmware.str1.4
                0x000000000800c880       0x51 ./Hil_cifXToolkit/Source/cifXInit.o
 *fill*         0x000000000800c8d1        0x3 
 .rodata.cifXStartFlashFirmware.str1.4
                0x000000000800c8d4       0x3f ./Hil_cifXToolkit/Source/cifXInit.o
 *fill*         0x000000000800c913        0x1 
 .rodata.cifXStartDevice.str1.4