../App/common/APC_Utils.c:21:6:APC_Delay	16	static
../App/common/APC_Utils.c:30:10:millis	8	static
../App/common/APC_Utils.c:35:6:isString	16	static
../App/common/APC_Utils.c:43:6:floatToByte	24	static
../App/common/APC_Utils.c:52:6:intToByte	24	static
../App/common/APC_Utils.c:61:6:uint32ToByte	24	static
../App/common/APC_Utils.c:70:6:uint16ToByte	24	static
../App/common/APC_Utils.c:79:6:getAlphaNumeric	16	static
../App/common/APC_Utils.c:91:6:setMyLogLevel	16	static
../App/common/APC_Utils.c:97:6:getMyLogLevel	4	static
../App/common/APC_Utils.c:102:6:getCurrentDateStr	56	static
../App/common/APC_Utils.c:134:6:prtLog	348	static
../App/common/APC_Utils.c:184:6:deleteChar	16	static
../App/common/APC_Utils.c:201:6:convString2Integer	40	static
../App/common/APC_Utils.c:217:6:convString2Float	56	static
../App/common/APC_Utils.c:233:6:convString2Double	56	static
../App/common/APC_Utils.c:249:6:convInteger2String	40	static
../App/common/APC_Utils.c:264:6:convFloat2String	40	static
../App/common/APC_Utils.c:280:6:convDouble2String	48	static
../App/common/APC_Utils.c:295:6:convFloat2HexString	48	static
