../App/model/driver/APC_TMC.c:40:6:initTMC	24	static
../App/model/driver/APC_TMC.c:95:6:refreshTMCValues	8	static
../App/model/driver/APC_TMC.c:127:6:setSynchCondition	16	static
../App/model/driver/APC_TMC.c:141:6:setRampMode	16	static
../App/model/driver/APC_TMC.c:149:9:getRampMode	8	static
../App/model/driver/APC_TMC.c:155:6:setPIDMode	16	static
../App/model/driver/APC_TMC.c:171:6:setSolenoidStatus	16	static
../App/model/driver/APC_TMC.c:189:6:getSolenoidStatus	4	static
../App/model/driver/APC_TMC.c:204:6:setMotorTargetPosition	24	static
../App/model/driver/APC_TMC.c:220:5:getMotorTargetPosition	8	static
../App/model/driver/APC_TMC.c:226:6:setMotorPosition	16	static
../App/model/driver/APC_TMC.c:232:5:getMotorPosition	8	static
../App/model/driver/APC_TMC.c:238:6:setEncoderPosition	16	static
../App/model/driver/APC_TMC.c:244:5:getEncoderPosition	8	static
../App/model/driver/APC_TMC.c:255:6:setMotorVelocity	16	static
../App/model/driver/APC_TMC.c:261:5:getMotorVelocity	8	static
../App/model/driver/APC_TMC.c:267:6:setMotorPosVelocity	16	static
../App/model/driver/APC_TMC.c:273:10:getMotorPosVelocity	8	static
../App/model/driver/APC_TMC.c:279:10:getMotorMaxVelocity	4	static
../App/model/driver/APC_TMC.c:284:10:getMotorMaxAcc	4	static
../App/model/driver/APC_TMC.c:289:6:setMotorPosAcceleration	16	static
../App/model/driver/APC_TMC.c:295:10:getMotorPosAcceleration	8	static
../App/model/driver/APC_TMC.c:301:9:getMotorStatus	8	static
../App/model/driver/APC_TMC.c:308:5:readTMC457	16	static
../App/model/driver/APC_TMC.c:335:6:writeTMC457	16	static
