Archive member included to satisfy reference by file (symbol)

C:/ST/STM32CubeIDE_1.16.1/STM32CubeIDE/plugins/com.st.stm32cube.ide.mcu.externaltools.gnu-tools-for-stm32.12.3.rel1.win32_1.0.200.202406191623/tools/bin/../lib/gcc/arm-none-eabi/12.3.1/../../../../arm-none-eabi/lib/thumb/v7e-m+fp/hard\libc_nano.a(libc_a-assert.o)
                              ./Hil_DemoApp/Sources/App_PacketCommunication.o (__assert_func)
C:/ST/STM32CubeIDE_1.16.1/STM32CubeIDE/plugins/com.st.stm32cube.ide.mcu.externaltools.gnu-tools-for-stm32.12.3.rel1.win32_1.0.200.202406191623/tools/bin/../lib/gcc/arm-none-eabi/12.3.1/../../../../arm-none-eabi/lib/thumb/v7e-m+fp/hard\libc_nano.a(libc_a-calloc.o)
                              ./Core/Src/main.o (calloc)
C:/ST/STM32CubeIDE_1.16.1/STM32CubeIDE/plugins/com.st.stm32cube.ide.mcu.externaltools.gnu-tools-for-stm32.12.3.rel1.win32_1.0.200.202406191623/tools/bin/../lib/gcc/arm-none-eabi/12.3.1/../../../../arm-none-eabi/lib/thumb/v7e-m+fp/hard\libc_nano.a(libc_a-callocr.o)
                              C:/ST/STM32CubeIDE_1.16.1/STM32CubeIDE/plugins/com.st.stm32cube.ide.mcu.externaltools.gnu-tools-for-stm32.12.3.rel1.win32_1.0.200.202406191623/tools/bin/../lib/gcc/arm-none-eabi/12.3.1/../../../../arm-none-eabi/lib/thumb/v7e-m+fp/hard\libc_nano.a(libc_a-calloc.o) (_calloc_r)
C:/ST/STM32CubeIDE_1.16.1/STM32CubeIDE/plugins/com.st.stm32cube.ide.mcu.externaltools.gnu-tools-for-stm32.12.3.rel1.win32_1.0.200.202406191623/tools/bin/../lib/gcc/arm-none-eabi/12.3.1/../../../../arm-none-eabi/lib/thumb/v7e-m+fp/hard\libc_nano.a(libc_a-exit.o)
                              C:/ST/STM32CubeIDE_1.16.1/STM32CubeIDE/plugins/com.st.stm32cube.ide.mcu.externaltools.gnu-tools-for-stm32.12.3.rel1.win32_1.0.200.202406191623/tools/bin/../lib/gcc/arm-none-eabi/12.3.1/../../../../arm-none-eabi/lib/thumb/v7e-m+fp/hard/crt0.o (exit)
C:/ST/STM32CubeIDE_1.16.1/STM32CubeIDE/plugins/com.st.stm32cube.ide.mcu.externaltools.gnu-tools-for-stm32.12.3.rel1.win32_1.0.200.202406191623/tools/bin/../lib/gcc/arm-none-eabi/12.3.1/../../../../arm-none-eabi/lib/thumb/v7e-m+fp/hard\libc_nano.a(libc_a-malloc.o)
                              ./Middlewares/ST/STM32_USB_Host_Library/Class/CDC/Src/usbh_cdc.o (malloc)
C:/ST/STM32CubeIDE_1.16.1/STM32CubeIDE/plugins/com.st.stm32cube.ide.mcu.externaltools.gnu-tools-for-stm32.12.3.rel1.win32_1.0.200.202406191623/tools/bin/../lib/gcc/arm-none-eabi/12.3.1/../../../../arm-none-eabi/lib/thumb/v7e-m+fp/hard\libc_nano.a(libc_a-mallocr.o)
                              C:/ST/STM32CubeIDE_1.16.1/STM32CubeIDE/plugins/com.st.stm32cube.ide.mcu.externaltools.gnu-tools-for-stm32.12.3.rel1.win32_1.0.200.202406191623/tools/bin/../lib/gcc/arm-none-eabi/12.3.1/../../../../arm-none-eabi/lib/thumb/v7e-m+fp/hard\libc_nano.a(libc_a-callocr.o) (_malloc_r)
C:/ST/STM32CubeIDE_1.16.1/STM32CubeIDE/plugins/com.st.stm32cube.ide.mcu.externaltools.gnu-tools-for-stm32.12.3.rel1.win32_1.0.200.202406191623/tools/bin/../lib/gcc/arm-none-eabi/12.3.1/../../../../arm-none-eabi/lib/thumb/v7e-m+fp/hard\libc_nano.a(libc_a-mlock.o)
                              C:/ST/STM32CubeIDE_1.16.1/STM32CubeIDE/plugins/com.st.stm32cube.ide.mcu.externaltools.gnu-tools-for-stm32.12.3.rel1.win32_1.0.200.202406191623/tools/bin/../lib/gcc/arm-none-eabi/12.3.1/../../../../arm-none-eabi/lib/thumb/v7e-m+fp/hard\libc_nano.a(libc_a-mallocr.o) (__malloc_lock)
C:/ST/STM32CubeIDE_1.16.1/STM32CubeIDE/plugins/com.st.stm32cube.ide.mcu.externaltools.gnu-tools-for-stm32.12.3.rel1.win32_1.0.200.202406191623/tools/bin/../lib/gcc/arm-none-eabi/12.3.1/../../../../arm-none-eabi/lib/thumb/v7e-m+fp/hard\libc_nano.a(libc_a-realloc.o)
                              ./netx_tk/OSAbstraction/OS_Custom.o (realloc)
C:/ST/STM32CubeIDE_1.16.1/STM32CubeIDE/plugins/com.st.stm32cube.ide.mcu.externaltools.gnu-tools-for-stm32.12.3.rel1.win32_1.0.200.202406191623/tools/bin/../lib/gcc/arm-none-eabi/12.3.1/../../../../arm-none-eabi/lib/thumb/v7e-m+fp/hard\libc_nano.a(libc_a-reallocr.o)
                              C:/ST/STM32CubeIDE_1.16.1/STM32CubeIDE/plugins/com.st.stm32cube.ide.mcu.externaltools.gnu-tools-for-stm32.12.3.rel1.win32_1.0.200.202406191623/tools/bin/../lib/gcc/arm-none-eabi/12.3.1/../../../../arm-none-eabi/lib/thumb/v7e-m+fp/hard\libc_nano.a(libc_a-realloc.o) (_realloc_r)
C:/ST/STM32CubeIDE_1.16.1/STM32CubeIDE/plugins/com.st.stm32cube.ide.mcu.externaltools.gnu-tools-for-stm32.12.3.rel1.win32_1.0.200.202406191623/tools/bin/../lib/gcc/arm-none-eabi/12.3.1/../../../../arm-none-eabi/lib/thumb/v7e-m+fp/hard\libc_nano.a(libc_a-nano-vfprintf_float.o)
                              (_printf_float)
C:/ST/STM32CubeIDE_1.16.1/STM32CubeIDE/plugins/com.st.stm32cube.ide.mcu.externaltools.gnu-tools-for-stm32.12.3.rel1.win32_1.0.200.202406191623/tools/bin/../lib/gcc/arm-none-eabi/12.3.1/../../../../arm-none-eabi/lib/thumb/v7e-m+fp/hard\libc_nano.a(libc_a-nano-vfprintf_i.o)
[...]
Memory Configuration

Name             Origin             Length             Attributes
CCMRAM           0x10000000         0x00010000         xrw
RAM              0x20000000         0x00030000         xrw
FLASH            0x08000000         0x00200000         xr
*default*        0x00000000         0xffffffff

Linker script and memory map

LOAD C:/ST/STM32CubeIDE_1.16.1/STM32CubeIDE/plugins/com.st.stm32cube.ide.mcu.externaltools.gnu-tools-for-stm32.12.3.rel1.win32_1.0.200.202406191623/tools/bin/../lib/gcc/arm-none-eabi/12.3.1/thumb/v7e-m+fp/hard/crti.o
LOAD C:/ST/STM32CubeIDE_1.16.1/STM32CubeIDE/plugins/com.st.stm32cube.ide.mcu.externaltools.gnu-tools-for-stm32.12.3.rel1.win32_1.0.200.202406191623/tools/bin/../lib/gcc/arm-none-eabi/12.3.1/thumb/v7e-m+fp/hard/crtbegin.o
LOAD C:/ST/STM32CubeIDE_1.16.1/STM32CubeIDE/plugins/com.st.stm32cube.ide.mcu.externaltools.gnu-tools-for-stm32.12.3.rel1.win32_1.0.200.202406191623/tools/bin/../lib/gcc/arm-none-eabi/12.3.1/../../../../arm-none-eabi/lib/thumb/v7e-m+fp/hard/crt0.o
LOAD ./Core/Src/main.o
LOAD ./Core/Src/stm32f4xx_hal_msp.o
LOAD ./Core/Src/stm32f4xx_hal_timebase_tim.o
LOAD ./Core/Src/stm32f4xx_it.o
LOAD ./Core/Src/syscalls.o
LOAD ./Core/Src/sysmem.o
LOAD ./Core/Src/system_stm32f4xx.o
LOAD ./Core/Startup/startup_stm32f429zitx.o
LOAD ./Drivers/STM32F4xx_HAL_Driver/Src/stm32f4xx_hal.o
LOAD ./Drivers/STM32F4xx_HAL_Driver/Src/stm32f4xx_hal_cortex.o
LOAD ./Drivers/STM32F4xx_HAL_Driver/Src/stm32f4xx_hal_dma.o
LOAD ./Drivers/STM32F4xx_HAL_Driver/Src/stm32f4xx_hal_dma_ex.o
LOAD ./Drivers/STM32F4xx_HAL_Driver/Src/stm32f4xx_hal_exti.o
LOAD ./Drivers/STM32F4xx_HAL_Driver/Src/stm32f4xx_hal_flash.o
LOAD ./Drivers/STM32F4xx_HAL_Driver/Src/stm32f4xx_hal_flash_ex.o
LOAD ./Drivers/STM32F4xx_HAL_Driver/Src/stm32f4xx_hal_flash_ramfunc.o
LOAD ./Drivers/STM32F4xx_HAL_Driver/Src/stm32f4xx_hal_gpio.o
LOAD ./Drivers/STM32F4xx_HAL_Driver/Src/stm32f4xx_hal_hcd.o
LOAD ./Drivers/STM32F4xx_HAL_Driver/Src/stm32f4xx_hal_pwr.o
LOAD ./Drivers/STM32F4xx_HAL_Driver/Src/stm32f4xx_hal_pwr_ex.o
LOAD ./Drivers/STM32F4xx_HAL_Driver/Src/stm32f4xx_hal_rcc.o
LOAD ./Drivers/STM32F4xx_HAL_Driver/Src/stm32f4xx_hal_rcc_ex.o
LOAD ./Drivers/STM32F4xx_HAL_Driver/Src/stm32f4xx_hal_spi.o
LOAD ./Drivers/STM32F4xx_HAL_Driver/Src/stm32f4xx_hal_tim.o
LOAD ./Drivers/STM32F4xx_HAL_Driver/Src/stm32f4xx_hal_tim_ex.o
LOAD ./Drivers/STM32F4xx_HAL_Driver/Src/stm32f4xx_hal_uart.o
LOAD ./Drivers/STM32F4xx_HAL_Driver/Src/stm32f4xx_ll_usb.o
LOAD ./Hil_DemoApp/Sources/App_DemoApplication.o
LOAD ./Hil_DemoApp/Sources/App_PacketCommunication.o
LOAD ./Hil_DemoApp/Sources/App_SystemPackets.o
LOAD ./Hil_DemoApp/Sources/App_VAT_AssemblySelector.o
LOAD ./Hil_DemoApp/Sources/App_VAT_Conversion.o
LOAD ./Hil_DemoApp/Sources/App_VAT_Diagnostic.o
LOAD ./Hil_DemoApp/Sources/App_VAT_ExplicitHandler.o
LOAD ./Hil_DemoApp/Sources/App_VAT_Flash.o
LOAD ./Hil_DemoApp/Sources/App_VAT_IoHandler.o
LOAD ./Hil_DemoApp/Sources/App_VAT_Parameters.o
LOAD ./Hil_DemoApp/Sources/App_VAT_UserObject.o
LOAD ./Hil_DemoApp/Sources/devicenet_master_info.o
LOAD ./Hil_DemoApp/Sources/mmio_control.o
LOAD ./Hil_DemoApp/Sources/vat_devicenet_test.o
LOAD ./Hil_DemoAppDNS/Sources/AppDNS_DemoApplication.o
LOAD ./Hil_DemoAppDNS/Sources/AppDNS_DemoApplicationFunctions.o
LOAD ./Hil_DemoAppDNS/Sources/AppDNS_ExplicitMsg.o
LOAD ./Middlewares/ST/STM32_USB_Host_Library/Class/CDC/Src/usbh_cdc.o
LOAD ./Middlewares/ST/STM32_USB_Host_Library/Core/Src/usbh_core.o
LOAD ./Middlewares/ST/STM32_USB_Host_Library/Core/Src/usbh_ctlreq.o
LOAD ./Middlewares/ST/STM32_USB_Host_Library/Core/Src/usbh_ioreq.o
LOAD ./Middlewares/ST/STM32_USB_Host_Library/Core/Src/usbh_pipes.o
LOAD ./USB_HOST/App/usb_host.o
LOAD ./USB_HOST/Target/usbh_conf.o
LOAD ./USB_HOST/Target/usbh_platform.o
LOAD ./netx_tk/OSAbstraction/OS_Custom.o
LOAD ./netx_tk/OSAbstraction/OS_SPICustom.o
LOAD ./netx_tk/SerialDPM/SerialDPMInterface.o
LOAD ./netx_tk/Source/Hilcrc32.o
LOAD ./netx_tk/Source/Hilmd5.o
LOAD ./netx_tk/Source/cifXDownload.o
LOAD ./netx_tk/Source/cifXEndianess.o
LOAD ./netx_tk/Source/cifXFunctions.o
LOAD ./netx_tk/Source/cifXHWFunctions.o
LOAD ./netx_tk/Source/cifXInit.o
LOAD ./netx_tk/Source/cifXInterrupt.o
LOAD ./netx_tk/Source/netX5x_hboot.o
LOAD ./netx_tk/Source/netX5xx_hboot.o
LOAD ./netx_tk/Source/netX90_netX4x00.o
LOAD ./netx_tk/User/TKitUser_Custom.o
START GROUP
LOAD C:/ST/STM32CubeIDE_1.16.1/STM32CubeIDE/plugins/com.st.stm32cube.ide.mcu.externaltools.gnu-tools-for-stm32.12.3.rel1.win32_1.0.200.202406191623/tools/bin/../lib/gcc/arm-none-eabi/12.3.1/../../../../arm-none-eabi/lib/thumb/v7e-m+fp/hard\libc_nano.a
LOAD C:/ST/STM32CubeIDE_1.16.1/STM32CubeIDE/plugins/com.st.stm32cube.ide.mcu.externaltools.gnu-tools-for-stm32.12.3.rel1.win32_1.0.200.202406191623/tools/bin/../lib/gcc/arm-none-eabi/12.3.1/../../../../arm-none-eabi/lib/thumb/v7e-m+fp/hard\libm.a
END GROUP
START GROUP
LOAD C:/ST/STM32CubeIDE_1.16.1/STM32CubeIDE/plugins/com.st.stm32cube.ide.mcu.externaltools.gnu-tools-for-stm32.12.3.rel1.win32_1.0.200.202406191623/tools/bin/../lib/gcc/arm-none-eabi/12.3.1/thumb/v7e-m+fp/hard\libgcc.a
LOAD C:/ST/STM32CubeIDE_1.16.1/STM32CubeIDE/plugins/com.st.stm32cube.ide.mcu.externaltools.gnu-tools-for-stm32.12.3.rel1.win32_1.0.200.202406191623/tools/bin/../lib/gcc/arm-none-eabi/12.3.1/../../../../arm-none-eabi/lib/thumb/v7e-m+fp/hard\libc_nano.a
END GROUP
START GROUP
LOAD C:/ST/STM32CubeIDE_1.16.1/STM32CubeIDE/plugins/com.st.stm32cube.ide.mcu.externaltools.gnu-tools-for-stm32.12.3.rel1.win32_1.0.200.202406191623/tools/bin/../lib/gcc/arm-none-eabi/12.3.1/thumb/v7e-m+fp/hard\libgcc.a
LOAD C:/ST/STM32CubeIDE_1.16.1/STM32CubeIDE/plugins/com.st.stm32cube.ide.mcu.externaltools.gnu-tools-for-stm32.12.3.rel1.win32_1.0.200.202406191623/tools/bin/../lib/gcc/arm-none-eabi/12.3.1/../../../../arm-none-eabi/lib/thumb/v7e-m+fp/hard\libc_nano.a
LOAD C:/ST/STM32CubeIDE_1.16.1/STM32CubeIDE/plugins/com.st.stm32cube.ide.mcu.externaltools.gnu-tools-for-stm32.12.3.rel1.win32_1.0.200.202406191623/tools/bin/../lib/gcc/arm-none-eabi/12.3.1/../../../../arm-none-eabi/lib/thumb/v7e-m+fp/hard\libnosys.a
END GROUP
START GROUP
LOAD C:/ST/STM32CubeIDE_1.16.1/STM32CubeIDE/plugins/com.st.stm32cube.ide.mcu.externaltools.gnu-tools-for-stm32.12.3.rel1.win32_1.0.200.202406191623/tools/bin/../lib/gcc/arm-none-eabi/12.3.1/thumb/v7e-m+fp/hard\libgcc.a
LOAD C:/ST/STM32CubeIDE_1.16.1/STM32CubeIDE/plugins/com.st.stm32cube.ide.mcu.externaltools.gnu-tools-for-stm32.12.3.rel1.win32_1.0.200.202406191623/tools/bin/../lib/gcc/arm-none-eabi/12.3.1/../../../../arm-none-eabi/lib/thumb/v7e-m+fp/hard\libc_nano.a
LOAD C:/ST/STM32CubeIDE_1.16.1/STM32CubeIDE/plugins/com.st.stm32cube.ide.mcu.externaltools.gnu-tools-for-stm32.12.3.rel1.win32_1.0.200.202406191623/tools/bin/../lib/gcc/arm-none-eabi/12.3.1/../../../../arm-none-eabi/lib/thumb/v7e-m+fp/hard\libnosys.a
END GROUP
LOAD C:/ST/STM32CubeIDE_1.16.1/STM32CubeIDE/plugins/com.st.stm32cube.ide.mcu.externaltools.gnu-tools-for-stm32.12.3.rel1.win32_1.0.200.202406191623/tools/bin/../lib/gcc/arm-none-eabi/12.3.1/thumb/v7e-m+fp/hard/crtend.o
LOAD C:/ST/STM32CubeIDE_1.16.1/STM32CubeIDE/plugins/com.st.stm32cube.ide.mcu.externaltools.gnu-tools-for-stm32.12.3.rel1.win32_1.0.200.202406191623/tools/bin/../lib/gcc/arm-none-eabi/12.3.1/thumb/v7e-m+fp/hard/crtn.o
                0x20030000                        _estack = (ORIGIN (RAM) + LENGTH (RAM))
                0x00000200                        _Min_Heap_Size = 0x200
                0x00000400                        _Min_Stack_Size = 0x400

.isr_vector     0x08000000      0x1ac
                0x08000000                        . = ALIGN (0x4)
 *(.isr_vector)
 .isr_vector    0x08000000      0x1ac ./Core/Startup/startup_stm32f429zitx.o
                0x08000000                g_pfnVectors
                0x080001ac                        . = ALIGN (0x4)

.text           0x080001b0    0x1d4c4
                0x080001b0                        . = ALIGN (0x4)
 *(.text)
 .text          0x080001b0       0x40 C:/ST/STM32CubeIDE_1.16.1/STM32CubeIDE/plugins/com.st.stm32cube.ide.mcu.externaltools.gnu-tools-for-stm32.12.3.rel1.win32_1.0.200.202406191623/tools/bin/../lib/gcc/arm-none-eabi/12.3.1/thumb/v7e-m+fp/hard/crtbegin.o
 .text          0x080001f0       0x14 C:/ST/STM32CubeIDE_1.16.1/STM32CubeIDE/plugins/com.st.stm32cube.ide.mcu.externaltools.gnu-tools-for-stm32.12.3.rel1.win32_1.0.200.202406191623/tools/bin/../lib/gcc/arm-none-eabi/12.3.1/../../../../arm-none-eabi/lib/thumb/v7e-m+fp/hard\libc_nano.a(libc_a-strcmp.o)
                0x080001f0                strcmp
 *fill*         0x08000204        0xc 
 .text          0x08000210       0xa0 C:/ST/STM32CubeIDE_1.16.1/STM32CubeIDE/plugins/com.st.stm32cube.ide.mcu.externaltools.gnu-tools-for-stm32.12.3.rel1.win32_1.0.200.202406191623/tools/bin/../lib/gcc/arm-none-eabi/12.3.1/../../../../arm-none-eabi/lib/thumb/v7e-m+fp/hard\libc_nano.a(libc_a-memchr.o)
                0x08000210                memchr
 .text          0x080002b0       0x10 C:/ST/STM32CubeIDE_1.16.1/STM32CubeIDE/plugins/com.st.stm32cube.ide.mcu.externaltools.gnu-tools-for-stm32.12.3.rel1.win32_1.0.200.202406191623/tools/bin/../lib/gcc/arm-none-eabi/12.3.1/../../../../arm-none-eabi/lib/thumb/v7e-m+fp/hard\libc_nano.a(libc_a-strlen.o)
                0x080002b0                strlen
 .text          0x080002c0      0x378 C:/ST/STM32CubeIDE_1.16.1/STM32CubeIDE/plugins/com.st.stm32cube.ide.mcu.externaltools.gnu-tools-for-stm32.12.3.rel1.win32_1.0.200.202406191623/tools/bin/../lib/gcc/arm-none-eabi/12.3.1/thumb/v7e-m+fp/hard\libgcc.a(_arm_addsubdf3.o)
                0x080002c0                __aeabi_drsub
                0x080002c8                __aeabi_dsub
                0x080002c8                __subdf3
                0x080002cc                __aeabi_dadd
                0x080002cc                __adddf3
                0x08000544                __floatunsidf
                0x08000544                __aeabi_ui2d
                0x08000564                __floatsidf
                0x08000564                __aeabi_i2d
                0x08000588                __aeabi_f2d
                0x08000588                __extendsfdf2
                0x080005cc                __floatundidf
                0x080005cc                __aeabi_ul2d
                0x080005dc                __floatdidf
                0x080005dc                __aeabi_l2d
 .text          0x08000638      0x424 C:/ST/STM32CubeIDE_1.16.1/STM32CubeIDE/plugins/com.st.stm32cube.ide.mcu.externaltools.gnu-tools-for-stm32.12.3.rel1.win32_1.0.200.202406191623/tools/bin/../lib/gcc/arm-none-eabi/12.3.1/thumb/v7e-m+fp/hard\libgcc.a(_arm_muldivdf3.o)
                0x08000638                __aeabi_dmul
                0x08000638                __muldf3
                0x0800088c                __divdf3
                0x0800088c                __aeabi_ddiv
 .text          0x08000a5c      0x110 C:/ST/STM32CubeIDE_1.16.1/STM32CubeIDE/plugins/com.st.stm32cube.ide.mcu.externaltools.gnu-tools-for-stm32.12.3.rel1.win32_1.0.200.202406191623/tools/bin/../lib/gcc/arm-none-eabi/12.3.1/thumb/v7e-m+fp/hard\libgcc.a(_arm_cmpdf2.o)
                0x08000a5c                __gtdf2
                0x08000a5c                __gedf2
                0x08000a64                __ltdf2
                0x08000a64                __ledf2
                0x08000a6c                __nedf2
                0x08000a6c                __eqdf2
                0x08000a6c                __cmpdf2
                0x08000ae8                __aeabi_cdrcmple
                0x08000af8                __aeabi_cdcmpeq
                0x08000af8                __aeabi_cdcmple
                0x08000b08                __aeabi_dcmpeq
                0x08000b1c                __aeabi_dcmplt
                0x08000b30                __aeabi_dcmple
                0x08000b44                __aeabi_dcmpge
                0x08000b58                __aeabi_dcmpgt
 .text          0x08000b6c       0x2c C:/ST/STM32CubeIDE_1.16.1/STM32CubeIDE/plugins/com.st.stm32cube.ide.mcu.externaltools.gnu-tools-for-stm32.12.3.rel1.win32_1.0.200.202406191623/tools/bin/../lib/gcc/arm-none-eabi/12.3.1/thumb/v7e-m+fp/hard\libgcc.a(_arm_unorddf2.o)
                0x08000b6c                __unorddf2
                0x08000b6c                __aeabi_dcmpun
 .text          0x08000b98       0x50 C:/ST/STM32CubeIDE_1.16.1/STM32CubeIDE/plugins/com.st.stm32cube.ide.mcu.externaltools.gnu-tools-for-stm32.12.3.rel1.win32_1.0.200.202406191623/tools/bin/../lib/gcc/arm-none-eabi/12.3.1/thumb/v7e-m+fp/hard\libgcc.a(_arm_fixdfsi.o)
                0x08000b98                __aeabi_d2iz
                0x08000b98                __fixdfsi
 .text          0x08000be8       0x30 C:/ST/STM32CubeIDE_1.16.1/STM32CubeIDE/plugins/com.st.stm32cube.ide.mcu.externaltools.gnu-tools-for-stm32.12.3.rel1.win32_1.0.200.202406191623/tools/bin/../lib/gcc/arm-none-eabi/12.3.1/thumb/v7e-m+fp/hard\libgcc.a(_aeabi_uldivmod.o)
                0x08000be8                __aeabi_uldivmod
 .text          0x08000c18      0x2bc C:/ST/STM32CubeIDE_1.16.1/STM32CubeIDE/plugins/com.st.stm32cube.ide.mcu.externaltools.gnu-tools-for-stm32.12.3.rel1.win32_1.0.200.202406191623/tools/bin/../lib/gcc/arm-none-eabi/12.3.1/thumb/v7e-m+fp/hard\libgcc.a(_udivmoddi4.o)
                0x08000c18                __udivmoddi4
 .text          0x08000ed4        0x4 C:/ST/STM32CubeIDE_1.16.1/STM32CubeIDE/plugins/com.st.stm32cube.ide.mcu.externaltools.gnu-tools-for-stm32.12.3.rel1.win32_1.0.200.202406191623/tools/bin/../lib/gcc/arm-none-eabi/12.3.1/thumb/v7e-m+fp/hard\libgcc.a(_dvmd_tls.o)
                0x08000ed4                __aeabi_idiv0
                0x08000ed4                __aeabi_ldiv0
 *(.text*)
 .text.__io_putchar
                0x08000ed8       0x24 ./Core/Src/main.o
                0x08000ed8                __io_putchar
 .text.isCookieAvailable
                0x08000efc       0xcc ./Core/Src/main.o
 .text.InitializeToolkit
                0x08000fc8       0x94 ./Core/Src/main.o
 .text.PrintDeviceNetStatus
                0x0800105c      0x1f4 ./Core/Src/main.o
 .text.PrintDeviceInformation
                0x08001250      0x414 ./Core/Src/main.o
 .text.VAT_InitializeTest
                0x08001664       0xb8 ./Core/Src/main.o
 .text.main     0x0800171c      0x4fc ./Core/Src/main.o
                0x0800171c                main
 .text.SystemClock_Config
                0x08001c18       0xd4 ./Core/Src/main.o
                0x08001c18                SystemClock_Config
 .text.MX_SPI4_Init
                0x08001cec       0x6c ./Core/Src/main.o
 .text.MX_TIM1_Init
                0x08001d58       0xa0 ./Core/Src/main.o
 .text.MX_TIM3_Init
                0x08001df8       0x9c ./Core/Src/main.o
 .text.MX_UART5_Init
                0x08001e94       0x54 ./Core/Src/main.o
 .text.MX_USART1_UART_Init
                0x08001ee8       0x54 ./Core/Src/main.o
 .text.MX_GPIO_Init
                0x08001f3c      0x478 ./Core/Src/main.o
 .text.HAL_UART_ErrorCallback
                0x080023b4      0x110 ./Core/Src/main.o
                0x080023b4                HAL_UART_ErrorCallback
 .text.UART_Ring_Init
                0x080024c4       0x40 ./Core/Src/main.o
                0x080024c4                UART_Ring_Init
 .text.HAL_UART_RxCpltCallback
                0x08002504       0x90 ./Core/Src/main.o
                0x08002504                HAL_UART_RxCpltCallback
 .text.HAL_TIM_PeriodElapsedCallback
                0x08002594       0x24 ./Core/Src/main.o
                0x08002594                HAL_TIM_PeriodElapsedCallback
 .text.Error_Handler
                0x080025b8        0xc ./Core/Src/main.o
                0x080025b8                Error_Handler
 .text.HAL_MspInit
                0x080025c4       0x50 ./Core/Src/stm32f4xx_hal_msp.o
                0x080025c4                HAL_MspInit
 .text.HAL_SPI_MspInit
                0x08002614       0xa0 ./Core/Src/stm32f4xx_hal_msp.o
                0x08002614                HAL_SPI_MspInit
 .text.HAL_TIM_Base_MspInit
                0x080026b4       0x7c ./Core/Src/stm32f4xx_hal_msp.o
                0x080026b4                HAL_TIM_Base_MspInit
 .text.HAL_UART_MspInit
                0x08002730      0x150 ./Core/Src/stm32f4xx_hal_msp.o
                0x08002730                HAL_UART_MspInit
 .text.HAL_InitTick
                0x08002880       0xf8 ./Core/Src/stm32f4xx_hal_timebase_tim.o
                0x08002880                HAL_InitTick
 .text.NMI_Handler
                0x08002978        0x8 ./Core/Src/stm32f4xx_it.o
                0x08002978                NMI_Handler
 .text.HardFault_Handler
                0x08002980        0x8 ./Core/Src/stm32f4xx_it.o
                0x08002980                HardFault_Handler
 .text.MemManage_Handler
                0x08002988        0x8 ./Core/Src/stm32f4xx_it.o
                0x08002988                MemManage_Handler
 .text.BusFault_Handler
                0x08002990        0x8 ./Core/Src/stm32f4xx_it.o
                0x08002990                BusFault_Handler
 .text.UsageFault_Handler
                0x08002998        0x8 ./Core/Src/stm32f4xx_it.o
                0x08002998                UsageFault_Handler
 .text.SVC_Handler
                0x080029a0        0xe ./Core/Src/stm32f4xx_it.o
                0x080029a0                SVC_Handler
 .text.DebugMon_Handler
                0x080029ae        0xe ./Core/Src/stm32f4xx_it.o
                0x080029ae                DebugMon_Handler
 .text.PendSV_Handler
                0x080029bc        0xe ./Core/Src/stm32f4xx_it.o
                0x080029bc                PendSV_Handler
 .text.SysTick_Handler
                0x080029ca        0xe ./Core/Src/stm32f4xx_it.o
                0x080029ca                SysTick_Handler
 .text.TIM3_IRQHandler
                0x080029d8       0x14 ./Core/Src/stm32f4xx_it.o
                0x080029d8                TIM3_IRQHandler
 .text.UART5_IRQHandler
                0x080029ec       0x14 ./Core/Src/stm32f4xx_it.o
                0x080029ec                UART5_IRQHandler
 .text.TIM6_DAC_IRQHandler
                0x08002a00       0x14 ./Core/Src/stm32f4xx_it.o
                0x08002a00                TIM6_DAC_IRQHandler
 .text.OTG_HS_IRQHandler
                0x08002a14       0x14 ./Core/Src/stm32f4xx_it.o
                0x08002a14                OTG_HS_IRQHandler
 .text.SPI4_IRQHandler
                0x08002a28       0x14 ./Core/Src/stm32f4xx_it.o
                0x08002a28                SPI4_IRQHandler
 .text._getpid  0x08002a3c       0x10 ./Core/Src/syscalls.o
                0x08002a3c                _getpid
 .text._kill    0x08002a4c       0x20 ./Core/Src/syscalls.o
                0x08002a4c                _kill
 .text._exit    0x08002a6c       0x16 ./Core/Src/syscalls.o
                0x08002a6c                _exit
 .text._read    0x08002a82       0x3a ./Core/Src/syscalls.o
                0x08002a82                _read
 .text._write   0x08002abc       0x38 ./Core/Src/syscalls.o
                0x08002abc                _write
 .text._close   0x08002af4       0x18 ./Core/Src/syscalls.o
                0x08002af4                _close
 .text._fstat   0x08002b0c       0x20 ./Core/Src/syscalls.o
                0x08002b0c                _fstat
 .text._isatty  0x08002b2c       0x16 ./Core/Src/syscalls.o
                0x08002b2c                _isatty
 .text._lseek   0x08002b42       0x1a ./Core/Src/syscalls.o
                0x08002b42                _lseek
 .text._sbrk    0x08002b5c       0x6c ./Core/Src/sysmem.o
                0x08002b5c                _sbrk
 .text.SystemInit
                0x08002bc8       0x24 ./Core/Src/system_stm32f4xx.o
                0x08002bc8                SystemInit
 .text.Reset_Handler
                0x08002bec       0x50 ./Core/Startup/startup_stm32f429zitx.o
                0x08002bec                Reset_Handler
 .text.Default_Handler
                0x08002c3c        0x2 ./Core/Startup/startup_stm32f429zitx.o
                0x08002c3c                RTC_Alarm_IRQHandler
                0x08002c3c                HASH_RNG_IRQHandler
                0x08002c3c                EXTI2_IRQHandler
                0x08002c3c                TIM8_CC_IRQHandler
                0x08002c3c                UART8_IRQHandler
                0x08002c3c                TIM1_CC_IRQHandler
                0x08002c3c                DMA2_Stream5_IRQHandler
                0x08002c3c                DMA1_Stream5_IRQHandler
                0x08002c3c                PVD_IRQHandler
                0x08002c3c                SDIO_IRQHandler
                0x08002c3c                TAMP_STAMP_IRQHandler
                0x08002c3c                CAN2_RX1_IRQHandler
                0x08002c3c                EXTI3_IRQHandler
                0x08002c3c                TIM8_TRG_COM_TIM14_IRQHandler
                0x08002c3c                TIM1_UP_TIM10_IRQHandler
                0x08002c3c                TIM8_UP_TIM13_IRQHandler
                0x08002c3c                I2C3_ER_IRQHandler
                0x08002c3c                EXTI0_IRQHandler
                0x08002c3c                I2C2_EV_IRQHandler
                0x08002c3c                DMA1_Stream2_IRQHandler
                0x08002c3c                CAN1_RX0_IRQHandler
                0x08002c3c                FPU_IRQHandler
                0x08002c3c                OTG_HS_WKUP_IRQHandler
                0x08002c3c                LTDC_ER_IRQHandler
                0x08002c3c                CAN2_SCE_IRQHandler
                0x08002c3c                DMA2_Stream2_IRQHandler
                0x08002c3c                SPI1_IRQHandler
                0x08002c3c                TIM1_BRK_TIM9_IRQHandler
                0x08002c3c                DCMI_IRQHandler
                0x08002c3c                CAN2_RX0_IRQHandler
                0x08002c3c                DMA2_Stream3_IRQHandler
                0x08002c3c                USART6_IRQHandler
                0x08002c3c                USART3_IRQHandler
                0x08002c3c                CAN1_RX1_IRQHandler
                0x08002c3c                DMA2_Stream0_IRQHandler
                0x08002c3c                TIM4_IRQHandler
                0x08002c3c                I2C1_EV_IRQHandler
                0x08002c3c                DMA1_Stream6_IRQHandler
                0x08002c3c                DMA1_Stream1_IRQHandler
                0x08002c3c                UART4_IRQHandler
                0x08002c3c                RCC_IRQHandler
                0x08002c3c                TIM8_BRK_TIM12_IRQHandler
                0x08002c3c                Default_Handler
                0x08002c3c                EXTI15_10_IRQHandler
                0x08002c3c                ADC_IRQHandler
                0x08002c3c                DMA1_Stream7_IRQHandler
                0x08002c3c                SPI5_IRQHandler
                0x08002c3c                TIM7_IRQHandler
                0x08002c3c                CAN2_TX_IRQHandler
                0x08002c3c                TIM5_IRQHandler
                0x08002c3c                DMA2_Stream7_IRQHandler
                0x08002c3c                I2C3_EV_IRQHandler
                0x08002c3c                EXTI9_5_IRQHandler
                0x08002c3c                RTC_WKUP_IRQHandler
                0x08002c3c                LTDC_IRQHandler
                0x08002c3c                ETH_WKUP_IRQHandler
                0x08002c3c                SPI2_IRQHandler
                0x08002c3c                OTG_HS_EP1_IN_IRQHandler
                0x08002c3c                DMA1_Stream0_IRQHandler
                0x08002c3c                CAN1_TX_IRQHandler
                0x08002c3c                EXTI4_IRQHandler
                0x08002c3c                ETH_IRQHandler
                0x08002c3c                OTG_HS_EP1_OUT_IRQHandler
                0x08002c3c                WWDG_IRQHandler
                0x08002c3c                SPI6_IRQHandler
                0x08002c3c                TIM2_IRQHandler
                0x08002c3c                OTG_FS_WKUP_IRQHandler
                0x08002c3c                TIM1_TRG_COM_TIM11_IRQHandler
                0x08002c3c                DMA2D_IRQHandler
                0x08002c3c                EXTI1_IRQHandler
                0x08002c3c                UART7_IRQHandler
                0x08002c3c                USART2_IRQHandler
                0x08002c3c                I2C2_ER_IRQHandler
                0x08002c3c                DMA2_Stream1_IRQHandler
                0x08002c3c                CAN1_SCE_IRQHandler
                0x08002c3c                FLASH_IRQHandler
                0x08002c3c                DMA2_Stream4_IRQHandler
                0x08002c3c                USART1_IRQHandler
                0x08002c3c                OTG_FS_IRQHandler
                0x08002c3c                SPI3_IRQHandler
                0x08002c3c                DMA1_Stream4_IRQHandler
                0x08002c3c                I2C1_ER_IRQHandler
                0x08002c3c                FMC_IRQHandler
                0x08002c3c                DMA2_Stream6_IRQHandler
                0x08002c3c                SAI1_IRQHandler
                0x08002c3c                DMA1_Stream3_IRQHandler
 *fill*         0x08002c3e        0x2 
 .text.HAL_Init
                0x08002c40       0x44 ./Drivers/STM32F4xx_HAL_Driver/Src/stm32f4xx_hal.o
                0x08002c40                HAL_Init
 .text.HAL_IncTick
                0x08002c84       0x28 ./Drivers/STM32F4xx_HAL_Driver/Src/stm32f4xx_hal.o
                0x08002c84                HAL_IncTick
 .text.HAL_GetTick
                0x08002cac       0x18 ./Drivers/STM32F4xx_HAL_Driver/Src/stm32f4xx_hal.o
                0x08002cac                HAL_GetTick
 .text.HAL_Delay
                0x08002cc4       0x48 ./Drivers/STM32F4xx_HAL_Driver/Src/stm32f4xx_hal.o
                0x08002cc4                HAL_Delay
 .text.__NVIC_SetPriorityGrouping
                0x08002d0c       0x48 ./Drivers/STM32F4xx_HAL_Driver/Src/stm32f4xx_hal_cortex.o
 .text.__NVIC_GetPriorityGrouping
                0x08002d54       0x1c ./Drivers/STM32F4xx_HAL_Driver/Src/stm32f4xx_hal_cortex.o
 .text.__NVIC_EnableIRQ
                0x08002d70       0x3c ./Drivers/STM32F4xx_HAL_Driver/Src/stm32f4xx_hal_cortex.o
 .text.__NVIC_DisableIRQ
                0x08002dac       0x48 ./Drivers/STM32F4xx_HAL_Driver/Src/stm32f4xx_hal_cortex.o
 .text.__NVIC_SetPriority
                0x08002df4       0x54 ./Drivers/STM32F4xx_HAL_Driver/Src/stm32f4xx_hal_cortex.o
 .text.NVIC_EncodePriority
                0x08002e48       0x66 ./Drivers/STM32F4xx_HAL_Driver/Src/stm32f4xx_hal_cortex.o
 .text.HAL_NVIC_SetPriorityGrouping
                0x08002eae       0x16 ./Drivers/STM32F4xx_HAL_Driver/Src/stm32f4xx_hal_cortex.o
                0x08002eae                HAL_NVIC_SetPriorityGrouping
 .text.HAL_NVIC_SetPriority
                0x08002ec4       0x38 ./Drivers/STM32F4xx_HAL_Driver/Src/stm32f4xx_hal_cortex.o
                0x08002ec4                HAL_NVIC_SetPriority
 .text.HAL_NVIC_EnableIRQ
                0x08002efc       0x1c ./Drivers/STM32F4xx_HAL_Driver/Src/stm32f4xx_hal_cortex.o
                0x08002efc                HAL_NVIC_EnableIRQ
 .text.HAL_NVIC_DisableIRQ
                0x08002f18       0x1c ./Drivers/STM32F4xx_HAL_Driver/Src/stm32f4xx_hal_cortex.o
                0x08002f18                HAL_NVIC_DisableIRQ
 .text.HAL_DMA_Abort
                0x08002f34       0xe0 ./Drivers/STM32F4xx_HAL_Driver/Src/stm32f4xx_hal_dma.o
                0x08002f34                HAL_DMA_Abort
 .text.HAL_DMA_Abort_IT
                0x08003014       0x44 ./Drivers/STM32F4xx_HAL_Driver/Src/stm32f4xx_hal_dma.o
                0x08003014                HAL_DMA_Abort_IT
 .text.HAL_FLASH_Program
                0x08003058       0xa4 ./Drivers/STM32F4xx_HAL_Driver/Src/stm32f4xx_hal_flash.o
                0x08003058                HAL_FLASH_Program
 .text.HAL_FLASH_Unlock
                0x080030fc       0x44 ./Drivers/STM32F4xx_HAL_Driver/Src/stm32f4xx_hal_flash.o
                0x080030fc                HAL_FLASH_Unlock
 .text.HAL_FLASH_Lock
                0x08003140       0x20 ./Drivers/STM32F4xx_HAL_Driver/Src/stm32f4xx_hal_flash.o
                0x08003140                HAL_FLASH_Lock
 .text.FLASH_WaitForLastOperation
                0x08003160       0x80 ./Drivers/STM32F4xx_HAL_Driver/Src/stm32f4xx_hal_flash.o
                0x08003160                FLASH_WaitForLastOperation
 .text.FLASH_Program_DoubleWord
                0x080031e0       0x64 ./Drivers/STM32F4xx_HAL_Driver/Src/stm32f4xx_hal_flash.o
 .text.FLASH_Program_Word
                0x08003244       0x44 ./Drivers/STM32F4xx_HAL_Driver/Src/stm32f4xx_hal_flash.o
 .text.FLASH_Program_HalfWord
                0x08003288       0x48 ./Drivers/STM32F4xx_HAL_Driver/Src/stm32f4xx_hal_flash.o
 .text.FLASH_Program_Byte
                0x080032d0       0x44 ./Drivers/STM32F4xx_HAL_Driver/Src/stm32f4xx_hal_flash.o
 .text.FLASH_SetErrorCode
                0x08003314       0xcc ./Drivers/STM32F4xx_HAL_Driver/Src/stm32f4xx_hal_flash.o
 .text.HAL_FLASHEx_Erase
                0x080033e0       0xe0 ./Drivers/STM32F4xx_HAL_Driver/Src/stm32f4xx_hal_flash_ex.o
                0x080033e0                HAL_FLASHEx_Erase
 .text.FLASH_MassErase
                0x080034c0       0x74 ./Drivers/STM32F4xx_HAL_Driver/Src/stm32f4xx_hal_flash_ex.o
 .text.FLASH_Erase_Sector
                0x08003534       0x9c ./Drivers/STM32F4xx_HAL_Driver/Src/stm32f4xx_hal_flash_ex.o
                0x08003534                FLASH_Erase_Sector
 .text.FLASH_FlushCaches
                0x080035d0       0x8c ./Drivers/STM32F4xx_HAL_Driver/Src/stm32f4xx_hal_flash_ex.o
                0x080035d0                FLASH_FlushCaches
 .text.HAL_GPIO_Init
                0x0800365c      0x358 ./Drivers/STM32F4xx_HAL_Driver/Src/stm32f4xx_hal_gpio.o
                0x0800365c                HAL_GPIO_Init
 .text.HAL_GPIO_WritePin
                0x080039b4       0x32 ./Drivers/STM32F4xx_HAL_Driver/Src/stm32f4xx_hal_gpio.o
                0x080039b4                HAL_GPIO_WritePin
 .text.HAL_HCD_Init
                0x080039e6       0xce ./Drivers/STM32F4xx_HAL_Driver/Src/stm32f4xx_hal_hcd.o
                0x080039e6                HAL_HCD_Init
 .text.HAL_HCD_HC_Init
                0x08003ab4      0x170 ./Drivers/STM32F4xx_HAL_Driver/Src/stm32f4xx_hal_hcd.o
                0x08003ab4                HAL_HCD_HC_Init
 .text.HAL_HCD_HC_Halt
                0x08003c24       0x46 ./Drivers/STM32F4xx_HAL_Driver/Src/stm32f4xx_hal_hcd.o
                0x08003c24                HAL_HCD_HC_Halt
 *fill*         0x08003c6a        0x2 
 .text.HAL_HCD_HC_SubmitRequest
                0x08003c6c      0x33c ./Drivers/STM32F4xx_HAL_Driver/Src/stm32f4xx_hal_hcd.o
                0x08003c6c                HAL_HCD_HC_SubmitRequest
 .text.HAL_HCD_IRQHandler
                0x08003fa8      0x220 ./Drivers/STM32F4xx_HAL_Driver/Src/stm32f4xx_hal_hcd.o
                0x08003fa8                HAL_HCD_IRQHandler
 .text.HAL_HCD_Start
                0x080041c8       0x46 ./Drivers/STM32F4xx_HAL_Driver/Src/stm32f4xx_hal_hcd.o
                0x080041c8                HAL_HCD_Start
 .text.HAL_HCD_Stop
                0x0800420e       0x3a ./Drivers/STM32F4xx_HAL_Driver/Src/stm32f4xx_hal_hcd.o
                0x0800420e                HAL_HCD_Stop
 .text.HAL_HCD_ResetPort
                0x08004248       0x1c ./Drivers/STM32F4xx_HAL_Driver/Src/stm32f4xx_hal_hcd.o
                0x08004248                HAL_HCD_ResetPort
 .text.HAL_HCD_HC_GetURBState
                0x08004264       0x2a ./Drivers/STM32F4xx_HAL_Driver/Src/stm32f4xx_hal_hcd.o
                0x08004264                HAL_HCD_HC_GetURBState
 .text.HAL_HCD_HC_GetXferCount
                0x0800428e       0x2a ./Drivers/STM32F4xx_HAL_Driver/Src/stm32f4xx_hal_hcd.o
                0x0800428e                HAL_HCD_HC_GetXferCount
 .text.HAL_HCD_GetCurrentFrame
                0x080042b8       0x1c ./Drivers/STM32F4xx_HAL_Driver/Src/stm32f4xx_hal_hcd.o
                0x080042b8                HAL_HCD_GetCurrentFrame
 .text.HAL_HCD_GetCurrentSpeed
                0x080042d4       0x1c ./Drivers/STM32F4xx_HAL_Driver/Src/stm32f4xx_hal_hcd.o
                0x080042d4                HAL_HCD_GetCurrentSpeed
 .text.HAL_HCD_HC_ClearHubInfo
                0x080042f0       0x6a ./Drivers/STM32F4xx_HAL_Driver/Src/stm32f4xx_hal_hcd.o
                0x080042f0                HAL_HCD_HC_ClearHubInfo
 .text.HCD_HC_IN_IRQHandler
                0x0800435a      0xcd2 ./Drivers/STM32F4xx_HAL_Driver/Src/stm32f4xx_hal_hcd.o
 .text.HCD_HC_OUT_IRQHandler
                0x0800502c      0x97e ./Drivers/STM32F4xx_HAL_Driver/Src/stm32f4xx_hal_hcd.o
 .text.HCD_RXQLVL_IRQHandler
                0x080059aa      0x1be ./Drivers/STM32F4xx_HAL_Driver/Src/stm32f4xx_hal_hcd.o
 .text.HCD_Port_IRQHandler
                0x08005b68       0xe6 ./Drivers/STM32F4xx_HAL_Driver/Src/stm32f4xx_hal_hcd.o
 *fill*         0x08005c4e        0x2 
 .text.HAL_RCC_OscConfig
                0x08005c50      0x4f0 ./Drivers/STM32F4xx_HAL_Driver/Src/stm32f4xx_hal_rcc.o
                0x08005c50                HAL_RCC_OscConfig
 .text.HAL_RCC_ClockConfig
                0x08006140      0x1cc ./Drivers/STM32F4xx_HAL_Driver/Src/stm32f4xx_hal_rcc.o
                0x08006140                HAL_RCC_ClockConfig
 .text.HAL_RCC_GetSysClockFreq
                0x0800630c      0x20c ./Drivers/STM32F4xx_HAL_Driver/Src/stm32f4xx_hal_rcc.o
                0x0800630c                HAL_RCC_GetSysClockFreq
 .text.HAL_RCC_GetHCLKFreq
                0x08006518       0x18 ./Drivers/STM32F4xx_HAL_Driver/Src/stm32f4xx_hal_rcc.o
                0x08006518                HAL_RCC_GetHCLKFreq
 .text.HAL_RCC_GetPCLK1Freq
                0x08006530       0x28 ./Drivers/STM32F4xx_HAL_Driver/Src/stm32f4xx_hal_rcc.o
                0x08006530                HAL_RCC_GetPCLK1Freq
 .text.HAL_RCC_GetPCLK2Freq
                0x08006558       0x28 ./Drivers/STM32F4xx_HAL_Driver/Src/stm32f4xx_hal_rcc.o
                0x08006558                HAL_RCC_GetPCLK2Freq
 .text.HAL_RCC_GetClockConfig
                0x08006580       0x64 ./Drivers/STM32F4xx_HAL_Driver/Src/stm32f4xx_hal_rcc.o
                0x08006580                HAL_RCC_GetClockConfig
 .text.HAL_SPI_Init
                0x080065e4      0x112 ./Drivers/STM32F4xx_HAL_Driver/Src/stm32f4xx_hal_spi.o
                0x080065e4                HAL_SPI_Init
 *fill*         0x080066f6        0x2 
 .text.HAL_SPI_Transmit_IT
                0x080066f8      0x108 ./Drivers/STM32F4xx_HAL_Driver/Src/stm32f4xx_hal_spi.o
                0x080066f8                HAL_SPI_Transmit_IT
 .text.HAL_SPI_Receive_IT
                0x08006800      0x130 ./Drivers/STM32F4xx_HAL_Driver/Src/stm32f4xx_hal_spi.o
                0x08006800                HAL_SPI_Receive_IT
 .text.HAL_SPI_TransmitReceive_IT
                0x08006930      0x11c ./Drivers/STM32F4xx_HAL_Driver/Src/stm32f4xx_hal_spi.o
                0x08006930                HAL_SPI_TransmitReceive_IT
 .text.HAL_SPI_IRQHandler
                0x08006a4c      0x1e8 ./Drivers/STM32F4xx_HAL_Driver/Src/stm32f4xx_hal_spi.o
                0x08006a4c                HAL_SPI_IRQHandler
 .text.HAL_SPI_TxCpltCallback
                0x08006c34       0x14 ./Drivers/STM32F4xx_HAL_Driver/Src/stm32f4xx_hal_spi.o
                0x08006c34                HAL_SPI_TxCpltCallback
 .text.HAL_SPI_RxCpltCallback
                0x08006c48       0x14 ./Drivers/STM32F4xx_HAL_Driver/Src/stm32f4xx_hal_spi.o
                0x08006c48                HAL_SPI_RxCpltCallback
 .text.HAL_SPI_TxRxCpltCallback
                0x08006c5c       0x14 ./Drivers/STM32F4xx_HAL_Driver/Src/stm32f4xx_hal_spi.o
                0x08006c5c                HAL_SPI_TxRxCpltCallback
 .text.HAL_SPI_ErrorCallback
                0x08006c70       0x14 ./Drivers/STM32F4xx_HAL_Driver/Src/stm32f4xx_hal_spi.o
                0x08006c70                HAL_SPI_ErrorCallback
 .text.HAL_SPI_GetState
                0x08006c84       0x1c ./Drivers/STM32F4xx_HAL_Driver/Src/stm32f4xx_hal_spi.o
                0x08006c84                HAL_SPI_GetState
 .text.SPI_DMAAbortOnError
                0x08006ca0       0x28 ./Drivers/STM32F4xx_HAL_Driver/Src/stm32f4xx_hal_spi.o
 .text.SPI_2linesRxISR_8BIT
                0x08006cc8       0x64 ./Drivers/STM32F4xx_HAL_Driver/Src/stm32f4xx_hal_spi.o
 .text.SPI_2linesTxISR_8BIT
                0x08006d2c       0x60 ./Drivers/STM32F4xx_HAL_Driver/Src/stm32f4xx_hal_spi.o
 .text.SPI_2linesRxISR_16BIT
                0x08006d8c       0x60 ./Drivers/STM32F4xx_HAL_Driver/Src/stm32f4xx_hal_spi.o
 .text.SPI_2linesTxISR_16BIT
                0x08006dec       0x5e ./Drivers/STM32F4xx_HAL_Driver/Src/stm32f4xx_hal_spi.o
 .text.SPI_RxISR_8BIT
                0x08006e4a       0x4a ./Drivers/STM32F4xx_HAL_Driver/Src/stm32f4xx_hal_spi.o
 .text.SPI_RxISR_16BIT
                0x08006e94       0x46 ./Drivers/STM32F4xx_HAL_Driver/Src/stm32f4xx_hal_spi.o
 .text.SPI_TxISR_8BIT
                0x08006eda       0x46 ./Drivers/STM32F4xx_HAL_Driver/Src/stm32f4xx_hal_spi.o
 .text.SPI_TxISR_16BIT
                0x08006f20       0x44 ./Drivers/STM32F4xx_HAL_Driver/Src/stm32f4xx_hal_spi.o
 .text.SPI_WaitFlagStateUntilTimeout
                0x08006f64      0x110 ./Drivers/STM32F4xx_HAL_Driver/Src/stm32f4xx_hal_spi.o
 .text.SPI_EndRxTransaction
                0x08007074       0xca ./Drivers/STM32F4xx_HAL_Driver/Src/stm32f4xx_hal_spi.o
 *fill*         0x0800713e        0x2 
 .text.SPI_EndRxTxTransaction
                0x08007140       0xa8 ./Drivers/STM32F4xx_HAL_Driver/Src/stm32f4xx_hal_spi.o
 .text.SPI_CloseRxTx_ISR
                0x080071e8       0xe8 ./Drivers/STM32F4xx_HAL_Driver/Src/stm32f4xx_hal_spi.o
 .text.SPI_CloseRx_ISR
                0x080072d0       0x7e ./Drivers/STM32F4xx_HAL_Driver/Src/stm32f4xx_hal_spi.o
 *fill*         0x0800734e        0x2 
 .text.SPI_CloseTx_ISR
                0x08007350       0xc4 ./Drivers/STM32F4xx_HAL_Driver/Src/stm32f4xx_hal_spi.o
 .text.HAL_TIM_Base_Init
                0x08007414       0x9e ./Drivers/STM32F4xx_HAL_Driver/Src/stm32f4xx_hal_tim.o
                0x08007414                HAL_TIM_Base_Init
 *fill*         0x080074b2        0x2 
 .text.HAL_TIM_Base_Start_IT
                0x080074b4       0xe0 ./Drivers/STM32F4xx_HAL_Driver/Src/stm32f4xx_hal_tim.o
                0x080074b4                HAL_TIM_Base_Start_IT
 .text.HAL_TIM_IRQHandler
                0x08007594      0x1e0 ./Drivers/STM32F4xx_HAL_Driver/Src/stm32f4xx_hal_tim.o
                0x08007594                HAL_TIM_IRQHandler
 .text.HAL_TIM_ConfigClockSource
                0x08007774      0x18e ./Drivers/STM32F4xx_HAL_Driver/Src/stm32f4xx_hal_tim.o
                0x08007774                HAL_TIM_ConfigClockSource
 .text.HAL_TIM_OC_DelayElapsedCallback
                0x08007902       0x14 ./Drivers/STM32F4xx_HAL_Driver/Src/stm32f4xx_hal_tim.o
                0x08007902                HAL_TIM_OC_DelayElapsedCallback
 .text.HAL_TIM_IC_CaptureCallback
                0x08007916       0x14 ./Drivers/STM32F4xx_HAL_Driver/Src/stm32f4xx_hal_tim.o
                0x08007916                HAL_TIM_IC_CaptureCallback
 .text.HAL_TIM_PWM_PulseFinishedCallback
                0x0800792a       0x14 ./Drivers/STM32F4xx_HAL_Driver/Src/stm32f4xx_hal_tim.o
                0x0800792a                HAL_TIM_PWM_PulseFinishedCallback
 .text.HAL_TIM_TriggerCallback
                0x0800793e       0x14 ./Drivers/STM32F4xx_HAL_Driver/Src/stm32f4xx_hal_tim.o
                0x0800793e                HAL_TIM_TriggerCallback
 *fill*         0x08007952        0x2 
 .text.TIM_Base_SetConfig
                0x08007954      0x14c ./Drivers/STM32F4xx_HAL_Driver/Src/stm32f4xx_hal_tim.o
                0x08007954                TIM_Base_SetConfig
 .text.TIM_TI1_ConfigInputStage
                0x08007aa0       0x5e ./Drivers/STM32F4xx_HAL_Driver/Src/stm32f4xx_hal_tim.o
 .text.TIM_TI2_ConfigInputStage
                0x08007afe       0x60 ./Drivers/STM32F4xx_HAL_Driver/Src/stm32f4xx_hal_tim.o
 .text.TIM_ITRx_SetConfig
                0x08007b5e       0x36 ./Drivers/STM32F4xx_HAL_Driver/Src/stm32f4xx_hal_tim.o
 .text.TIM_ETR_SetConfig
                0x08007b94       0x40 ./Drivers/STM32F4xx_HAL_Driver/Src/stm32f4xx_hal_tim.o
                0x08007b94                TIM_ETR_SetConfig
 .text.HAL_TIMEx_MasterConfigSynchronization
                0x08007bd4       0xf8 ./Drivers/STM32F4xx_HAL_Driver/Src/stm32f4xx_hal_tim_ex.o
                0x08007bd4                HAL_TIMEx_MasterConfigSynchronization
 .text.HAL_TIMEx_CommutCallback
                0x08007ccc       0x14 ./Drivers/STM32F4xx_HAL_Driver/Src/stm32f4xx_hal_tim_ex.o
                0x08007ccc                HAL_TIMEx_CommutCallback
 .text.HAL_TIMEx_BreakCallback
                0x08007ce0       0x14 ./Drivers/STM32F4xx_HAL_Driver/Src/stm32f4xx_hal_tim_ex.o
                0x08007ce0                HAL_TIMEx_BreakCallback
 .text.HAL_UART_Init
                0x08007cf4       0xa0 ./Drivers/STM32F4xx_HAL_Driver/Src/stm32f4xx_hal_uart.o
                0x08007cf4                HAL_UART_Init
 .text.HAL_UART_Transmit
                0x08007d94      0x116 ./Drivers/STM32F4xx_HAL_Driver/Src/stm32f4xx_hal_uart.o
                0x08007d94                HAL_UART_Transmit
 .text.HAL_UART_Receive_IT
                0x08007eaa       0x4a ./Drivers/STM32F4xx_HAL_Driver/Src/stm32f4xx_hal_uart.o
                0x08007eaa                HAL_UART_Receive_IT
 .text.HAL_UART_IRQHandler
                0x08007ef4      0x554 ./Drivers/STM32F4xx_HAL_Driver/Src/stm32f4xx_hal_uart.o
                0x08007ef4                HAL_UART_IRQHandler
 .text.HAL_UART_TxCpltCallback
                0x08008448       0x14 ./Drivers/STM32F4xx_HAL_Driver/Src/stm32f4xx_hal_uart.o
                0x08008448                HAL_UART_TxCpltCallback
 .text.HAL_UARTEx_RxEventCallback
                0x0800845c       0x18 ./Drivers/STM32F4xx_HAL_Driver/Src/stm32f4xx_hal_uart.o
                0x0800845c                HAL_UARTEx_RxEventCallback
 .text.HAL_UART_GetError
                0x08008474       0x18 ./Drivers/STM32F4xx_HAL_Driver/Src/stm32f4xx_hal_uart.o
                0x08008474                HAL_UART_GetError
 .text.UART_WaitOnFlagUntilTimeout
                0x0800848c       0xb2 ./Drivers/STM32F4xx_HAL_Driver/Src/stm32f4xx_hal_uart.o
 .text.UART_Start_Receive_IT
                0x0800853e       0x74 ./Drivers/STM32F4xx_HAL_Driver/Src/stm32f4xx_hal_uart.o
                0x0800853e                UART_Start_Receive_IT
 .text.UART_EndRxTransfer
                0x080085b2       0xc6 ./Drivers/STM32F4xx_HAL_Driver/Src/stm32f4xx_hal_uart.o
 .text.UART_DMAAbortOnError
                0x08008678       0x22 ./Drivers/STM32F4xx_HAL_Driver/Src/stm32f4xx_hal_uart.o
 .text.UART_Transmit_IT
                0x0800869a       0xa0 ./Drivers/STM32F4xx_HAL_Driver/Src/stm32f4xx_hal_uart.o
 .text.UART_EndTransmit_IT
                0x0800873a       0x30 ./Drivers/STM32F4xx_HAL_Driver/Src/stm32f4xx_hal_uart.o
 .text.UART_Receive_IT
                0x0800876a      0x17c ./Drivers/STM32F4xx_HAL_Driver/Src/stm32f4xx_hal_uart.o
 *fill*         0x080088e6        0x2 
 .text.UART_SetConfig
                0x080088e8      0x4e8 ./Drivers/STM32F4xx_HAL_Driver/Src/stm32f4xx_hal_uart.o
 .text.USB_CoreInit
                0x08008dd0       0xc8 ./Drivers/STM32F4xx_HAL_Driver/Src/stm32f4xx_ll_usb.o
                0x08008dd0                USB_CoreInit
 .text.USB_EnableGlobalInt
                0x08008e98       0x22 ./Drivers/STM32F4xx_HAL_Driver/Src/stm32f4xx_ll_usb.o
                0x08008e98                USB_EnableGlobalInt
 .text.USB_DisableGlobalInt
                0x08008eba       0x22 ./Drivers/STM32F4xx_HAL_Driver/Src/stm32f4xx_ll_usb.o
                0x08008eba                USB_DisableGlobalInt
 .text.USB_SetCurrentMode
                0x08008edc       0x98 ./Drivers/STM32F4xx_HAL_Driver/Src/stm32f4xx_ll_usb.o
                0x08008edc                USB_SetCurrentMode
 .text.USB_FlushTxFifo
                0x08008f74       0x64 ./Drivers/STM32F4xx_HAL_Driver/Src/stm32f4xx_ll_usb.o
                0x08008f74                USB_FlushTxFifo
 .text.USB_FlushRxFifo
                0x08008fd8       0x5c ./Drivers/STM32F4xx_HAL_Driver/Src/stm32f4xx_ll_usb.o
                0x08008fd8                USB_FlushRxFifo
 .text.USB_WritePacket
                0x08009034       0x7c ./Drivers/STM32F4xx_HAL_Driver/Src/stm32f4xx_ll_usb.o
                0x08009034                USB_WritePacket
 .text.USB_ReadPacket
                0x080090b0       0xb0 ./Drivers/STM32F4xx_HAL_Driver/Src/stm32f4xx_ll_usb.o
                0x080090b0                USB_ReadPacket
 .text.USB_ReadInterrupts
                0x08009160       0x26 ./Drivers/STM32F4xx_HAL_Driver/Src/stm32f4xx_ll_usb.o
                0x08009160                USB_ReadInterrupts
 .text.USB_ReadChInterrupts
                0x08009186       0x42 ./Drivers/STM32F4xx_HAL_Driver/Src/stm32f4xx_ll_usb.o
                0x08009186                USB_ReadChInterrupts
 .text.USB_GetMode
                0x080091c8       0x1c ./Drivers/STM32F4xx_HAL_Driver/Src/stm32f4xx_ll_usb.o
                0x080091c8                USB_GetMode
 .text.USB_CoreReset
                0x080091e4       0x70 ./Drivers/STM32F4xx_HAL_Driver/Src/stm32f4xx_ll_usb.o
 .text.USB_HostInit
                0x08009254      0x188 ./Drivers/STM32F4xx_HAL_Driver/Src/stm32f4xx_ll_usb.o
                0x08009254                USB_HostInit
 .text.USB_InitFSLSPClkSel
                0x080093dc       0x7a ./Drivers/STM32F4xx_HAL_Driver/Src/stm32f4xx_ll_usb.o
                0x080093dc                USB_InitFSLSPClkSel
 .text.USB_ResetPort
                0x08009456       0x54 ./Drivers/STM32F4xx_HAL_Driver/Src/stm32f4xx_ll_usb.o
                0x08009456                USB_ResetPort
 .text.USB_DriveVbus
                0x080094aa       0x72 ./Drivers/STM32F4xx_HAL_Driver/Src/stm32f4xx_ll_usb.o
                0x080094aa                USB_DriveVbus
 .text.USB_GetHostSpeed
                0x0800951c       0x2e ./Drivers/STM32F4xx_HAL_Driver/Src/stm32f4xx_ll_usb.o
                0x0800951c                USB_GetHostSpeed
 .text.USB_GetCurrentFrame
                0x0800954a       0x22 ./Drivers/STM32F4xx_HAL_Driver/Src/stm32f4xx_ll_usb.o
                0x0800954a                USB_GetCurrentFrame
 .text.USB_HC_Init
                0x0800956c      0x258 ./Drivers/STM32F4xx_HAL_Driver/Src/stm32f4xx_ll_usb.o
                0x0800956c                USB_HC_Init
 .text.USB_HC_StartXfer
                0x080097c4      0x4f4 ./Drivers/STM32F4xx_HAL_Driver/Src/stm32f4xx_ll_usb.o
                0x080097c4                USB_HC_StartXfer
 .text.USB_HC_ReadInterrupt
                0x08009cb8       0x22 ./Drivers/STM32F4xx_HAL_Driver/Src/stm32f4xx_ll_usb.o
                0x08009cb8                USB_HC_ReadInterrupt
 .text.USB_HC_Halt
                0x08009cda      0x240 ./Drivers/STM32F4xx_HAL_Driver/Src/stm32f4xx_ll_usb.o
                0x08009cda                USB_HC_Halt
 *fill*         0x08009f1a        0x2 
 .text.USB_DoPing
                0x08009f1c       0x78 ./Drivers/STM32F4xx_HAL_Driver/Src/stm32f4xx_ll_usb.o
                0x08009f1c                USB_DoPing
 .text.USB_StopHost
                0x08009f94      0x124 ./Drivers/STM32F4xx_HAL_Driver/Src/stm32f4xx_ll_usb.o
                0x08009f94                USB_StopHost
 .text.App_ReadBoardInfo
                0x0800a0b8       0x8c ./Hil_DemoApp/Sources/App_DemoApplication.o
                0x0800a0b8                App_ReadBoardInfo
 .text.App_AllChannels_Open
                0x0800a144       0x68 ./Hil_DemoApp/Sources/App_DemoApplication.o
                0x0800a144                App_AllChannels_Open
 .text.App_AllChannels_GetChannelInfo_WaitReady
                0x0800a1ac       0x8c ./Hil_DemoApp/Sources/App_DemoApplication.o
                0x0800a1ac                App_AllChannels_GetChannelInfo_WaitReady
 .text.App_AllChannels_Configure
                0x0800a238       0x72 ./Hil_DemoApp/Sources/App_DemoApplication.o
                0x0800a238                App_AllChannels_Configure
 .text.App_AllChannels_PacketHandler
                0x0800a2aa       0x72 ./Hil_DemoApp/Sources/App_DemoApplication.o
                0x0800a2aa                App_AllChannels_PacketHandler
 .text.App_AllChannels_Close
                0x0800a31c       0x60 ./Hil_DemoApp/Sources/App_DemoApplication.o
                0x0800a31c                App_AllChannels_Close
 .text.App_CifXApplicationDemo
                0x0800a37c      0x188 ./Hil_DemoApp/Sources/App_DemoApplication.o
                0x0800a37c                App_CifXApplicationDemo
 .text.App_IODataHandler
                0x0800a504       0xa4 ./Hil_DemoApp/Sources/App_DemoApplication.o
                0x0800a504                App_IODataHandler
 .text.Pkt_Init
                0x0800a5a8       0xb0 ./Hil_DemoApp/Sources/App_PacketCommunication.o
                0x0800a5a8                Pkt_Init
 .text.Pkt_Deinit
                0x0800a658       0x9c ./Hil_DemoApp/Sources/App_PacketCommunication.o
                0x0800a658                Pkt_Deinit
 .text.Pkt_PrintFormattedHexData
                0x0800a6f4       0x3c ./Hil_DemoApp/Sources/App_PacketCommunication.o
 .text.Pkt_DumpPacket
                0x0800a730       0x2a ./Hil_DemoApp/Sources/App_PacketCommunication.o
 *fill*         0x0800a75a        0x2 
 .text.Pkt_SendPacket
                0x0800a75c       0x64 ./Hil_DemoApp/Sources/App_PacketCommunication.o
                0x0800a75c                Pkt_SendPacket
 .text.Pkt_ReceivePacket
                0x0800a7c0       0x54 ./Hil_DemoApp/Sources/App_PacketCommunication.o
                0x0800a7c0                Pkt_ReceivePacket
 .text.Pkt_RegisterIndicationHandler
                0x0800a814       0x44 ./Hil_DemoApp/Sources/App_PacketCommunication.o
                0x0800a814                Pkt_RegisterIndicationHandler
 .text.Pkt_QueueConfirmation
                0x0800a858       0x8c ./Hil_DemoApp/Sources/App_PacketCommunication.o
 .text.Pkt_GetPacketFromQueue
                0x0800a8e4       0x84 ./Hil_DemoApp/Sources/App_PacketCommunication.o
 .text.Pkt_TryDequeConfirmation
                0x0800a968       0xbc ./Hil_DemoApp/Sources/App_PacketCommunication.o
 .text.Pkt_DispatchIndication
                0x0800aa24       0x40 ./Hil_DemoApp/Sources/App_PacketCommunication.o
 .text.Pkt_CheckReceiveMailbox
                0x0800aa64       0xa0 ./Hil_DemoApp/Sources/App_PacketCommunication.o
                0x0800aa64                Pkt_CheckReceiveMailbox
 .text.Pkt_SendReceivePacket
                0x0800ab04      0x148 ./Hil_DemoApp/Sources/App_PacketCommunication.o
                0x0800ab04                Pkt_SendReceivePacket
 .text.App_SysPkt_AssembleRegisterAppReq
                0x0800ac4c       0x5e ./Hil_DemoApp/Sources/App_SystemPackets.o
                0x0800ac4c                App_SysPkt_AssembleRegisterAppReq
 .text.App_SysPkt_AssembleChannelInitReq
                0x0800acaa       0x5e ./Hil_DemoApp/Sources/App_SystemPackets.o
                0x0800acaa                App_SysPkt_AssembleChannelInitReq
 .text.App_SysPkt_AssembleStartStopCommReq
                0x0800ad08       0x78 ./Hil_DemoApp/Sources/App_SystemPackets.o
                0x0800ad08                App_SysPkt_AssembleStartStopCommReq
 .text.VAT_Diagnostic_Init
                0x0800ad80       0x58 ./Hil_DemoApp/Sources/App_VAT_Diagnostic.o
                0x0800ad80                VAT_Diagnostic_Init
 .text.VAT_Diagnostic_Reset
                0x0800add8       0x2c ./Hil_DemoApp/Sources/App_VAT_Diagnostic.o
                0x0800add8                VAT_Diagnostic_Reset
 .text.VAT_CRC32_Calculate
                0x0800ae04       0x58 ./Hil_DemoApp/Sources/App_VAT_Flash.o
                0x0800ae04                VAT_CRC32_Calculate
 .text.VAT_Flash_EraseSector
                0x0800ae5c       0x54 ./Hil_DemoApp/Sources/App_VAT_Flash.o
                0x0800ae5c                VAT_Flash_EraseSector
 .text.VAT_Flash_Write
                0x0800aeb0       0x70 ./Hil_DemoApp/Sources/App_VAT_Flash.o
                0x0800aeb0                VAT_Flash_Write
 .text.VAT_Flash_Read
                0x0800af20       0x22 ./Hil_DemoApp/Sources/App_VAT_Flash.o
                0x0800af20                VAT_Flash_Read
 *fill*         0x0800af42        0x2 
 .text.VAT_Param_SaveToFlash
                0x0800af44      0x11c ./Hil_DemoApp/Sources/App_VAT_Flash.o
                0x0800af44                VAT_Param_SaveToFlash
 .text.VAT_Param_LoadFromFlash
                0x0800b060      0x110 ./Hil_DemoApp/Sources/App_VAT_Flash.o
                0x0800b060                VAT_Param_LoadFromFlash
 .text.VAT_Param_Init
                0x0800b170      0x5e0 ./Hil_DemoApp/Sources/App_VAT_Parameters.o
                0x0800b170                VAT_Param_Init
 .text.VAT_Param_Get
                0x0800b750       0x64 ./Hil_DemoApp/Sources/App_VAT_Parameters.o
                0x0800b750                VAT_Param_Get
 .text.VAT_Param_Set
                0x0800b7b4       0xe4 ./Hil_DemoApp/Sources/App_VAT_Parameters.o
                0x0800b7b4                VAT_Param_Set
 .text.VAT_Param_SetModified
                0x0800b898       0x78 ./Hil_DemoApp/Sources/App_VAT_Parameters.o
                0x0800b898                VAT_Param_SetModified
 .text.AppDNS_VAT_RegisterObject
                0x0800b910       0x98 ./Hil_DemoApp/Sources/App_VAT_UserObject.o
 .text.AppDNS_VAT_UserObject_Registration
                0x0800b9a8       0x84 ./Hil_DemoApp/Sources/App_VAT_UserObject.o
                0x0800b9a8                AppDNS_VAT_UserObject_Registration
 .text.AppDNS_VAT_UserObject_IsRegistered
                0x0800ba2c       0x94 ./Hil_DemoApp/Sources/App_VAT_UserObject.o
                0x0800ba2c                AppDNS_VAT_UserObject_IsRegistered
 .text.AppDNS_VAT_HandleParameterObject
                0x0800bac0      0x21c ./Hil_DemoApp/Sources/App_VAT_UserObject.o
 .text.AppDNS_VAT_HandleDiagnosticObject
                0x0800bcdc      0x1bc ./Hil_DemoApp/Sources/App_VAT_UserObject.o
 .text.AppDNS_VAT_UserObject_Indication
                0x0800be98       0xbc ./Hil_DemoApp/Sources/App_VAT_UserObject.o
                0x0800be98                AppDNS_VAT_UserObject_Indication
 .text.DeviceNet_GetMasterAttribute
                0x0800bf54      0x24c ./Hil_DemoApp/Sources/devicenet_master_info.o
                0x0800bf54                DeviceNet_GetMasterAttribute
 .text.DeviceNet_GetMasterIdentity
                0x0800c1a0      0x458 ./Hil_DemoApp/Sources/devicenet_master_info.o
                0x0800c1a0                DeviceNet_GetMasterIdentity
 .text.DeviceNet_PrintMasterIdentity
                0x0800c5f8       0xe4 ./Hil_DemoApp/Sources/devicenet_master_info.o
                0x0800c5f8                DeviceNet_PrintMasterIdentity
 .text.DeviceNet_ScanForMaster
                0x0800c6dc      0x160 ./Hil_DemoApp/Sources/devicenet_master_info.o
                0x0800c6dc                DeviceNet_ScanForMaster
 .text.VAT_Test_Init
                0x0800c83c       0x58 ./Hil_DemoApp/Sources/vat_devicenet_test.o
                0x0800c83c                VAT_Test_Init
 .text.VAT_Test_Configure
                0x0800c894       0x2c ./Hil_DemoApp/Sources/vat_devicenet_test.o
                0x0800c894                VAT_Test_Configure
 .text.VAT_Test_PrintStats
                0x0800c8c0       0x9c ./Hil_DemoApp/Sources/vat_devicenet_test.o
                0x0800c8c0                VAT_Test_PrintStats
 .text.Protocol_StartConfiguration_callback
                0x0800c95c       0x80 ./Hil_DemoAppDNS/Sources/AppDNS_DemoApplication.o
 .text.Protocol_PacketHandler_callback
                0x0800c9dc       0x44 ./Hil_DemoAppDNS/Sources/AppDNS_DemoApplication.o
 .text.AppDNS_SetConfiguration
                0x0800ca20      0x1cc ./Hil_DemoAppDNS/Sources/AppDNS_DemoApplicationFunctions.o
                0x0800ca20                AppDNS_SetConfiguration
 .text.AppDNS_ChannelInit
                0x0800cbec       0x2c ./Hil_DemoAppDNS/Sources/AppDNS_DemoApplicationFunctions.o
                0x0800cbec                AppDNS_ChannelInit
 .text.AppDNS_StartCommunication
                0x0800cc18       0x2e ./Hil_DemoAppDNS/Sources/AppDNS_DemoApplicationFunctions.o
                0x0800cc18                AppDNS_StartCommunication
 *fill*         0x0800cc46        0x2 
 .text.AppDNS_ConfigureStack
                0x0800cc48       0x80 ./Hil_DemoAppDNS/Sources/AppDNS_DemoApplicationFunctions.o
                0x0800cc48                AppDNS_ConfigureStack
 .text.AppDNS_PacketHandler_callback
                0x0800ccc8       0xc4 ./Hil_DemoAppDNS/Sources/AppDNS_DemoApplicationFunctions.o
                0x0800ccc8                AppDNS_PacketHandler_callback
 .text.AppDNS_GlobalPacket_SendReceive
                0x0800cd8c       0x44 ./Hil_DemoAppDNS/Sources/AppDNS_DemoApplicationFunctions.o
                0x0800cd8c                AppDNS_GlobalPacket_SendReceive
 .text.AppDNS_GlobalPacket_Send
                0x0800cdd0       0x44 ./Hil_DemoAppDNS/Sources/AppDNS_DemoApplicationFunctions.o
                0x0800cdd0                AppDNS_GlobalPacket_Send
 .text.AppDNS_GlobalPacket_Init
                0x0800ce14       0x22 ./Hil_DemoAppDNS/Sources/AppDNS_DemoApplicationFunctions.o
                0x0800ce14                AppDNS_GlobalPacket_Init
 .text.AppDNS_GlobalPacket_Get
                0x0800ce36       0x1c ./Hil_DemoAppDNS/Sources/AppDNS_DemoApplicationFunctions.o
                0x0800ce36                AppDNS_GlobalPacket_Get
 *fill*         0x0800ce52        0x2 
 .text.AppDNS_HandleCipServiceIndication
                0x0800ce54      0x4cc ./Hil_DemoAppDNS/Sources/AppDNS_DemoApplicationFunctions.o
                0x0800ce54                AppDNS_HandleCipServiceIndication
 .text.VAT_Param_FindByPath
                0x0800d320       0x74 ./Hil_DemoAppDNS/Sources/AppDNS_ExplicitMsg.o
 .text.CIP_HandleGetAttributeSingle
                0x0800d394       0x50 ./Hil_DemoAppDNS/Sources/AppDNS_ExplicitMsg.o
                0x0800d394                CIP_HandleGetAttributeSingle
 .text.CIP_HandleSetAttributeSingle
                0x0800d3e4       0xd8 ./Hil_DemoAppDNS/Sources/AppDNS_ExplicitMsg.o
                0x0800d3e4                CIP_HandleSetAttributeSingle
 .text.CIP_HandleGetAttributeAll
                0x0800d4bc       0x98 ./Hil_DemoAppDNS/Sources/AppDNS_ExplicitMsg.o
                0x0800d4bc                CIP_HandleGetAttributeAll
 .text.CIP_HandleSave
                0x0800d554       0x28 ./Hil_DemoAppDNS/Sources/AppDNS_ExplicitMsg.o
                0x0800d554                CIP_HandleSave
 .text.CIP_HandleReset
                0x0800d57c       0x28 ./Hil_DemoAppDNS/Sources/AppDNS_ExplicitMsg.o
                0x0800d57c                CIP_HandleReset
 .text.USBH_CDC_InterfaceInit
                0x0800d5a4      0x2ac ./Middlewares/ST/STM32_USB_Host_Library/Class/CDC/Src/usbh_cdc.o
 .text.USBH_CDC_InterfaceDeInit
                0x0800d850       0xb2 ./Middlewares/ST/STM32_USB_Host_Library/Class/CDC/Src/usbh_cdc.o
 .text.USBH_CDC_ClassRequest
                0x0800d902       0x3e ./Middlewares/ST/STM32_USB_Host_Library/Class/CDC/Src/usbh_cdc.o
 .text.USBH_CDC_Process
                0x0800d940      0x12c ./Middlewares/ST/STM32_USB_Host_Library/Class/CDC/Src/usbh_cdc.o
 .text.USBH_CDC_SOFProcess
                0x0800da6c       0x16 ./Middlewares/ST/STM32_USB_Host_Library/Class/CDC/Src/usbh_cdc.o
 .text.GetLineCoding
                0x0800da82       0x3e ./Middlewares/ST/STM32_USB_Host_Library/Class/CDC/Src/usbh_cdc.o
 .text.SetLineCoding
                0x0800dac0       0x3e ./Middlewares/ST/STM32_USB_Host_Library/Class/CDC/Src/usbh_cdc.o
 .text.CDC_ProcessTransmission
                0x0800dafe       0xec ./Middlewares/ST/STM32_USB_Host_Library/Class/CDC/Src/usbh_cdc.o
 .text.CDC_ProcessReception
                0x0800dbea       0xb6 ./Middlewares/ST/STM32_USB_Host_Library/Class/CDC/Src/usbh_cdc.o
 .text.USBH_CDC_TransmitCallback
                0x0800dca0       0x14 ./Middlewares/ST/STM32_USB_Host_Library/Class/CDC/Src/usbh_cdc.o
                0x0800dca0                USBH_CDC_TransmitCallback
 .text.USBH_CDC_ReceiveCallback
                0x0800dcb4       0x14 ./Middlewares/ST/STM32_USB_Host_Library/Class/CDC/Src/usbh_cdc.o
                0x0800dcb4                USBH_CDC_ReceiveCallback
 .text.USBH_CDC_LineCodingChanged
                0x0800dcc8       0x14 ./Middlewares/ST/STM32_USB_Host_Library/Class/CDC/Src/usbh_cdc.o
                0x0800dcc8                USBH_CDC_LineCodingChanged
 .text.USBH_Init
                0x0800dcdc       0x74 ./Middlewares/ST/STM32_USB_Host_Library/Core/Src/usbh_core.o
                0x0800dcdc                USBH_Init
 .text.DeInitStateMachine
                0x0800dd50       0xe2 ./Middlewares/ST/STM32_USB_Host_Library/Core/Src/usbh_core.o
 .text.USBH_RegisterClass
                0x0800de32       0x54 ./Middlewares/ST/STM32_USB_Host_Library/Core/Src/usbh_core.o
                0x0800de32                USBH_RegisterClass
 .text.USBH_SelectInterface
                0x0800de86       0x38 ./Middlewares/ST/STM32_USB_Host_Library/Core/Src/usbh_core.o
                0x0800de86                USBH_SelectInterface
 .text.USBH_FindInterface
                0x0800debe       0x8c ./Middlewares/ST/STM32_USB_Host_Library/Core/Src/usbh_core.o
                0x0800debe                USBH_FindInterface
 .text.USBH_Start
                0x0800df4a       0x20 ./Middlewares/ST/STM32_USB_Host_Library/Core/Src/usbh_core.o
                0x0800df4a                USBH_Start
 *fill*         0x0800df6a        0x2 
 .text.USBH_Process
                0x0800df6c      0x3d4 ./Middlewares/ST/STM32_USB_Host_Library/Core/Src/usbh_core.o
                0x0800df6c                USBH_Process
 .text.USBH_HandleEnum
                0x0800e340      0x3c0 ./Middlewares/ST/STM32_USB_Host_Library/Core/Src/usbh_core.o
 .text.USBH_LL_SetTimer
                0x0800e700       0x1e ./Middlewares/ST/STM32_USB_Host_Library/Core/Src/usbh_core.o
                0x0800e700                USBH_LL_SetTimer
 .text.USBH_LL_IncTimer
                0x0800e71e       0x24 ./Middlewares/ST/STM32_USB_Host_Library/Core/Src/usbh_core.o
                0x0800e71e                USBH_LL_IncTimer
 .text.USBH_HandleSof
                0x0800e742       0x30 ./Middlewares/ST/STM32_USB_Host_Library/Core/Src/usbh_core.o
 .text.USBH_LL_PortEnabled
                0x0800e772       0x1c ./Middlewares/ST/STM32_USB_Host_Library/Core/Src/usbh_core.o
                0x0800e772                USBH_LL_PortEnabled
 .text.USBH_LL_PortDisabled
                0x0800e78e       0x24 ./Middlewares/ST/STM32_USB_Host_Library/Core/Src/usbh_core.o
                0x0800e78e                USBH_LL_PortDisabled
 .text.USBH_LL_Connect
                0x0800e7b2       0x2e ./Middlewares/ST/STM32_USB_Host_Library/Core/Src/usbh_core.o
                0x0800e7b2                USBH_LL_Connect
 .text.USBH_LL_Disconnect
                0x0800e7e0       0x48 ./Middlewares/ST/STM32_USB_Host_Library/Core/Src/usbh_core.o
                0x0800e7e0                USBH_LL_Disconnect
 .text.USBH_Get_DevDesc
                0x0800e828       0x58 ./Middlewares/ST/STM32_USB_Host_Library/Core/Src/usbh_ctlreq.o
                0x0800e828                USBH_Get_DevDesc
 .text.USBH_Get_CfgDesc
                0x0800e880       0x54 ./Middlewares/ST/STM32_USB_Host_Library/Core/Src/usbh_ctlreq.o
                0x0800e880                USBH_Get_CfgDesc
 .text.USBH_Get_StringDesc
                0x0800e8d4       0x68 ./Middlewares/ST/STM32_USB_Host_Library/Core/Src/usbh_ctlreq.o
                0x0800e8d4                USBH_Get_StringDesc
 .text.USBH_GetDescriptor
                0x0800e93c       0x6a ./Middlewares/ST/STM32_USB_Host_Library/Core/Src/usbh_ctlreq.o
                0x0800e93c                USBH_GetDescriptor
 .text.USBH_SetAddress
                0x0800e9a6       0x48 ./Middlewares/ST/STM32_USB_Host_Library/Core/Src/usbh_ctlreq.o
                0x0800e9a6                USBH_SetAddress
 .text.USBH_SetCfg
                0x0800e9ee       0x46 ./Middlewares/ST/STM32_USB_Host_Library/Core/Src/usbh_ctlreq.o
                0x0800e9ee                USBH_SetCfg
 .text.USBH_SetFeature
                0x0800ea34       0x48 ./Middlewares/ST/STM32_USB_Host_Library/Core/Src/usbh_ctlreq.o
                0x0800ea34                USBH_SetFeature
 .text.USBH_ClrFeature
                0x0800ea7c       0x48 ./Middlewares/ST/STM32_USB_Host_Library/Core/Src/usbh_ctlreq.o
                0x0800ea7c                USBH_ClrFeature
 .text.USBH_ParseDevDesc
                0x0800eac4      0x160 ./Middlewares/ST/STM32_USB_Host_Library/Core/Src/usbh_ctlreq.o
 .text.USBH_ParseCfgDesc
                0x0800ec24      0x1f8 ./Middlewares/ST/STM32_USB_Host_Library/Core/Src/usbh_ctlreq.o
 .text.USBH_ParseInterfaceDesc
                0x0800ee1c       0x5e ./Middlewares/ST/STM32_USB_Host_Library/Core/Src/usbh_ctlreq.o
 .text.USBH_ParseEPDesc
                0x0800ee7a      0x1d0 ./Middlewares/ST/STM32_USB_Host_Library/Core/Src/usbh_ctlreq.o
 .text.USBH_ParseStringDesc
                0x0800f04a       0x66 ./Middlewares/ST/STM32_USB_Host_Library/Core/Src/usbh_ctlreq.o
 .text.USBH_GetNextDesc
                0x0800f0b0       0x34 ./Middlewares/ST/STM32_USB_Host_Library/Core/Src/usbh_ctlreq.o
                0x0800f0b0                USBH_GetNextDesc
 .text.USBH_CtlReq
                0x0800f0e4       0x7a ./Middlewares/ST/STM32_USB_Host_Library/Core/Src/usbh_ctlreq.o
                0x0800f0e4                USBH_CtlReq
 *fill*         0x0800f15e        0x2 
 .text.USBH_HandleControl
                0x0800f160      0x2ec ./Middlewares/ST/STM32_USB_Host_Library/Core/Src/usbh_ctlreq.o
 .text.USBH_CtlSendSetup
                0x0800f44c       0x34 ./Middlewares/ST/STM32_USB_Host_Library/Core/Src/usbh_ioreq.o
                0x0800f44c                USBH_CtlSendSetup
 .text.USBH_CtlSendData
                0x0800f480       0x4a ./Middlewares/ST/STM32_USB_Host_Library/Core/Src/usbh_ioreq.o
                0x0800f480                USBH_CtlSendData
 .text.USBH_CtlReceiveData
                0x0800f4ca       0x3c ./Middlewares/ST/STM32_USB_Host_Library/Core/Src/usbh_ioreq.o
                0x0800f4ca                USBH_CtlReceiveData
 .text.USBH_BulkSendData
                0x0800f506       0x4a ./Middlewares/ST/STM32_USB_Host_Library/Core/Src/usbh_ioreq.o
                0x0800f506                USBH_BulkSendData
 .text.USBH_BulkReceiveData
                0x0800f550       0x3c ./Middlewares/ST/STM32_USB_Host_Library/Core/Src/usbh_ioreq.o
                0x0800f550                USBH_BulkReceiveData
 .text.USBH_OpenPipe
                0x0800f58c       0x3e ./Middlewares/ST/STM32_USB_Host_Library/Core/Src/usbh_pipes.o
                0x0800f58c                USBH_OpenPipe
 .text.USBH_ClosePipe
                0x0800f5ca       0x20 ./Middlewares/ST/STM32_USB_Host_Library/Core/Src/usbh_pipes.o
                0x0800f5ca                USBH_ClosePipe
 .text.USBH_AllocPipe
                0x0800f5ea       0x42 ./Middlewares/ST/STM32_USB_Host_Library/Core/Src/usbh_pipes.o
                0x0800f5ea                USBH_AllocPipe
 .text.USBH_FreePipe
                0x0800f62c       0x3c ./Middlewares/ST/STM32_USB_Host_Library/Core/Src/usbh_pipes.o
                0x0800f62c                USBH_FreePipe
 .text.USBH_GetFreePipe
                0x0800f668       0x48 ./Middlewares/ST/STM32_USB_Host_Library/Core/Src/usbh_pipes.o
 .text.MX_USB_HOST_Init
                0x0800f6b0       0x4c ./USB_HOST/App/usb_host.o
                0x0800f6b0                MX_USB_HOST_Init
 .text.MX_USB_HOST_Process
                0x0800f6fc       0x14 ./USB_HOST/App/usb_host.o
                0x0800f6fc                MX_USB_HOST_Process
 .text.USBH_UserProcess
                0x0800f710       0x5c ./USB_HOST/App/usb_host.o
 .text.HAL_HCD_MspInit
                0x0800f76c       0xbc ./USB_HOST/Target/usbh_conf.o
                0x0800f76c                HAL_HCD_MspInit
 .text.HAL_HCD_SOF_Callback
                0x0800f828       0x1c ./USB_HOST/Target/usbh_conf.o
                0x0800f828                HAL_HCD_SOF_Callback
 .text.HAL_HCD_Connect_Callback
                0x0800f844       0x1c ./USB_HOST/Target/usbh_conf.o
                0x0800f844                HAL_HCD_Connect_Callback
 .text.HAL_HCD_Disconnect_Callback
                0x0800f860       0x1c ./USB_HOST/Target/usbh_conf.o
                0x0800f860                HAL_HCD_Disconnect_Callback
 .text.HAL_HCD_HC_NotifyURBChange_Callback
                0x0800f87c       0x1c ./USB_HOST/Target/usbh_conf.o
                0x0800f87c                HAL_HCD_HC_NotifyURBChange_Callback
 .text.HAL_HCD_PortEnabled_Callback
                0x0800f898       0x1c ./USB_HOST/Target/usbh_conf.o
                0x0800f898                HAL_HCD_PortEnabled_Callback
 .text.HAL_HCD_PortDisabled_Callback
                0x0800f8b4       0x1c ./USB_HOST/Target/usbh_conf.o
                0x0800f8b4                HAL_HCD_PortDisabled_Callback
 .text.USBH_LL_Init
                0x0800f8d0       0x8c ./USB_HOST/Target/usbh_conf.o
                0x0800f8d0                USBH_LL_Init
 .text.USBH_LL_Start
                0x0800f95c       0x36 ./USB_HOST/Target/usbh_conf.o
                0x0800f95c                USBH_LL_Start
 .text.USBH_LL_Stop
                0x0800f992       0x36 ./USB_HOST/Target/usbh_conf.o
                0x0800f992                USBH_LL_Stop
 .text.USBH_LL_GetSpeed
                0x0800f9c8       0x4e ./USB_HOST/Target/usbh_conf.o
                0x0800f9c8                USBH_LL_GetSpeed
 .text.USBH_LL_ResetPort
                0x0800fa16       0x36 ./USB_HOST/Target/usbh_conf.o
                0x0800fa16                USBH_LL_ResetPort
 .text.USBH_LL_GetLastXferSize
                0x0800fa4c       0x26 ./USB_HOST/Target/usbh_conf.o
                0x0800fa4c                USBH_LL_GetLastXferSize
 .text.USBH_LL_OpenPipe
                0x0800fa72       0x5e ./USB_HOST/Target/usbh_conf.o
                0x0800fa72                USBH_LL_OpenPipe
 .text.USBH_LL_ClosePipe
                0x0800fad0       0x3e ./USB_HOST/Target/usbh_conf.o
                0x0800fad0                USBH_LL_ClosePipe
 .text.USBH_LL_SubmitURB
                0x0800fb0e       0x62 ./USB_HOST/Target/usbh_conf.o
                0x0800fb0e                USBH_LL_SubmitURB
 .text.USBH_LL_GetURBState
                0x0800fb70       0x26 ./USB_HOST/Target/usbh_conf.o
                0x0800fb70                USBH_LL_GetURBState
 .text.USBH_LL_DriverVBUS
                0x0800fb96       0x2e ./USB_HOST/Target/usbh_conf.o
                0x0800fb96                USBH_LL_DriverVBUS
 .text.USBH_LL_SetToggle
                0x0800fbc4       0x66 ./USB_HOST/Target/usbh_conf.o
                0x0800fbc4                USBH_LL_SetToggle
 .text.USBH_Delay
                0x0800fc2a       0x16 ./USB_HOST/Target/usbh_conf.o
                0x0800fc2a                USBH_Delay
 .text.USBH_Get_USB_Status
                0x0800fc40       0x58 ./USB_HOST/Target/usbh_conf.o
                0x0800fc40                USBH_Get_USB_Status
 .text.MX_DriverVbusHS
                0x0800fc98       0x38 ./USB_HOST/Target/usbh_platform.o
                0x0800fc98                MX_DriverVbusHS
 .text.OS_Init  0x0800fcd0       0x1c ./netx_tk/OSAbstraction/OS_Custom.o
                0x0800fcd0                OS_Init
 .text.OS_Deinit
                0x0800fcec        0xe ./netx_tk/OSAbstraction/OS_Custom.o
                0x0800fcec                OS_Deinit
 .text.OS_Memalloc
                0x0800fcfa       0x18 ./netx_tk/OSAbstraction/OS_Custom.o
                0x0800fcfa                OS_Memalloc
 .text.OS_Memfree
                0x0800fd12       0x16 ./netx_tk/OSAbstraction/OS_Custom.o
                0x0800fd12                OS_Memfree
 .text.OS_Memrealloc
                0x0800fd28       0x1c ./netx_tk/OSAbstraction/OS_Custom.o
                0x0800fd28                OS_Memrealloc
 .text.OS_Memset
                0x0800fd44       0x22 ./netx_tk/OSAbstraction/OS_Custom.o
                0x0800fd44                OS_Memset
 .text.OS_Memcpy
                0x0800fd66       0x1e ./netx_tk/OSAbstraction/OS_Custom.o
                0x0800fd66                OS_Memcpy
 .text.OS_Memcmp
                0x0800fd84       0x20 ./netx_tk/OSAbstraction/OS_Custom.o
                0x0800fd84                OS_Memcmp
 .text.OS_Memmove
                0x0800fda4       0x1e ./netx_tk/OSAbstraction/OS_Custom.o
                0x0800fda4                OS_Memmove
 .text.OS_ReadPCIConfig
                0x0800fdc2       0x16 ./netx_tk/OSAbstraction/OS_Custom.o
                0x0800fdc2                OS_ReadPCIConfig
 .text.OS_WritePCIConfig
                0x0800fdd8       0x16 ./netx_tk/OSAbstraction/OS_Custom.o
                0x0800fdd8                OS_WritePCIConfig
 .text.OS_EnableInterrupts
                0x0800fdee       0x18 ./netx_tk/OSAbstraction/OS_Custom.o
                0x0800fdee                OS_EnableInterrupts
 .text.OS_FileOpen
                0x0800fe06       0x18 ./netx_tk/OSAbstraction/OS_Custom.o
                0x0800fe06                OS_FileOpen
 .text.OS_FileRead
                0x0800fe1e       0x1c ./netx_tk/OSAbstraction/OS_Custom.o
                0x0800fe1e                OS_FileRead
 .text.OS_FileClose
                0x0800fe3a       0x14 ./netx_tk/OSAbstraction/OS_Custom.o
                0x0800fe3a                OS_FileClose
 .text.OS_GetMilliSecCounter
                0x0800fe4e        0xe ./netx_tk/OSAbstraction/OS_Custom.o
                0x0800fe4e                OS_GetMilliSecCounter
 .text.OS_Sleep
                0x0800fe5c       0x6c ./netx_tk/OSAbstraction/OS_Custom.o
                0x0800fe5c                OS_Sleep
 .text.OS_CreateLock
                0x0800fec8        0xe ./netx_tk/OSAbstraction/OS_Custom.o
                0x0800fec8                OS_CreateLock
 *fill*         0x0800fed6        0x2 
 .text.OS_EnterLock
                0x0800fed8       0x24 ./netx_tk/OSAbstraction/OS_Custom.o
                0x0800fed8                OS_EnterLock
 .text.OS_LeaveLock
                0x0800fefc       0x2c ./netx_tk/OSAbstraction/OS_Custom.o
                0x0800fefc                OS_LeaveLock
 .text.OS_DeleteLock
                0x0800ff28       0x16 ./netx_tk/OSAbstraction/OS_Custom.o
                0x0800ff28                OS_DeleteLock
 .text.OS_CreateMutex
                0x0800ff3e       0x10 ./netx_tk/OSAbstraction/OS_Custom.o
                0x0800ff3e                OS_CreateMutex
 *fill*         0x0800ff4e        0x2 
 .text.OS_WaitMutex
                0x0800ff50       0x28 ./netx_tk/OSAbstraction/OS_Custom.o
                0x0800ff50                OS_WaitMutex
 .text.OS_ReleaseMutex
                0x0800ff78       0x2c ./netx_tk/OSAbstraction/OS_Custom.o
                0x0800ff78                OS_ReleaseMutex
 .text.OS_DeleteMutex
                0x0800ffa4       0x14 ./netx_tk/OSAbstraction/OS_Custom.o
                0x0800ffa4                OS_DeleteMutex
 .text.OS_CreateEvent
                0x0800ffb8       0x78 ./netx_tk/OSAbstraction/OS_Custom.o
                0x0800ffb8                OS_CreateEvent
 .text.OS_SetEvent
                0x08010030       0x3c ./netx_tk/OSAbstraction/OS_Custom.o
                0x08010030                OS_SetEvent
 .text.OS_DeleteEvent
                0x0801006c       0x2c ./netx_tk/OSAbstraction/OS_Custom.o
                0x0801006c                OS_DeleteEvent
 .text.OS_WaitEvent
                0x08010098       0x9c ./netx_tk/OSAbstraction/OS_Custom.o
                0x08010098                OS_WaitEvent
 .text.OS_Strcmp
                0x08010134       0x1c ./netx_tk/OSAbstraction/OS_Custom.o
                0x08010134                OS_Strcmp
 .text.OS_Strnicmp
                0x08010150       0x20 ./netx_tk/OSAbstraction/OS_Custom.o
                0x08010150                OS_Strnicmp
 .text.OS_Strlen
                0x08010170       0x18 ./netx_tk/OSAbstraction/OS_Custom.o
                0x08010170                OS_Strlen
 .text.OS_Strncpy
                0x08010188       0x20 ./netx_tk/OSAbstraction/OS_Custom.o
                0x08010188                OS_Strncpy
 .text.OS_SpiInit
                0x080101a8       0x16 ./netx_tk/OSAbstraction/OS_SPICustom.o
                0x080101a8                OS_SpiInit
 *fill*         0x080101be        0x2 
 .text.OS_SpiAssert
                0x080101c0       0x20 ./netx_tk/OSAbstraction/OS_SPICustom.o
                0x080101c0                OS_SpiAssert
 .text.OS_SpiDeassert
                0x080101e0       0x20 ./netx_tk/OSAbstraction/OS_SPICustom.o
                0x080101e0                OS_SpiDeassert
 .text.OS_SpiLock
                0x08010200       0x16 ./netx_tk/OSAbstraction/OS_SPICustom.o
                0x08010200                OS_SpiLock
 .text.OS_SpiUnlock
                0x08010216       0x16 ./netx_tk/OSAbstraction/OS_SPICustom.o
                0x08010216                OS_SpiUnlock
 .text.OS_SpiTransfer
                0x0801022c       0x88 ./netx_tk/OSAbstraction/OS_SPICustom.o
                0x0801022c                OS_SpiTransfer
 .text.Read_NX50
                0x080102b4       0xdc ./netx_tk/SerialDPM/SerialDPMInterface.o
 .text.Write_NX50
                0x08010390       0x9c ./netx_tk/SerialDPM/SerialDPMInterface.o
 .text.Read_NX500
                0x0801042c      0x11c ./netx_tk/SerialDPM/SerialDPMInterface.o
 .text.ReadModifyWrite_NX500
                0x08010548      0x12a ./netx_tk/SerialDPM/SerialDPMInterface.o
 .text.Read_NX10
                0x08010672       0x78 ./netx_tk/SerialDPM/SerialDPMInterface.o
 .text.Write_NX10
                0x080106ea       0x74 ./netx_tk/SerialDPM/SerialDPMInterface.o
 .text.Read_NX51
                0x0801075e       0x88 ./netx_tk/SerialDPM/SerialDPMInterface.o
 .text.Write_NX51
                0x080107e6       0x72 ./netx_tk/SerialDPM/SerialDPMInterface.o
 .text.SerialDPM_Init
                0x08010858      0x1a4 ./netx_tk/SerialDPM/SerialDPMInterface.o
                0x08010858                SerialDPM_Init
 .text.CreateCRC32
                0x080109fc       0x64 ./netx_tk/Source/Hilcrc32.o
                0x080109fc                CreateCRC32
 .text.md5_memcpy
                0x08010a60       0x3e ./netx_tk/Source/Hilmd5.o
 *fill*         0x08010a9e        0x2 
 .text.md5_process
                0x08010aa0      0xcc0 ./netx_tk/Source/Hilmd5.o
 .text.md5_init
                0x08011760       0x4c ./netx_tk/Source/Hilmd5.o
                0x08011760                md5_init
 .text.md5_append
                0x080117ac       0xee ./netx_tk/Source/Hilmd5.o
                0x080117ac                md5_append
 *fill*         0x0801189a        0x2 
 .text.md5_finish
                0x0801189c       0xac ./netx_tk/Source/Hilmd5.o
                0x0801189c                md5_finish
 .text.DEV_RemoveChannelFiles
                0x08011948      0x138 ./netx_tk/Source/cifXDownload.o
                0x08011948                DEV_RemoveChannelFiles
 .text.DEV_IsFWFile
                0x08011a80       0x98 ./netx_tk/Source/cifXDownload.o
                0x08011a80                DEV_IsFWFile
 .text.DEV_IsFWFileNetX90or4000
                0x08011b18       0xb4 ./netx_tk/Source/cifXDownload.o
                0x08011b18                DEV_IsFWFileNetX90or4000
 .text.DEV_IsNXOFile
                0x08011bcc       0x44 ./netx_tk/Source/cifXDownload.o
                0x08011bcc                DEV_IsNXOFile
 .text.DEV_IsNXFFile
                0x08011c10       0x44 ./netx_tk/Source/cifXDownload.o
                0x08011c10                DEV_IsNXFFile
 .text.DEV_DeleteFile
                0x08011c54      0x182 ./netx_tk/Source/cifXDownload.o
                0x08011c54                DEV_DeleteFile
 *fill*         0x08011dd6        0x2 
 .text.DEV_GetFWTransferTypeFromFileName
                0x08011dd8       0xd4 ./netx_tk/Source/cifXDownload.o
                0x08011dd8                DEV_GetFWTransferTypeFromFileName
 .text.DEV_CheckForDownload
                0x08011eac      0x28c ./netx_tk/Source/cifXDownload.o
                0x08011eac                DEV_CheckForDownload
 .text.DEV_ProcessFWDownload
                0x08012138      0x380 ./netx_tk/Source/cifXDownload.o
                0x08012138                DEV_ProcessFWDownload
 .text.DEV_DownloadFile
                0x080124b8      0x6a4 ./netx_tk/Source/cifXDownload.o
                0x080124b8                DEV_DownloadFile
 .text.cifXConvertEndianess
                0x08012b5c       0x1c ./netx_tk/Source/cifXEndianess.o
                0x08012b5c                cifXConvertEndianess
 .text.xSysdeviceOpen
                0x08012b78       0xb8 ./netx_tk/Source/cifXFunctions.o
                0x08012b78                xSysdeviceOpen
 .text.xSysdeviceClose
                0x08012c30       0x24 ./netx_tk/Source/cifXFunctions.o
                0x08012c30                xSysdeviceClose
 .text.xSysdeviceDownload
                0x08012c54      0x1fc ./netx_tk/Source/cifXFunctions.o
                0x08012c54                xSysdeviceDownload
 .text.xSysdeviceInfo
                0x08012e50      0x2bc ./netx_tk/Source/cifXFunctions.o
                0x08012e50                xSysdeviceInfo
 .text.xChannelOpen
                0x0801310c       0xdc ./netx_tk/Source/cifXFunctions.o
                0x0801310c                xChannelOpen
 .text.xChannelClose
                0x080131e8       0x24 ./netx_tk/Source/cifXFunctions.o
                0x080131e8                xChannelClose
 .text.xChannelPutPacket
                0x0801320c       0x54 ./netx_tk/Source/cifXFunctions.o
                0x0801320c                xChannelPutPacket
 .text.xChannelGetPacket
                0x08013260       0x58 ./netx_tk/Source/cifXFunctions.o
                0x08013260                xChannelGetPacket
 .text.xChannelBusState
                0x080132b8       0x30 ./netx_tk/Source/cifXFunctions.o
                0x080132b8                xChannelBusState
 .text.xChannelIORead
                0x080132e8      0x14c ./netx_tk/Source/cifXFunctions.o
                0x080132e8                xChannelIORead
 .text.xChannelIOWrite
                0x08013434      0x14c ./netx_tk/Source/cifXFunctions.o
                0x08013434                xChannelIOWrite
 .text.xDriverOpen
                0x08013580       0x3c ./netx_tk/Source/cifXFunctions.o
                0x08013580                xDriverOpen
 .text.xDriverClose
                0x080135bc       0x44 ./netx_tk/Source/cifXFunctions.o
                0x080135bc                xDriverClose
 .text.xDriverGetInformation
                0x08013600       0x58 ./netx_tk/Source/cifXFunctions.o
                0x08013600                xDriverGetInformation
 .text.xDriverEnumBoards
                0x08013658      0x118 ./netx_tk/Source/cifXFunctions.o
                0x08013658                xDriverEnumBoards
 .text.xChannelInfo
                0x08013770      0x19c ./netx_tk/Source/cifXFunctions.o
                0x08013770                xChannelInfo
 .text.xChannelHostState
                0x0801390c       0x50 ./netx_tk/Source/cifXFunctions.o
                0x0801390c                xChannelHostState
 .text.xSysdeviceFindFirstFile
                0x0801395c      0x1f8 ./netx_tk/Source/cifXFunctions.o
                0x0801395c                xSysdeviceFindFirstFile
 .text.xSysdeviceFindNextFile
                0x08013b54      0x1e4 ./netx_tk/Source/cifXFunctions.o
                0x08013b54                xSysdeviceFindNextFile
 .text.DEV_PutPacket
                0x08013d38       0xb4 ./netx_tk/Source/cifXHWFunctions.o
                0x08013d38                DEV_PutPacket
 .text.DEV_GetPacket
                0x08013dec       0xd4 ./netx_tk/Source/cifXHWFunctions.o
                0x08013dec                DEV_GetPacket
 .text.DEV_TransferPacket
                0x08013ec0       0xa4 ./netx_tk/Source/cifXHWFunctions.o
                0x08013ec0                DEV_TransferPacket
 .text.DEV_WaitForBitState_Poll
                0x08013f64      0x13e ./netx_tk/Source/cifXHWFunctions.o
 .text.DEV_WaitForBitState_Irq
                0x080140a2      0x13c ./netx_tk/Source/cifXHWFunctions.o
 .text.DEV_WaitForBitState
                0x080141de       0x40 ./netx_tk/Source/cifXHWFunctions.o
                0x080141de                DEV_WaitForBitState
 .text.DEV_GetIOBitstate
                0x0801421e       0x70 ./netx_tk/Source/cifXHWFunctions.o
                0x0801421e                DEV_GetIOBitstate
 .text.DEV_ToggleBit
                0x0801428e       0x84 ./netx_tk/Source/cifXHWFunctions.o
                0x0801428e                DEV_ToggleBit
 .text.DEV_ReadHostFlags
                0x08014312       0xea ./netx_tk/Source/cifXHWFunctions.o
                0x08014312                DEV_ReadHostFlags
 .text.DEV_ReadHandshakeFlags
                0x080143fc      0x14e ./netx_tk/Source/cifXHWFunctions.o
                0x080143fc                DEV_ReadHandshakeFlags
 *fill*         0x0801454a        0x2 
 .text.DEV_WaitForNotReady_Poll
                0x0801454c      0x114 ./netx_tk/Source/cifXHWFunctions.o
                0x0801454c                DEV_WaitForNotReady_Poll
 .text.DEV_WaitForReady_Poll
                0x08014660      0x150 ./netx_tk/Source/cifXHWFunctions.o
                0x08014660                DEV_WaitForReady_Poll
 .text.DEV_WaitForNotRunning_Poll
                0x080147b0       0x74 ./netx_tk/Source/cifXHWFunctions.o
                0x080147b0                DEV_WaitForNotRunning_Poll
 .text.DEV_WaitForRunning_Poll
                0x08014824       0x6c ./netx_tk/Source/cifXHWFunctions.o
                0x08014824                DEV_WaitForRunning_Poll
 .text.DEV_IsReady
                0x08014890       0x58 ./netx_tk/Source/cifXHWFunctions.o
                0x08014890                DEV_IsReady
 .text.DEV_IsRunning
                0x080148e8       0x52 ./netx_tk/Source/cifXHWFunctions.o
                0x080148e8                DEV_IsRunning
 *fill*         0x0801493a        0x2 
 .text.DEV_IsCommunicating
                0x0801493c       0x84 ./netx_tk/Source/cifXHWFunctions.o
                0x0801493c                DEV_IsCommunicating
 .text.DEV_BusState
                0x080149c0      0x1ec ./netx_tk/Source/cifXHWFunctions.o
                0x080149c0                DEV_BusState
 .text.DEV_GetHostState
                0x08014bac       0x38 ./netx_tk/Source/cifXHWFunctions.o
                0x08014bac                DEV_GetHostState
 .text.DEV_SetHostState
                0x08014be4       0xd8 ./netx_tk/Source/cifXHWFunctions.o
                0x08014be4                DEV_SetHostState
 .text.DEV_DoChannelInit
                0x08014cbc      0x164 ./netx_tk/Source/cifXHWFunctions.o
                0x08014cbc                DEV_DoChannelInit
 .text.DEV_Reset_Prepare
                0x08014e20       0xda ./netx_tk/Source/cifXHWFunctions.o
 .text.DEV_Reset_Finish
                0x08014efa       0xd8 ./netx_tk/Source/cifXHWFunctions.o
 *fill*         0x08014fd2        0x2 
 .text.DEV_Reset_Execute
                0x08014fd4       0xb8 ./netx_tk/Source/cifXHWFunctions.o
 .text.DEV_DoSystemStart
                0x0801508c      0x220 ./netx_tk/Source/cifXHWFunctions.o
                0x0801508c                DEV_DoSystemStart
 .text.DEV_DoHostCOSChange
                0x080152ac      0x128 ./netx_tk/Source/cifXHWFunctions.o
                0x080152ac                DEV_DoHostCOSChange
 .text.HwIfRead8
                0x080153d4       0x2e ./netx_tk/Source/cifXHWFunctions.o
                0x080153d4                HwIfRead8
 .text.HwIfRead16
                0x08015402       0x2e ./netx_tk/Source/cifXHWFunctions.o
                0x08015402                HwIfRead16
 .text.HwIfRead32
                0x08015430       0x2e ./netx_tk/Source/cifXHWFunctions.o
                0x08015430                HwIfRead32
 .text.cifXDeleteChannelInstance
                0x0801545e      0x1da ./netx_tk/Source/cifXInit.o
 .text.cifXDetectChipTypebyROMLoader
                0x08015638       0xcc ./netx_tk/Source/cifXInit.o
                0x08015638                cifXDetectChipTypebyROMLoader
 .text.cifXHardwareReset
                0x08015704      0x160 ./netx_tk/Source/cifXInit.o
 .text.cifXRunBootloader
                0x08015864      0x3c8 ./netx_tk/Source/cifXInit.o
 .text.cifXStartRAMDevice
                0x08015c2c       0xec ./netx_tk/Source/cifXInit.o
 .text.cifXHandleRAMBaseOSModule
                0x08015d18      0x3e0 ./netx_tk/Source/cifXInit.o
 .text.cifXStartFlashDevice
                0x080160f8       0x16 ./netx_tk/Source/cifXInit.o
 *fill*         0x0801610e        0x2 
 .text.cifXHandleFlashBaseOSModule
                0x08016110      0x3b4 ./netx_tk/Source/cifXInit.o
 .text.cifXDownloadFWFiles
                0x080164c4      0x364 ./netx_tk/Source/cifXInit.o
 .text.cifXDownloadCNFFiles
                0x08016828      0x3a0 ./netx_tk/Source/cifXInit.o
 .text.cifXReadHardwareIdent
                0x08016bc8      0x12c ./netx_tk/Source/cifXInit.o
                0x08016bc8                cifXReadHardwareIdent
 .text.cifXReadFirmwareIdent
                0x08016cf4      0x170 ./netx_tk/Source/cifXInit.o
                0x08016cf4                cifXReadFirmwareIdent
 .text.cifXStartModule
                0x08016e64      0x344 ./netx_tk/Source/cifXInit.o
                0x08016e64                cifXStartModule
 .text.cifXStartRAMFirmware
                0x080171a8      0x214 ./netx_tk/Source/cifXInit.o
 .text.cifXStartFlashFirmware
                0x080173bc      0x1b4 ./netx_tk/Source/cifXInit.o
 .text.cifXStartFlashConfiguration
                0x08017570       0xb4 ./netx_tk/Source/cifXInit.o
 .text.cifXCreateSystemDevice
                0x08017624      0x3c8 ./netx_tk/Source/cifXInit.o
 .text.cifXReadChannelLayout
                0x080179ec      0x970 ./netx_tk/Source/cifXInit.o
 .text.cifXHandleWarmstartParameter
                0x0801835c      0x20c ./netx_tk/Source/cifXInit.o
 .text.cifXCreateChannels
                0x08018568      0x4a0 ./netx_tk/Source/cifXInit.o
 .text.cifXCheckIRQEnable
                0x08018a08      0x16c ./netx_tk/Source/cifXInit.o
 .text.cifXCheckCachedBufferEnable
                0x08018b74       0x84 ./netx_tk/Source/cifXInit.o
 .text.cifXIsBaseOSModule
                0x08018bf8       0x38 ./netx_tk/Source/cifXInit.o
 .text.cifXEvaluateDeviceType
                0x08018c30      0x220 ./netx_tk/Source/cifXInit.o
 .text.cifXStartDevice
                0x08018e50      0x320 ./netx_tk/Source/cifXInit.o
 .text.cifXStopDevice
                0x08019170      0x210 ./netx_tk/Source/cifXInit.o
 .text.cifXTKitEnableHWInterrupt
                0x08019380       0x68 ./netx_tk/Source/cifXInit.o
                0x08019380                cifXTKitEnableHWInterrupt
 .text.cifXTKitAddDevice
                0x080193e8      0x100 ./netx_tk/Source/cifXInit.o
                0x080193e8                cifXTKitAddDevice
 .text.cifXTKitInit
                0x080194e8       0x54 ./netx_tk/Source/cifXInit.o
                0x080194e8                cifXTKitInit
 .text.cifXTKitDeinit
                0x0801953c       0xac ./netx_tk/Source/cifXInit.o
                0x0801953c                cifXTKitDeinit
 .text.cifXTKitISRHandler
                0x080195e8      0x1f4 ./netx_tk/Source/cifXInterrupt.o
                0x080195e8                cifXTKitISRHandler
 .text.ProcessIOArea
                0x080197dc       0xf4 ./netx_tk/Source/cifXInterrupt.o
 .text.cifXTKitDSRHandler
                0x080198d0      0x52c ./netx_tk/Source/cifXInterrupt.o
                0x080198d0                cifXTKitDSRHandler
 .text.IsNetX51or52ROM
                0x08019dfc       0x9a ./netx_tk/Source/netX5x_hboot.o
                0x08019dfc                IsNetX51or52ROM
 .text.hboot_waitforbitstate
                0x08019e96      0x108 ./netx_tk/Source/netX5x_hboot.o
 *fill*         0x08019f9e        0x2 
 .text.hboot_send_packet
                0x08019fa0       0xd8 ./netx_tk/Source/netX5x_hboot.o
 .text.hboot_get_packet
                0x0801a078       0xd0 ./netx_tk/Source/netX5x_hboot.o
 .text.hboot_transfer_packet
                0x0801a148       0x42 ./netx_tk/Source/netX5x_hboot.o
 *fill*         0x0801a18a        0x2 
 .text.cifXStartBootloader_hboot
                0x0801a18c      0x294 ./netx_tk/Source/netX5x_hboot.o
                0x0801a18c                cifXStartBootloader_hboot
 .text.cifXStartBootloader_netX100
                0x0801a420      0x10c ./netx_tk/Source/netX5xx_hboot.o
                0x0801a420                cifXStartBootloader_netX100
 .text.IsNetX4x00FLASH
                0x0801a52c       0x60 ./netx_tk/Source/netX90_netX4x00.o
                0x0801a52c                IsNetX4x00FLASH
 .text.IsNetX4x00ROM
                0x0801a58c       0x60 ./netx_tk/Source/netX90_netX4x00.o
                0x0801a58c                IsNetX4x00ROM
 .text.IsNetX90FLASH
                0x0801a5ec       0x50 ./netx_tk/Source/netX90_netX4x00.o
                0x0801a5ec                IsNetX90FLASH
 .text.IsNetX90ROM
                0x0801a63c       0x80 ./netx_tk/Source/netX90_netX4x00.o
                0x0801a63c                IsNetX90ROM
 .text.USER_GetOSFile
                0x0801a6bc       0x18 ./netx_tk/User/TKitUser_Custom.o
                0x0801a6bc                USER_GetOSFile
 .text.USER_GetFirmwareFileCount
                0x0801a6d4       0x16 ./netx_tk/User/TKitUser_Custom.o
                0x0801a6d4                USER_GetFirmwareFileCount
 .text.USER_GetFirmwareFile
                0x0801a6ea       0x1a ./netx_tk/User/TKitUser_Custom.o
                0x0801a6ea                USER_GetFirmwareFile
 .text.USER_GetConfigurationFileCount
                0x0801a704       0x16 ./netx_tk/User/TKitUser_Custom.o
                0x0801a704                USER_GetConfigurationFileCount
 .text.USER_GetConfigurationFile
                0x0801a71a       0x1a ./netx_tk/User/TKitUser_Custom.o
                0x0801a71a                USER_GetConfigurationFile
 .text.USER_GetBootloaderFile
                0x0801a734       0x16 ./netx_tk/User/TKitUser_Custom.o
                0x0801a734                USER_GetBootloaderFile
 .text.USER_GetWarmstartParameters
                0x0801a74a       0x18 ./netx_tk/User/TKitUser_Custom.o