../Hil_cifXToolkit/Source/cifXHWFunctions.c:1679:13:DEV_Reset_Prepare	16	static
../Hil_cifXToolkit/Source/cifXHWFunctions.c:293:12:DEV_WaitForBitState_Irq	32	static
../Hil_cifXToolkit/Source/cifXHWFunctions.c:525:12:DEV_WaitForSyncState_Irq	32	static
../Hil_cifXToolkit/Source/cifXHWFunctions.c:439:6:DEV_ToggleBit	24	static
../Hil_cifXToolkit/Source/cifXHWFunctions.c:611:6:DEV_ToggleSyncBit	32	static
../Hil_cifXToolkit/Source/cifXHWFunctions.c:971:6:DEV_WriteHandshakeFlags	24	static
../Hil_cifXToolkit/Source/cifXHWFunctions.c:2466:9:HwIfRead8	24	static
../Hil_cifXToolkit/Source/cifXHWFunctions.c:400:9:DEV_GetIOBitstate	8	static
../Hil_cifXToolkit/Source/cifXHWFunctions.c:2479:10:HwIfRead16	24	static
../Hil_cifXToolkit/Source/cifXHWFunctions.c:2492:10:HwIfRead32	24	static
../Hil_cifXToolkit/Source/cifXHWFunctions.c:629:6:DEV_ReadHostFlags	16	static
../Hil_cifXToolkit/Source/cifXHWFunctions.c:665:6:DEV_ReadHandshakeFlags	24	static
../Hil_cifXToolkit/Source/cifXHWFunctions.c:212:12:DEV_WaitForBitState_Poll	32	static
../Hil_cifXToolkit/Source/cifXHWFunctions.c:385:5:DEV_WaitForBitState	8	static
../Hil_cifXToolkit/Source/cifXHWFunctions.c:2205:9:DEV_DoHostCOSChange	48	static
../Hil_cifXToolkit/Source/cifXHWFunctions.c:461:12:DEV_WaitForSyncState_Poll	32	static
../Hil_cifXToolkit/Source/cifXHWFunctions.c:598:5:DEV_WaitForSyncState	8	static
../Hil_cifXToolkit/Source/cifXHWFunctions.c:989:5:DEV_IsReady	8	static
../Hil_cifXToolkit/Source/cifXHWFunctions.c:62:9:DEV_PutPacket	24	static
../Hil_cifXToolkit/Source/cifXHWFunctions.c:1046:5:DEV_IsCommunicating	16	static
../Hil_cifXToolkit/Source/cifXHWFunctions.c:1083:9:DEV_GetMBXState	16	static
../Hil_cifXToolkit/Source/cifXHWFunctions.c:1294:9:DEV_GetHostState	16	static
../Hil_cifXToolkit/Source/cifXHWFunctions.c:1313:9:DEV_SetHostState	24	static
../Hil_cifXToolkit/Source/cifXHWFunctions.c:1019:5:DEV_IsRunning	8	static
../Hil_cifXToolkit/Source/cifXHWFunctions.c:887:5:DEV_WaitForNotRunning_Poll	24	static
../Hil_cifXToolkit/Source/cifXHWFunctions.c:930:5:DEV_WaitForRunning_Poll	24	static
../Hil_cifXToolkit/Source/cifXHWFunctions.c:1394:9:DEV_ReadWriteBlock	24	static
../Hil_cifXToolkit/Source/cifXHWFunctions.c:1446:9:DEV_GetHandshakeBitState	16	static
../Hil_cifXToolkit/Source/cifXHWFunctions.c:1707:13:DEV_Reset_Finish	16	static
../Hil_cifXToolkit/Source/cifXHWFunctions.c:105:9:DEV_GetPacket	40	static
../Hil_cifXToolkit/Source/cifXHWFunctions.c:156:9:DEV_TransferPacket	40	static
../Hil_cifXToolkit/Source/cifXHWFunctions.c:737:5:DEV_WaitForNotReady_Poll	24	static
../Hil_cifXToolkit/Source/cifXHWFunctions.c:1746:16:DEV_Reset_Execute	48	static
../Hil_cifXToolkit/Source/cifXHWFunctions.c:804:5:DEV_WaitForReady_Poll	40	static
../Hil_cifXToolkit/Source/cifXHWFunctions.c:1579:9:DEV_DoChannelInit	32	static
../Hil_cifXToolkit/Source/cifXHWFunctions.c:1122:9:DEV_TriggerWatchdog	40	static
../Hil_cifXToolkit/Source/cifXHWFunctions.c:1172:9:DEV_BusState	40	static
../Hil_cifXToolkit/Source/cifXHWFunctions.c:1464:6:DEV_CheckCOSFlags	40	static
../Hil_cifXToolkit/Source/cifXHWFunctions.c:1782:9:DEV_DoSystemStart	56	static
../Hil_cifXToolkit/Source/cifXHWFunctions.c:1900:9:DEV_DoSystemBootstart	48	static
../Hil_cifXToolkit/Source/cifXHWFunctions.c:2016:9:DEV_DoUpdateStart	56	static
