../Hil_cifXToolkit/Source/cifXInit.c:882:16:cifXStartFlashDevice	0	static
../Hil_cifXToolkit/Source/cifXInit.c:3582:16:cifXEvaluateDeviceType	40	static
../Hil_cifXToolkit/Source/cifXInit.c:3566:16:cifXIsBaseOSModule	8	static
../Hil_cifXToolkit/Source/cifXInit.c:403:16:cifXRunBootloader	312	static
../Hil_cifXToolkit/Source/cifXInit.c:671:16:cifXHandleRAMBaseOSModule	432	static
../Hil_cifXToolkit/Source/cifXInit.c:897:16:cifXHandleFlashBaseOSModule	352	static
../Hil_cifXToolkit/Source/cifXInit.c:1101:16:cifXDownloadFWFiles	376	static
../Hil_cifXToolkit/Source/cifXInit.c:1270:16:cifXDownloadCNFFiles	376	static
../Hil_cifXToolkit/Source/cifXInit.c:2286:16:cifXReadChannelLayout	176	static
../Hil_cifXToolkit/Source/cifXInit.c:2073:16:cifXCreateSystemDevice	80	static
../Hil_cifXToolkit/Source/cifXInit.c:122:13:cifXDeleteChannelInstance	16	static
../Hil_cifXToolkit/Source/cifXInit.c:2021:16:cifXStartFlashConfiguration	24	static
../Hil_cifXToolkit/Source/cifXInit.c:2861:16:cifXHandleWarmstartParameter	3240	static
../Hil_cifXToolkit/Source/cifXInit.c:3351:16:cifXCheckCachedBufferEnable	24	static
../Hil_cifXToolkit/Source/cifXInit.c:3261:16:cifXCheckIRQEnable	40	static
../Hil_cifXToolkit/Source/cifXInit.c:4006:16:cifXStopDevice	16	static
../Hil_cifXToolkit/Source/cifXInit.c:102:6:cifXTKitCyclicTimer	8	static
../Hil_cifXToolkit/Source/cifXInit.c:230:9:cifXDetectChipTypebyROMLoader	40	static
../Hil_cifXToolkit/Source/cifXInit.c:299:16:cifXHardwareReset	48	static
../Hil_cifXToolkit/Source/cifXInit.c:590:16:cifXStartRAMDevice	16	static
../Hil_cifXToolkit/Source/cifXInit.c:1465:9:cifXReadHardwareIdent	1680	static
../Hil_cifXToolkit/Source/cifXInit.c:1520:9:cifXReadFirmwareIdent	1680	static
../Hil_cifXToolkit/Source/cifXInit.c:2962:16:cifXCreateChannels	72	static
../Hil_cifXToolkit/Source/cifXInit.c:1587:9:cifXStartModule	1680	static
../Hil_cifXToolkit/Source/cifXInit.c:1732:16:cifXStartRAMFirmware	120	static
../Hil_cifXToolkit/Source/cifXInit.c:1890:16:cifXStartFlashFirmware	32	static
../Hil_cifXToolkit/Source/cifXInit.c:3780:16:cifXStartDevice	200	static
../Hil_cifXToolkit/Source/cifXInit.c:4150:6:cifXTKitEnableHWInterrupt	32	static
../Hil_cifXToolkit/Source/cifXInit.c:4168:6:cifXTKitDisableHWInterrupt	40	static
../Hil_cifXToolkit/Source/cifXInit.c:4186:9:cifXTKitAddDevice	16	static
../Hil_cifXToolkit/Source/cifXInit.c:4271:9:cifXTKitRemoveDevice	24	static
../Hil_cifXToolkit/Source/cifXInit.c:4386:6:cifXTKitDeinit	8	static
../Hil_cifXToolkit/Source/cifXInit.c:4353:9:cifXTKitInit	8	static
