../Hil_cifXToolkit/Source/cifXFunctions.c:376:18:xSysdeviceOpen	24	static
../Hil_cifXToolkit/Source/cifXFunctions.c:408:18:xSysdeviceClose	0	static
../Hil_cifXToolkit/Source/cifXFunctions.c:427:18:xSysdeviceGetMBXState	8	static
../Hil_cifXToolkit/Source/cifXFunctions.c:442:18:xSysdevicePutPacket	16	static
../Hil_cifXToolkit/Source/cifXFunctions.c:466:18:xSysdeviceGetPacket	24	static
../Hil_cifXToolkit/Source/cifXFunctions.c:496:18:xSysdeviceDownload	56	static
../Hil_cifXToolkit/Source/cifXFunctions.c:645:18:xSysdeviceInfo	32	static
../Hil_cifXToolkit/Source/cifXFunctions.c:825:18:xSysdeviceResetEx	8	static
../Hil_cifXToolkit/Source/cifXFunctions.c:865:18:xSysdeviceReset	8	static
../Hil_cifXToolkit/Source/cifXFunctions.c:888:18:xSysdeviceBootstart	8	static
../Hil_cifXToolkit/Source/cifXFunctions.c:907:18:xSysdeviceExtendedMemory	32	static
../Hil_cifXToolkit/Source/cifXFunctions.c:1012:18:xChannelOpen	24	static
../Hil_cifXToolkit/Source/cifXFunctions.c:1052:18:xChannelClose	0	static
../Hil_cifXToolkit/Source/cifXFunctions.c:1077:18:xChannelDownload	56	static
../Hil_cifXToolkit/Source/cifXFunctions.c:1132:18:xChannelGetMBXState	8	static
../Hil_cifXToolkit/Source/cifXFunctions.c:1146:18:xChannelPutPacket	16	static
../Hil_cifXToolkit/Source/cifXFunctions.c:1171:18:xChannelGetPacket	24	static
../Hil_cifXToolkit/Source/cifXFunctions.c:1195:18:xChannelGetSendPacket	32	static
../Hil_cifXToolkit/Source/cifXFunctions.c:1225:18:xChannelConfigLock	32	static
../Hil_cifXToolkit/Source/cifXFunctions.c:1323:18:xChannelBusState	8	static
../Hil_cifXToolkit/Source/cifXFunctions.c:1345:18:xChannelReset	8	static
../Hil_cifXToolkit/Source/cifXFunctions.c:1385:18:xChannelIOInfo	24	static
../Hil_cifXToolkit/Source/cifXFunctions.c:1467:18:xChannelIORead	48	static
../Hil_cifXToolkit/Source/cifXFunctions.c:1607:18:xChannelIOWrite	48	static
../Hil_cifXToolkit/Source/cifXFunctions.c:1749:18:xChannelIOReadSendData	24	static
../Hil_cifXToolkit/Source/cifXFunctions.c:1808:18:xChannelControlBlock	56	static
../Hil_cifXToolkit/Source/cifXFunctions.c:1888:18:xChannelCommonStatusBlock	40	static
../Hil_cifXToolkit/Source/cifXFunctions.c:1944:18:xChannelExtendedStatusBlock	32	static
../Hil_cifXToolkit/Source/cifXFunctions.c:1986:18:xChannelUserBlock	32	static
../Hil_cifXToolkit/Source/cifXFunctions.c:2028:18:xChannelPLCMemoryPtr	48	static
../Hil_cifXToolkit/Source/cifXFunctions.c:2269:18:xChannelPLCIsReadReady	32	static
../Hil_cifXToolkit/Source/cifXFunctions.c:2327:18:xChannelPLCIsWriteReady	32	static
../Hil_cifXToolkit/Source/cifXFunctions.c:2378:18:xChannelPLCActivateWrite	24	static
../Hil_cifXToolkit/Source/cifXFunctions.c:2432:18:xChannelPLCActivateRead	24	static
../Hil_cifXToolkit/Source/cifXFunctions.c:2480:18:xDriverOpen	0	static
../Hil_cifXToolkit/Source/cifXFunctions.c:2499:18:xDriverClose	0	static
../Hil_cifXToolkit/Source/cifXFunctions.c:2522:18:xDriverGetInformation	8	static
../Hil_cifXToolkit/Source/cifXFunctions.c:2548:18:xDriverGetErrorDescription	8	static
../Hil_cifXToolkit/Source/cifXFunctions.c:2576:18:xDriverEnumBoards	32	static
../Hil_cifXToolkit/Source/cifXFunctions.c:2671:18:xDriverMemoryPointer	32	static
../Hil_cifXToolkit/Source/cifXFunctions.c:2762:18:xChannelInfo	16	static
../Hil_cifXToolkit/Source/cifXFunctions.c:2631:18:xDriverEnumChannels	8	static
../Hil_cifXToolkit/Source/cifXFunctions.c:2835:18:xChannelWatchdog	8	static
../Hil_cifXToolkit/Source/cifXFunctions.c:2850:18:xChannelHostState	8	static
../Hil_cifXToolkit/Source/cifXFunctions.c:2926:18:xSysdeviceFindFirstFile	1704	static
../Hil_cifXToolkit/Source/cifXFunctions.c:2888:18:xChannelFindFirstFile	16	static
../Hil_cifXToolkit/Source/cifXFunctions.c:3014:18:xSysdeviceFindNextFile	1712	static
../Hil_cifXToolkit/Source/cifXFunctions.c:2906:18:xChannelFindNextFile	16	static
../Hil_cifXToolkit/Source/cifXFunctions.c:3105:18:xSysdeviceUpload	56	static
../Hil_cifXToolkit/Source/cifXFunctions.c:3169:18:xChannelUpload	32	static
../Hil_cifXToolkit/Source/cifXFunctions.c:3196:18:xChannelDMAState	0	static
../Hil_cifXToolkit/Source/cifXFunctions.c:3247:18:xChannelRegisterNotification	40	static
../Hil_cifXToolkit/Source/cifXFunctions.c:3464:18:xChannelUnregisterNotification	0	static
../Hil_cifXToolkit/Source/cifXFunctions.c:3604:18:xChannelSyncState	24	static
