../App/logic/cmd/APC_CmdListener.c:52:6:initCmdListener	8	static
../App/logic/cmd/APC_CmdListener.c:60:6:initLocalListener	8	static
../App/logic/cmd/APC_CmdListener.c:68:6:initRemoteListener	8	static
../App/logic/cmd/APC_CmdListener.c:79:6:procCmdListener	16	static
../App/logic/cmd/APC_CmdListener.c:112:6:procLocalCmd	160	static
../App/logic/cmd/APC_CmdListener.c:196:6:procRemoteCmd	152	static
../App/logic/cmd/APC_CmdListener.c:276:6:procCmd	176	static
../App/logic/cmd/APC_CmdListener.c:362:6:printRS232	24	static
../App/logic/cmd/APC_CmdListener.c:370:6:setRemoteTrace	16	static
