../Hil_cifXToolkit/OSAbstraction/OS_Custom_STM32.c:84:9:OS_Init	0	static
../Hil_cifXToolkit/OSAbstraction/OS_Custom_STM32.c:94:6:OS_Deinit	0	static
../Hil_cifXToolkit/OSAbstraction/OS_Custom_STM32.c:103:7:OS_Memalloc	8	static
../Hil_cifXToolkit/OSAbstraction/OS_Custom_STM32.c:112:6:OS_Memfree	8	static
../Hil_cifXToolkit/OSAbstraction/OS_Custom_STM32.c:123:7:OS_Memrealloc	8	static
../Hil_cifXToolkit/OSAbstraction/OS_Custom_STM32.c:134:6:OS_Memset	8	static
../Hil_cifXToolkit/OSAbstraction/OS_Custom_STM32.c:145:6:OS_Memcpy	8	static
../Hil_cifXToolkit/OSAbstraction/OS_Custom_STM32.c:157:5:OS_Memcmp	8	static
../Hil_cifXToolkit/OSAbstraction/OS_Custom_STM32.c:168:6:OS_Memmove	8	static
../Hil_cifXToolkit/OSAbstraction/OS_Custom_STM32.c:178:7:OS_ReadPCIConfig	0	static
../Hil_cifXToolkit/OSAbstraction/OS_Custom_STM32.c:189:6:OS_WritePCIConfig	0	static
../Hil_cifXToolkit/OSAbstraction/OS_Custom_STM32.c:199:6:OS_EnableInterrupts	0	static,ignoring_inline_asm
../Hil_cifXToolkit/OSAbstraction/OS_Custom_STM32.c:208:6:OS_DisableInterrupts	0	static,ignoring_inline_asm
../Hil_cifXToolkit/OSAbstraction/OS_Custom_STM32.c:219:7:OS_FileOpen	0	static
../Hil_cifXToolkit/OSAbstraction/OS_Custom_STM32.c:234:10:OS_FileRead	0	static
../Hil_cifXToolkit/OSAbstraction/OS_Custom_STM32.c:247:6:OS_FileClose	0	static
../Hil_cifXToolkit/OSAbstraction/OS_Custom_STM32.c:256:10:OS_GetMilliSecCounter	8	static
../Hil_cifXToolkit/OSAbstraction/OS_Custom_STM32.c:265:6:OS_Sleep	16	static
../Hil_cifXToolkit/OSAbstraction/OS_Custom_STM32.c:307:6:OS_EnterLock	8	static
../Hil_cifXToolkit/OSAbstraction/OS_Custom_STM32.c:317:6:OS_LeaveLock	8	static
../Hil_cifXToolkit/OSAbstraction/OS_Custom_STM32.c:331:6:OS_DeleteLock	0	static
../Hil_cifXToolkit/OSAbstraction/OS_Custom_STM32.c:340:7:OS_CreateMutex	0	static
../Hil_cifXToolkit/OSAbstraction/OS_Custom_STM32.c:298:7:OS_CreateLock	8	static
../Hil_cifXToolkit/OSAbstraction/OS_Custom_STM32.c:351:5:OS_WaitMutex	8	static
../Hil_cifXToolkit/OSAbstraction/OS_Custom_STM32.c:366:6:OS_ReleaseMutex	8	static
../Hil_cifXToolkit/OSAbstraction/OS_Custom_STM32.c:379:6:OS_DeleteMutex	0	static
../Hil_cifXToolkit/OSAbstraction/OS_Custom_STM32.c:388:7:OS_CreateEvent	0	static
../Hil_cifXToolkit/OSAbstraction/OS_Custom_STM32.c:419:6:OS_SetEvent	0	static
../Hil_cifXToolkit/OSAbstraction/OS_Custom_STM32.c:434:6:OS_ResetEvent	0	static
../Hil_cifXToolkit/OSAbstraction/OS_Custom_STM32.c:446:6:OS_DeleteEvent	0	static
../Hil_cifXToolkit/OSAbstraction/OS_Custom_STM32.c:460:10:OS_WaitEvent	16	static
../Hil_cifXToolkit/OSAbstraction/OS_Custom_STM32.c:506:7:OS_MapUserPointer	0	static
../Hil_cifXToolkit/OSAbstraction/OS_Custom_STM32.c:522:5:OS_UnmapUserPointer	0	static
../Hil_cifXToolkit/OSAbstraction/OS_Custom_STM32.c:536:5:OS_Strcmp	8	static
../Hil_cifXToolkit/OSAbstraction/OS_Custom_STM32.c:548:5:OS_Strnicmp	8	static
../Hil_cifXToolkit/OSAbstraction/OS_Custom_STM32.c:558:5:OS_Strlen	8	static
../Hil_cifXToolkit/OSAbstraction/OS_Custom_STM32.c:570:7:OS_Strncpy	8	static
