Archive member included because of file (symbol)

Components\CMSIS\armv7em-none-eabi\4.9.3\CMSIS\libCMSIS.a(startup_netx90_app.o)
                              (Reset_Handler)
Components\CMSIS\armv7em-none-eabi\4.9.3\CMSIS\libCMSIS.a(system_netx.o)
                              Components\CMSIS\armv7em-none-eabi\4.9.3\CMSIS\libCMSIS.a(startup_netx90_app.o) (SystemInit)
Components\CMSIS\armv7em-none-eabi\4.9.3\CMSIS\libCMSIS.a(Crc32_04C11DB7.o)
                              Components\CMSIS\armv7em-none-eabi\4.9.3\CMSIS\libCMSIS.a(system_netx.o) (CRC32_Calculate)
Components\netx_drv\armv7em-none-eabi\4.9.3\netx_drv\libnetx_drv.a(netx_drv_dio.o)
                              Targets\NXHX90-JTAG\_armv7em-none-eabi\4.9.3\netx90_app_intram_thumb_objs\main.o (DRV_DIO_ChannelOutSet)
Components\netx_drv\armv7em-none-eabi\4.9.3\netx_drv\libnetx_drv.a(netx_drv_cortex.o)
                              Components\netx_drv\armv7em-none-eabi\4.9.3\netx_drv\libnetx_drv.a(netx_drv_dio.o) (DRV_NVIC_EnableIRQ)
Components\netx_drv\armv7em-none-eabi\4.9.3\netx_drv\libnetx_drv.a(netx_drv_spi.o)
                              Targets\NXHX90-JTAG\_armv7em-none-eabi\4.9.3\netx90_app_intram_thumb_objs\main.o (DRV_SPI_Init)
Components\netx_drv\armv7em-none-eabi\4.9.3\netx_drv\libnetx_drv.a(netx_drv_dmac.o)
                              Components\netx_drv\armv7em-none-eabi\4.9.3\netx_drv\libnetx_drv.a(netx_drv_spi.o) (DRV_DMAC_Init)
c:/programdata/hilscher gmbh/netx studio cdt/buildtools/arm-none-eabi-gcc/4.9.3/bin/../lib/gcc/arm-none-eabi/4.9.3/../../../../arm-none-eabi/lib/armv7e-m\libc.a(lib_a-memcpy.o)
                              Components\CMSIS\armv7em-none-eabi\4.9.3\CMSIS\libCMSIS.a(system_netx.o) (memcpy)
c:/programdata/hilscher gmbh/netx studio cdt/buildtools/arm-none-eabi-gcc/4.9.3/bin/../lib/gcc/arm-none-eabi/4.9.3/../../../../arm-none-eabi/lib/armv7e-m\libc.a(lib_a-memset.o)
                              Targets\NXHX90-JTAG\_armv7em-none-eabi\4.9.3\netx90_app_intram_thumb_objs\main.o (memset)
c:/programdata/hilscher gmbh/netx studio cdt/buildtools/arm-none-eabi-gcc/4.9.3/bin/../lib/gcc/arm-none-eabi/4.9.3/../../../../arm-none-eabi/lib/armv7e-m\libc.a(lib_a-printf.o)
                              Targets\NXHX90-JTAG\_armv7em-none-eabi\4.9.3\netx90_app_intram_thumb_objs\netx90_app_header.o (printf)
c:/programdata/hilscher gmbh/netx studio cdt/buildtools/arm-none-eabi-gcc/4.9.3/bin/../lib/gcc/arm-none-eabi/4.9.3/../../../../arm-none-eabi/lib/armv7e-m\libc.a(lib_a-puts.o)
                              Targets\NXHX90-JTAG\_armv7em-none-eabi\4.9.3\netx90_app_intram_thumb_objs\netx90_app_header.o (puts)
c:/programdata/hilscher gmbh/netx studio cdt/buildtools/arm-none-eabi-gcc/4.9.3/bin/../lib/gcc/arm-none-eabi/4.9.3/../../../../arm-none-eabi/lib/armv7e-m\libc.a(lib_a-strlen.o)
                              c:/programdata/hilscher gmbh/netx studio cdt/buildtools/arm-none-eabi-gcc/4.9.3/bin/../lib/gcc/arm-none-eabi/4.9.3/../../../../arm-none-eabi/lib/armv7e-m\libc.a(lib_a-puts.o) (strlen)
c:/programdata/hilscher gmbh/netx studio cdt/buildtools/arm-none-eabi-gcc/4.9.3/bin/../lib/gcc/arm-none-eabi/4.9.3/../../../../arm-none-eabi/lib/armv7e-m\libc.a(lib_a-vfprintf.o)
                              c:/programdata/hilscher gmbh/netx studio cdt/buildtools/arm-none-eabi-gcc/4.9.3/bin/../lib/gcc/arm-none-eabi/4.9.3/../../../../arm-none-eabi/lib/armv7e-m\libc.a(lib_a-printf.o) (_vfprintf_r)
c:/programdata/hilscher gmbh/netx studio cdt/buildtools/arm-none-eabi-gcc/4.9.3/bin/../lib/gcc/arm-none-eabi/4.9.3/../../../../arm-none-eabi/lib/armv7e-m\libc.a(lib_a-wsetup.o)
                              c:/programdata/hilscher gmbh/netx studio cdt/buildtools/arm-none-eabi-gcc/4.9.3/bin/../lib/gcc/arm-none-eabi/4.9.3/../../../../arm-none-eabi/lib/armv7e-m\libc.a(lib_a-vfprintf.o) (__swsetup_r)
c:/programdata/hilscher gmbh/netx studio cdt/buildtools/arm-none-eabi-gcc/4.9.3/bin/../lib/gcc/arm-none-eabi/4.9.3/../../../../arm-none-eabi/lib/armv7e-m\libc.a(lib_a-dtoa.o)
                              c:/programdata/hilscher gmbh/netx studio cdt/buildtools/arm-none-eabi-gcc/4.9.3/bin/../lib/gcc/arm-none-eabi/4.9.3/../../../../arm-none-eabi/lib/armv7e-m\libc.a(lib_a-vfprintf.o) (_dtoa_r)
c:/programdata/hilscher gmbh/netx studio cdt/buildtools/arm-none-eabi-gcc/4.9.3/bin/../lib/gcc/arm-none-eabi/4.9.3/../../../../arm-none-eabi/lib/armv7e-m\libc.a(lib_a-fflush.o)
                              c:/programdata/hilscher gmbh/netx studio cdt/buildtools/arm-none-eabi-gcc/4.9.3/bin/../lib/gcc/arm-none-eabi/4.9.3/../../../../arm-none-eabi/lib/armv7e-m\libc.a(lib_a-vfprintf.o) (_fflush_r)
c:/programdata/hilscher gmbh/netx studio cdt/buildtools/arm-none-eabi-gcc/4.9.3/bin/../lib/gcc/arm-none-eabi/4.9.3/../../../../arm-none-eabi/lib/armv7e-m\libc.a(lib_a-findfp.o)
[...]
Memory Configuration

Name             Origin             Length             Attributes
FLASH            0x00000000         0x00080000         xr
RAM              0x000b0000         0x00010000         xrw
*default*        0x00000000         0xffffffff

Linker script and memory map

LOAD Targets\NXHX90-JTAG\_armv7em-none-eabi\4.9.3\netx90_app_intram_thumb_objs\handler.o
LOAD Targets\NXHX90-JTAG\_armv7em-none-eabi\4.9.3\netx90_app_intram_thumb_objs\main.o
LOAD Targets\NXHX90-JTAG\_armv7em-none-eabi\4.9.3\netx90_app_intram_thumb_objs\netx90_app_header.o
LOAD Components\CMSIS\armv7em-none-eabi\4.9.3\CMSIS\libCMSIS.a
LOAD Components\netx_drv\armv7em-none-eabi\4.9.3\netx_drv\libnetx_drv.a
LOAD c:/programdata/hilscher gmbh/netx studio cdt/buildtools/arm-none-eabi-gcc/4.9.3/bin/../lib/gcc/arm-none-eabi/4.9.3/armv7e-m\libgcc.a
START GROUP
LOAD c:/programdata/hilscher gmbh/netx studio cdt/buildtools/arm-none-eabi-gcc/4.9.3/bin/../lib/gcc/arm-none-eabi/4.9.3/armv7e-m\libgcc.a
LOAD c:/programdata/hilscher gmbh/netx studio cdt/buildtools/arm-none-eabi-gcc/4.9.3/bin/../lib/gcc/arm-none-eabi/4.9.3/../../../../arm-none-eabi/lib/armv7e-m\libc.a
LOAD c:/programdata/hilscher gmbh/netx studio cdt/buildtools/arm-none-eabi-gcc/4.9.3/bin/../lib/gcc/arm-none-eabi/4.9.3/../../../../arm-none-eabi/lib/armv7e-m\libm.a
LOAD c:/programdata/hilscher gmbh/netx studio cdt/buildtools/arm-none-eabi-gcc/4.9.3/bin/../lib/gcc/arm-none-eabi/4.9.3/../../../../arm-none-eabi/lib/armv7e-m\libnosys.a
END GROUP

.text.nai_header
                0x000b0000      0x200
 *(.vectors)
 .vectors       0x000b0000      0x1c0 Components\CMSIS\armv7em-none-eabi\4.9.3\CMSIS\libCMSIS.a(startup_netx90_app.o)
                0x000b0000                __Vectors_Table
                0x000b0000                __Vectors
                0x000b01c0                __Vectors_End = .
                0x000001c0                __Vectors_Size = (__Vectors_End - __Vectors)
                0x000b01c0                __end__ = .
 *(.app_cpu_hboot_boot_header_nai)
 .app_cpu_hboot_boot_header_nai
                0x000b01c0       0x40 Targets\NXHX90-JTAG\_armv7em-none-eabi\4.9.3\netx90_app_intram_thumb_objs\netx90_app_header.o
                0x000b01c0                app_cpu_hboot_header_nai

.text.pagereader
                0x000b0200       0xb4
 *(.text.PageReader)
 .text.PageReader
                0x000b0200       0xb4 Components\CMSIS\armv7em-none-eabi\4.9.3\CMSIS\libCMSIS.a(system_netx.o)
                0x000b0200                PageReader
 *(.rodata.PageReader)

.text.pageflasher
                0x000b02b4       0x6c
 *(.text.PageFlasher)
 .text.PageFlasher
                0x000b02b4       0x6c Components\CMSIS\armv7em-none-eabi\4.9.3\CMSIS\libCMSIS.a(system_netx.o)
                0x000b02b4                PageFlasher
 *(.rodata.PageFlasher)

.text           0x000b0320     0x333c
 *(.text*)
 .text.BusFault_InlineHandler
                0x000b0320       0x98 Targets\NXHX90-JTAG\_armv7em-none-eabi\4.9.3\netx90_app_intram_thumb_objs\handler.o
                0x000b0320                BusFault_InlineHandler
 .text.MemManage_InlineHandler
                0x000b03b8       0x84 Targets\NXHX90-JTAG\_armv7em-none-eabi\4.9.3\netx90_app_intram_thumb_objs\handler.o
                0x000b03b8                MemManage_InlineHandler
 .text.UsageFault_InlineHandler
                0x000b043c       0x90 Targets\NXHX90-JTAG\_armv7em-none-eabi\4.9.3\netx90_app_intram_thumb_objs\handler.o
                0x000b043c                UsageFault_InlineHandler
 .text.NMI_Handler
                0x000b04cc        0x8 Targets\NXHX90-JTAG\_armv7em-none-eabi\4.9.3\netx90_app_intram_thumb_objs\handler.o
                0x000b04cc                NMI_Handler
 .text.HardFault_Handler
                0x000b04d4       0x70 Targets\NXHX90-JTAG\_armv7em-none-eabi\4.9.3\netx90_app_intram_thumb_objs\handler.o
                0x000b04d4                HardFault_Handler
 .text.MemManage_Handler
                0x000b0544       0x10 Targets\NXHX90-JTAG\_armv7em-none-eabi\4.9.3\netx90_app_intram_thumb_objs\handler.o
                0x000b0544                MemManage_Handler
 .text.BusFault_Handler
                0x000b0554       0x10 Targets\NXHX90-JTAG\_armv7em-none-eabi\4.9.3\netx90_app_intram_thumb_objs\handler.o
                0x000b0554                BusFault_Handler
 .text.UsageFault_Handler
                0x000b0564       0x10 Targets\NXHX90-JTAG\_armv7em-none-eabi\4.9.3\netx90_app_intram_thumb_objs\handler.o
                0x000b0564                UsageFault_Handler
 .text.SVC_Handler
                0x000b0574        0x8 Targets\NXHX90-JTAG\_armv7em-none-eabi\4.9.3\netx90_app_intram_thumb_objs\handler.o
                0x000b0574                SVC_Handler
 .text.DebugMon_Handler
                0x000b057c       0x58 Targets\NXHX90-JTAG\_armv7em-none-eabi\4.9.3\netx90_app_intram_thumb_objs\handler.o
                0x000b057c                DebugMon_Handler
 .text.PendSV_Handler
                0x000b05d4        0x8 Targets\NXHX90-JTAG\_armv7em-none-eabi\4.9.3\netx90_app_intram_thumb_objs\handler.o
                0x000b05d4                PendSV_Handler
 .text.main     0x000b05dc      0x168 Targets\NXHX90-JTAG\_armv7em-none-eabi\4.9.3\netx90_app_intram_thumb_objs\main.o
                0x000b05dc                main
 .text.TransactionCompleteCallback
                0x000b0744       0x48 Targets\NXHX90-JTAG\_armv7em-none-eabi\4.9.3\netx90_app_intram_thumb_objs\main.o
 .text.Error_Handler
                0x000b078c       0x14 Targets\NXHX90-JTAG\_armv7em-none-eabi\4.9.3\netx90_app_intram_thumb_objs\main.o
                0x000b078c                Error_Handler
 .text          0x000b07a0       0x44 Components\CMSIS\armv7em-none-eabi\4.9.3\CMSIS\libCMSIS.a(startup_netx90_app.o)
                0x000b07a0                Reset_Handler
                0x000b07e0                SysTick_Handler
                0x000b07e0                UART_IRQHandler
                0x000b07e0                CAN1_IRQHandler
                0x000b07e0                HSC6_IRQHandler
                0x000b07e0                FPU_IRQHandler
                0x000b07e0                HSC4_IRQHandler
                0x000b07e0                WDG_IRQHandler
                0x000b07e0                HSC0_IRQHandler
                0x000b07e0                PIO1_IRQHandler
                0x000b07e0                HSC8TO15_IRQHandler
                0x000b07e0                NFIFO_ARM_APP_IRQHandler
                0x000b07e0                XCTRIGGER1_IRQHandler
                0x000b07e0                MADC2_IRQHandler
                0x000b07e0                HSC2_IRQHandler
                0x000b07e0                CLKSUP_IRQHandler
                0x000b07e0                HSC1_IRQHandler
                0x000b07e0                GPIOTIM1_IRQHandler
                0x000b07e0                BISS1_IRQHandler
                0x000b07e0                MENC1_IRQHandler
                0x000b07e0                WDGXPIC_IRQHandler
                0x000b07e0                CTI1_IRQHandler
                0x000b07e0                IDPM_IRQHandler
                0x000b07e0                GPIOTIM2_IRQHandler
                0x000b07e0                Default_Handler
                0x000b07e0                ECC_IRQHandler
                0x000b07e0                TIM1_IRQHandler
                0x000b07e0                MENC0_IRQHandler
                0x000b07e0                XCTRIGGER0_IRQHandler
                0x000b07e0                HSC5_IRQHandler
                0x000b07e0                I2CXPIC_IRQHandler
                0x000b07e0                UARTAPP_IRQHandler
                0x000b07e0                CTI0_IRQHandler
                0x000b07e0                TIM0_IRQHandler
                0x000b07e0                IOLINK_IRQHandler
                0x000b07e0                MPWM_IRQHandler
                0x000b07e0                SW_IRQHandler
                0x000b07e0                UARTXPIC_IRQHandler
                0x000b07e0                I2C_IRQHandler
                0x000b07e0                HIFRDY_IRQHandler
                0x000b07e0                PIO3_IRQHandler
                0x000b07e0                MTGY_IRQHandler
                0x000b07e0                ENDAT2_IRQHandler
                0x000b07e0                ETH_IRQHandler
                0x000b07e0                CAN0_IRQHandler
                0x000b07e0                MENCCAP_IRQHandler
                0x000b07e0                HSC3_IRQHandler
                0x000b07e0                TIM2_IRQHandler
                0x000b07e0                HSC7_IRQHandler
                0x000b07e0                XPICDEBUG_IRQHandler
                0x000b07e0                GPIOTIM0_IRQHandler
                0x000b07e0                AES_IRQHandler
                0x000b07e0                BISS0_IRQHandler
                0x000b07e0                PIO2_IRQHandler
                0x000b07e0                SYSTIME_IRQHandler
                0x000b07e0                MADC0_IRQHandler
                0x000b07e0                ENDAT1_IRQHandler
                0x000b07e0                MENCERR_IRQHandler
                0x000b07e0                MADC1_IRQHandler
                0x000b07e0                MADC3_IRQHandler
                0x000b07e0                HASH_IRQHandler
 .text.SystemCoreClockUpdate
                0x000b07e4       0x1c Components\CMSIS\armv7em-none-eabi\4.9.3\CMSIS\libCMSIS.a(system_netx.o)
                0x000b07e4                SystemCoreClockUpdate
 .text.SystemInitFault
                0x000b0800        0x8 Components\CMSIS\armv7em-none-eabi\4.9.3\CMSIS\libCMSIS.a(system_netx.o)
                0x000b0800                SystemInitFault
 .text.callPageReader
                0x000b0808       0x68 Components\CMSIS\armv7em-none-eabi\4.9.3\CMSIS\libCMSIS.a(system_netx.o)
                0x000b0808                callPageReader
 .text.callConstructors
                0x000b0870       0x50 Components\CMSIS\armv7em-none-eabi\4.9.3\CMSIS\libCMSIS.a(system_netx.o)
 .text.IsSensorDataCrcValid
                0x000b08c0       0x38 Components\CMSIS\armv7em-none-eabi\4.9.3\CMSIS\libCMSIS.a(system_netx.o)
 .text.CalculateVrefVoltage
                0x000b08f8       0x3c Components\CMSIS\armv7em-none-eabi\4.9.3\CMSIS\libCMSIS.a(system_netx.o)
 .text.RecalculateTempIntercept
                0x000b0934       0x28 Components\CMSIS\armv7em-none-eabi\4.9.3\CMSIS\libCMSIS.a(system_netx.o)
 .text.RecalculateTempGradient
                0x000b095c       0x2c Components\CMSIS\armv7em-none-eabi\4.9.3\CMSIS\libCMSIS.a(system_netx.o)
 .text.RecalculateTempCoefficients
                0x000b0988       0x48 Components\CMSIS\armv7em-none-eabi\4.9.3\CMSIS\libCMSIS.a(system_netx.o)
 .text.SystemInit
                0x000b09d0       0x28 Components\CMSIS\armv7em-none-eabi\4.9.3\CMSIS\libCMSIS.a(system_netx.o)
                0x000b09d0                SystemInit
 .text.CRC32_Update
                0x000b09f8       0x4c Components\CMSIS\armv7em-none-eabi\4.9.3\CMSIS\libCMSIS.a(Crc32_04C11DB7.o)
                0x000b09f8                CRC32_Update
 .text.CRC32_Calculate
                0x000b0a44       0x2c Components\CMSIS\armv7em-none-eabi\4.9.3\CMSIS\libCMSIS.a(Crc32_04C11DB7.o)
                0x000b0a44                CRC32_Calculate
 .text.DRV_DIO_SetPIO
                0x000b0a70       0x64 Components\netx_drv\armv7em-none-eabi\4.9.3\netx_drv\libnetx_drv.a(netx_drv_dio.o)
 .text.DRV_DIO_ResetPIO
                0x000b0ad4       0x64 Components\netx_drv\armv7em-none-eabi\4.9.3\netx_drv\libnetx_drv.a(netx_drv_dio.o)
 .text.DRV_DIO_SetHIF
                0x000b0b38       0xa0 Components\netx_drv\armv7em-none-eabi\4.9.3\netx_drv\libnetx_drv.a(netx_drv_dio.o)
 .text.DRV_DIO_ResetHIF
                0x000b0bd8       0x8c Components\netx_drv\armv7em-none-eabi\4.9.3\netx_drv\libnetx_drv.a(netx_drv_dio.o)
 .text.DRV_DIO_SetMMIO
                0x000b0c64       0x54 Components\netx_drv\armv7em-none-eabi\4.9.3\netx_drv\libnetx_drv.a(netx_drv_dio.o)
 .text.DRV_DIO_ResetMMIO
                0x000b0cb8       0x54 Components\netx_drv\armv7em-none-eabi\4.9.3\netx_drv\libnetx_drv.a(netx_drv_dio.o)
 .text.DRV_DIO_ChannelOutSet
                0x000b0d0c      0x120 Components\netx_drv\armv7em-none-eabi\4.9.3\netx_drv\libnetx_drv.a(netx_drv_dio.o)
                0x000b0d0c                DRV_DIO_ChannelOutSet
 .text.DRV_DIO_ChannelOutReset
                0x000b0e2c      0x120 Components\netx_drv\armv7em-none-eabi\4.9.3\netx_drv\libnetx_drv.a(netx_drv_dio.o)
                0x000b0e2c                DRV_DIO_ChannelOutReset
 .text.GPIO0_IRQHandler
                0x000b0f4c       0x18 Components\netx_drv\armv7em-none-eabi\4.9.3\netx_drv\libnetx_drv.a(netx_drv_dio.o)
                0x000b0f4c                GPIO0_IRQHandler
 .text.DRV_DIO_GPIO0_Callback
                0x000b0f64       0x34 Components\netx_drv\armv7em-none-eabi\4.9.3\netx_drv\libnetx_drv.a(netx_drv_dio.o)
                0x000b0f64                DRV_DIO_GPIO0_Callback
 .text.GPIO1_IRQHandler
                0x000b0f98       0x18 Components\netx_drv\armv7em-none-eabi\4.9.3\netx_drv\libnetx_drv.a(netx_drv_dio.o)
                0x000b0f98                GPIO1_IRQHandler
 .text.DRV_DIO_GPIO1_Callback
                0x000b0fb0       0x34 Components\netx_drv\armv7em-none-eabi\4.9.3\netx_drv\libnetx_drv.a(netx_drv_dio.o)
                0x000b0fb0                DRV_DIO_GPIO1_Callback
 .text.GPIO2_IRQHandler
                0x000b0fe4       0x18 Components\netx_drv\armv7em-none-eabi\4.9.3\netx_drv\libnetx_drv.a(netx_drv_dio.o)
                0x000b0fe4                GPIO2_IRQHandler
 .text.DRV_DIO_GPIO2_Callback
                0x000b0ffc       0x34 Components\netx_drv\armv7em-none-eabi\4.9.3\netx_drv\libnetx_drv.a(netx_drv_dio.o)
                0x000b0ffc                DRV_DIO_GPIO2_Callback
 .text.GPIO3_IRQHandler
                0x000b1030       0x18 Components\netx_drv\armv7em-none-eabi\4.9.3\netx_drv\libnetx_drv.a(netx_drv_dio.o)
                0x000b1030                GPIO3_IRQHandler
 .text.DRV_DIO_GPIO3_Callback
                0x000b1048       0x34 Components\netx_drv\armv7em-none-eabi\4.9.3\netx_drv\libnetx_drv.a(netx_drv_dio.o)
                0x000b1048                DRV_DIO_GPIO3_Callback
 .text.GPIO4_IRQHandler
                0x000b107c       0x18 Components\netx_drv\armv7em-none-eabi\4.9.3\netx_drv\libnetx_drv.a(netx_drv_dio.o)
                0x000b107c                GPIO4_IRQHandler
 .text.DRV_DIO_GPIO4_Callback
                0x000b1094       0x34 Components\netx_drv\armv7em-none-eabi\4.9.3\netx_drv\libnetx_drv.a(netx_drv_dio.o)
                0x000b1094                DRV_DIO_GPIO4_Callback
 .text.GPIO5_IRQHandler
                0x000b10c8       0x18 Components\netx_drv\armv7em-none-eabi\4.9.3\netx_drv\libnetx_drv.a(netx_drv_dio.o)
                0x000b10c8                GPIO5_IRQHandler
 .text.DRV_DIO_GPIO5_Callback
                0x000b10e0       0x34 Components\netx_drv\armv7em-none-eabi\4.9.3\netx_drv\libnetx_drv.a(netx_drv_dio.o)
                0x000b10e0                DRV_DIO_GPIO5_Callback
 .text.GPIO6_IRQHandler
                0x000b1114       0x18 Components\netx_drv\armv7em-none-eabi\4.9.3\netx_drv\libnetx_drv.a(netx_drv_dio.o)
                0x000b1114                GPIO6_IRQHandler
 .text.DRV_DIO_GPIO6_Callback
                0x000b112c       0x34 Components\netx_drv\armv7em-none-eabi\4.9.3\netx_drv\libnetx_drv.a(netx_drv_dio.o)
                0x000b112c                DRV_DIO_GPIO6_Callback
 .text.GPIO7_IRQHandler
                0x000b1160       0x18 Components\netx_drv\armv7em-none-eabi\4.9.3\netx_drv\libnetx_drv.a(netx_drv_dio.o)
                0x000b1160                GPIO7_IRQHandler
 .text.DRV_DIO_GPIO7_Callback
                0x000b1178       0x34 Components\netx_drv\armv7em-none-eabi\4.9.3\netx_drv\libnetx_drv.a(netx_drv_dio.o)
                0x000b1178                DRV_DIO_GPIO7_Callback
 .text.ASIC_IRQHandler
                0x000b11ac       0x1c Components\netx_drv\armv7em-none-eabi\4.9.3\netx_drv\libnetx_drv.a(netx_drv_dio.o)
                0x000b11ac                ASIC_IRQHandler
 .text.DRV_DIO_BOD_Callback
                0x000b11c8       0x34 Components\netx_drv\armv7em-none-eabi\4.9.3\netx_drv\libnetx_drv.a(netx_drv_dio.o)
                0x000b11c8                DRV_DIO_BOD_Callback
 .text.HIFPIO_IRQHandler
                0x000b11fc       0x1c Components\netx_drv\armv7em-none-eabi\4.9.3\netx_drv\libnetx_drv.a(netx_drv_dio.o)
                0x000b11fc                HIFPIO_IRQHandler
 .text.DRV_DIO_HIFPIO_Callback
                0x000b1218       0xd0 Components\netx_drv\armv7em-none-eabi\4.9.3\netx_drv\libnetx_drv.a(netx_drv_dio.o)
                0x000b1218                DRV_DIO_HIFPIO_Callback
 .text.PIO0_IRQHandler
                0x000b12e8       0x10 Components\netx_drv\armv7em-none-eabi\4.9.3\netx_drv\libnetx_drv.a(netx_drv_dio.o)
                0x000b12e8                PIO0_IRQHandler
 .text.DRV_DIO_PIO_Callback
                0x000b12f8       0x80 Components\netx_drv\armv7em-none-eabi\4.9.3\netx_drv\libnetx_drv.a(netx_drv_dio.o)
                0x000b12f8                DRV_DIO_PIO_Callback
 .text.__NVIC_EnableIRQ
                0x000b1378       0x38 Components\netx_drv\armv7em-none-eabi\4.9.3\netx_drv\libnetx_drv.a(netx_drv_cortex.o)
 .text.__NVIC_DisableIRQ
                0x000b13b0       0x44 Components\netx_drv\armv7em-none-eabi\4.9.3\netx_drv\libnetx_drv.a(netx_drv_cortex.o)
 .text.__NVIC_ClearPendingIRQ
                0x000b13f4       0x3c Components\netx_drv\armv7em-none-eabi\4.9.3\netx_drv\libnetx_drv.a(netx_drv_cortex.o)
 .text.DRV_NVIC_EnableIRQ
                0x000b1430       0x20 Components\netx_drv\armv7em-none-eabi\4.9.3\netx_drv\libnetx_drv.a(netx_drv_cortex.o)
                0x000b1430                DRV_NVIC_EnableIRQ
 .text.DRV_NVIC_DisableIRQ
                0x000b1450       0x20 Components\netx_drv\armv7em-none-eabi\4.9.3\netx_drv\libnetx_drv.a(netx_drv_cortex.o)
                0x000b1450                DRV_NVIC_DisableIRQ
 .text.DRV_NVIC_ClearPendingIRQ
                0x000b1470       0x20 Components\netx_drv\armv7em-none-eabi\4.9.3\netx_drv\libnetx_drv.a(netx_drv_cortex.o)
                0x000b1470                DRV_NVIC_ClearPendingIRQ
 .text.MCP_IRQHandler
                0x000b1490       0x60 Components\netx_drv\armv7em-none-eabi\4.9.3\netx_drv\libnetx_drv.a(netx_drv_cortex.o)
                0x000b1490                MCP_IRQHandler
 .text.DRV_SPI_Flush_DMA_Callback_Rx
                0x000b14f0       0x5c Components\netx_drv\armv7em-none-eabi\4.9.3\netx_drv\libnetx_drv.a(netx_drv_spi.o)
 .text.DRV_SPI_Flush_DMA_Callback_Tx
                0x000b154c       0x5c Components\netx_drv\armv7em-none-eabi\4.9.3\netx_drv\libnetx_drv.a(netx_drv_spi.o)
 .text.DRV_SPI_InitVerifyConfig
                0x000b15a8       0x68 Components\netx_drv\armv7em-none-eabi\4.9.3\netx_drv\libnetx_drv.a(netx_drv_spi.o)
 .text.DRV_SPI_InitVerifyCommonConfig
                0x000b1610       0xb4 Components\netx_drv\armv7em-none-eabi\4.9.3\netx_drv\libnetx_drv.a(netx_drv_spi.o)
 .text.DRV_SPI_InitVerifySqiConfig
                0x000b16c4       0x84 Components\netx_drv\armv7em-none-eabi\4.9.3\netx_drv\libnetx_drv.a(netx_drv_spi.o)
 .text.DRV_SPI_InitVerifySpiConfig
                0x000b1748       0x30 Components\netx_drv\armv7em-none-eabi\4.9.3\netx_drv\libnetx_drv.a(netx_drv_spi.o)
 .text.DRV_SPI_InitVerifyDmaConfig
                0x000b1778       0x48 Components\netx_drv\armv7em-none-eabi\4.9.3\netx_drv\libnetx_drv.a(netx_drv_spi.o)
 .text.DRV_SPI_InitDmaMode
                0x000b17c0      0x150 Components\netx_drv\armv7em-none-eabi\4.9.3\netx_drv\libnetx_drv.a(netx_drv_spi.o)
 .text.DRV_SPI_Init
                0x000b1910      0x478 Components\netx_drv\armv7em-none-eabi\4.9.3\netx_drv\libnetx_drv.a(netx_drv_spi.o)
                0x000b1910                DRV_SPI_Init
 .text.DRV_SPI_Flush_Buffers
                0x000b1d88      0x1d8 Components\netx_drv\armv7em-none-eabi\4.9.3\netx_drv\libnetx_drv.a(netx_drv_spi.o)
 .text.DRV_SPI_Flush_POLL
                0x000b1f60      0x148 Components\netx_drv\armv7em-none-eabi\4.9.3\netx_drv\libnetx_drv.a(netx_drv_spi.o)
 .text.DRV_SPI_Flush_IRQ
                0x000b20a8      0x140 Components\netx_drv\armv7em-none-eabi\4.9.3\netx_drv\libnetx_drv.a(netx_drv_spi.o)
 .text.DRV_SPI_Flush_DMA
                0x000b21e8      0x170 Components\netx_drv\armv7em-none-eabi\4.9.3\netx_drv\libnetx_drv.a(netx_drv_spi.o)
 .text.DRV_SPI_TransmitReceive
                0x000b2358      0x22c Components\netx_drv\armv7em-none-eabi\4.9.3\netx_drv\libnetx_drv.a(netx_drv_spi.o)
                0x000b2358                DRV_SPI_TransmitReceive
 .text.DRV_SPI_GetState
                0x000b2584       0xa8 Components\netx_drv\armv7em-none-eabi\4.9.3\netx_drv\libnetx_drv.a(netx_drv_spi.o)
                0x000b2584                DRV_SPI_GetState
 .text.DRV_SPI_IRQ_Inline_Handler
                0x000b262c      0x1b8 Components\netx_drv\armv7em-none-eabi\4.9.3\netx_drv\libnetx_drv.a(netx_drv_spi.o)
 .text.SPI0_IRQHandler
                0x000b27e4       0x10 Components\netx_drv\armv7em-none-eabi\4.9.3\netx_drv\libnetx_drv.a(netx_drv_spi.o)
                0x000b27e4                SPI0_IRQHandler
 .text.SPI1_IRQHandler
                0x000b27f4       0x10 Components\netx_drv\armv7em-none-eabi\4.9.3\netx_drv\libnetx_drv.a(netx_drv_spi.o)
                0x000b27f4                SPI1_IRQHandler
 .text.SPI2_IRQHandler
                0x000b2804       0x10 Components\netx_drv\armv7em-none-eabi\4.9.3\netx_drv\libnetx_drv.a(netx_drv_spi.o)
                0x000b2804                SPI2_IRQHandler
 .text.SPIXPIC_IRQHandler
                0x000b2814       0x10 Components\netx_drv\armv7em-none-eabi\4.9.3\netx_drv\libnetx_drv.a(netx_drv_spi.o)
                0x000b2814                SPIXPIC_IRQHandler
 .text.SQI_IRQHandler
                0x000b2824       0x10 Components\netx_drv\armv7em-none-eabi\4.9.3\netx_drv\libnetx_drv.a(netx_drv_spi.o)
                0x000b2824                SQI_IRQHandler
 .text.SQI0_IRQHandler
                0x000b2834       0x10 Components\netx_drv\armv7em-none-eabi\4.9.3\netx_drv\libnetx_drv.a(netx_drv_spi.o)
                0x000b2834                SQI0_IRQHandler
 .text.SQI1_IRQHandler
                0x000b2844       0x10 Components\netx_drv\armv7em-none-eabi\4.9.3\netx_drv\libnetx_drv.a(netx_drv_spi.o)
                0x000b2844                SQI1_IRQHandler
 .text.DRV_SPI_WaitNotBusy
                0x000b2854       0x50 Components\netx_drv\armv7em-none-eabi\4.9.3\netx_drv\libnetx_drv.a(netx_drv_spi.o)
 .text.__NVIC_EnableIRQ
                0x000b28a4       0x38 Components\netx_drv\armv7em-none-eabi\4.9.3\netx_drv\libnetx_drv.a(netx_drv_dmac.o)
 .text.__NVIC_ClearPendingIRQ
                0x000b28dc       0x3c Components\netx_drv\armv7em-none-eabi\4.9.3\netx_drv\libnetx_drv.a(netx_drv_dmac.o)
 .text.DRV_DMAC_Init
                0x000b2918      0x2ac Components\netx_drv\armv7em-none-eabi\4.9.3\netx_drv\libnetx_drv.a(netx_drv_dmac.o)
                0x000b2918                DRV_DMAC_Init
 .text.DRV_DMAC_Start
                0x000b2bc4      0x360 Components\netx_drv\armv7em-none-eabi\4.9.3\netx_drv\libnetx_drv.a(netx_drv_dmac.o)
                0x000b2bc4                DRV_DMAC_Start
 .text.DMAC_IRQHandler
                0x000b2f24      0x10c Components\netx_drv\armv7em-none-eabi\4.9.3\netx_drv\libnetx_drv.a(netx_drv_dmac.o)
                0x000b2f24                DMAC_IRQHandler
 .text          0x000b3030      0x134 c:/programdata/hilscher gmbh/netx studio cdt/buildtools/arm-none-eabi-gcc/4.9.3/bin/../lib/gcc/arm-none-eabi/4.9.3/../../../../arm-none-eabi/lib/armv7e-m\libc.a(lib_a-memcpy.o)
                0x000b3030                memcpy
 .text.memset   0x000b3164       0x9c c:/programdata/hilscher gmbh/netx studio cdt/buildtools/arm-none-eabi-gcc/4.9.3/bin/../lib/gcc/arm-none-eabi/4.9.3/../../../../arm-none-eabi/lib/armv7e-m\libc.a(lib_a-memset.o)
                0x000b3164                memset
 *(.init)
 *(.fini)
 *crtbegin.o(.ctors)
 *crtbegin?.o(.ctors)
 *(EXCLUDE_FILE(*crtend.o *crtend?.o) .ctors)
 *(SORT(.ctors.*))
 *(.ctors)
 *crtbegin.o(.dtors)
 *crtbegin?.o(.dtors)
 *(EXCLUDE_FILE(*crtend.o *crtend?.o) .dtors)
 *(SORT(.dtors.*))
 *(.dtors)
                0x000b3200                . = ALIGN (0x4)
                0x000b3200                PROVIDE (tPageReaderFunction, .)
                0x000b3200        0x4 LONG 0xb0200 ADDR (.text.pagereader)
                0x000b3204        0x4 LONG 0xb0200 LOADADDR (.text.pagereader)
                0x000b3208        0x4 LONG 0xb4 SIZEOF (.text.pagereader)
 *(.rodata.pPageReader)
 .rodata.pPageReader
                0x000b320c        0x4 Components\CMSIS\armv7em-none-eabi\4.9.3\CMSIS\libCMSIS.a(system_netx.o)
                0x000b320c                pPageReader
                0x000b3210                . = ALIGN (0x4)
                0x000b3210                PROVIDE (tPageFlasherFunction, .)
                0x000b3210        0x4 LONG 0xb02b4 ADDR (.text.pageflasher)
                0x000b3214        0x4 LONG 0xb02b4 LOADADDR (.text.pageflasher)
                0x000b3218        0x4 LONG 0x6c SIZEOF (.text.pageflasher)
 *(.rodata.pPageFlasher)
 .rodata.pPageFlasher
                0x000b321c        0x4 Components\CMSIS\armv7em-none-eabi\4.9.3\CMSIS\libCMSIS.a(system_netx.o)
                0x000b321c                pPageFlasher
 *(.rodata*)
 .rodata.s_aulPS_CRC32_04C11DB7_Table
                0x000b3220      0x400 Components\CMSIS\armv7em-none-eabi\4.9.3\CMSIS\libCMSIS.a(Crc32_04C11DB7.o)
 .rodata.s_apDeviceAddressTable
                0x000b3620       0x1c Components\netx_drv\armv7em-none-eabi\4.9.3\netx_drv\libnetx_drv.a(netx_drv_spi.o)
 .rodata.s_apDeviceDmacTable
                0x000b363c        0x7 Components\netx_drv\armv7em-none-eabi\4.9.3\netx_drv\libnetx_drv.a(netx_drv_spi.o)
 *fill*         0x000b3643        0x1 
 .rodata.s_apHandleIRQnTable
                0x000b3644        0x7 Components\netx_drv\armv7em-none-eabi\4.9.3\netx_drv\libnetx_drv.a(netx_drv_spi.o)
 *fill*         0x000b364b        0x1 
 .rodata.s_apChannelDeviceAddressTable
                0x000b364c       0x10 Components\netx_drv\armv7em-none-eabi\4.9.3\netx_drv\libnetx_drv.a(netx_drv_dmac.o)
 *(.eh_frame*)
 .eh_frame      0x000b365c        0x0 c:/programdata/hilscher gmbh/netx studio cdt/buildtools/arm-none-eabi-gcc/4.9.3/bin/../lib/gcc/arm-none-eabi/4.9.3/../../../../arm-none-eabi/lib/armv7e-m\libc.a(lib_a-strcmp.o)
                                 0x70 (size before relaxing)
                0x000b365c                . = ALIGN (0x4)

.glue_7         0x000b365c        0x0
 .glue_7        0x00000000        0x0 linker stubs

.glue_7t        0x000b365c        0x0
 .glue_7t       0x00000000        0x0 linker stubs

.vfp11_veneer   0x000b365c        0x0
 .vfp11_veneer  0x00000000        0x0 linker stubs

.v4_bx          0x000b365c        0x0
 .v4_bx         0x00000000        0x0 linker stubs

.iplt           0x000b365c        0x0
 .iplt          0x00000000        0x0 Targets\NXHX90-JTAG\_armv7em-none-eabi\4.9.3\netx90_app_intram_thumb_objs\handler.o

.rel.dyn        0x000b365c        0x0
 .rel.iplt      0x00000000        0x0 Targets\NXHX90-JTAG\_armv7em-none-eabi\4.9.3\netx90_app_intram_thumb_objs\handler.o

.ARM.extab
 *(.ARM.extab* .gnu.linkonce.armextab.*)
                0x000b365c                __exidx_start = .

.ARM.exidx
 *(.ARM.exidx* .gnu.linkonce.armexidx.*)
                0x000b365c                __exidx_end = .
                0x000b3680                . = ALIGN (0x80)
                0x000b3680                __etext = .

.data           0x000b3680      0x140
                0x000b3680                __data_start__ = .
 *(vtable)
 *(.data*)
 .data.aSlaveTxBuffer
                0x000b3680       0x80 Targets\NXHX90-JTAG\_armv7em-none-eabi\4.9.3\netx90_app_intram_thumb_objs\main.o
 .data.SystemCoreClock
                0x000b3700        0x4 Components\CMSIS\armv7em-none-eabi\4.9.3\CMSIS\libCMSIS.a(system_netx.o)
                0x000b3700                SystemCoreClock
 .data.g_TempGradient
                0x000b3704        0x4 Components\CMSIS\armv7em-none-eabi\4.9.3\CMSIS\libCMSIS.a(system_netx.o)
                0x000b3704                g_TempGradient
 .data.g_TempIntercept
                0x000b3708        0x4 Components\CMSIS\armv7em-none-eabi\4.9.3\CMSIS\libCMSIS.a(system_netx.o)
                0x000b3708                g_TempIntercept
 *fill*         0x000b370c       0x74 
 .data.g_avpfHVTOR
                0x000b3780       0x40 Components\CMSIS\armv7em-none-eabi\4.9.3\CMSIS\libCMSIS.a(system_netx.o)
                0x000b3780                g_avpfHVTOR
                0x000b37c0                . = ALIGN (0x4)
                0x000b37c0                PROVIDE (__preinit_array_start, .)
 *(.preinit_array)
                0x000b37c0                PROVIDE (__preinit_array_end, .)
                0x000b37c0                . = ALIGN (0x4)
                0x000b37c0                PROVIDE (__init_array_start, .)
 *(SORT(.init_array.*))
 *(.init_array)
                0x000b37c0                PROVIDE (__init_array_end, .)
                0x000b37c0                . = ALIGN (0x4)
                0x000b37c0                PROVIDE (__fini_array_start, .)
 *(SORT(.fini_array.*))
 *(.fini_array)
                0x000b37c0                PROVIDE (__fini_array_end, .)
 *(.jcr*)
                0x000b37c0                . = ALIGN (0x4)
                0x000b37c0                __data_end__ = .

.igot.plt       0x000b37c0        0x0
 .igot.plt      0x00000000        0x0 Targets\NXHX90-JTAG\_armv7em-none-eabi\4.9.3\netx90_app_intram_thumb_objs\handler.o

.bss            0x000b37c0      0x278
                0x000b37c0                . = ALIGN (0x4)
                0x000b37c0                __bss_start__ = .
 *(.bss*)
 .bss.aSlaveRxBuffer
                0x000b37c0       0x80 Targets\NXHX90-JTAG\_armv7em-none-eabi\4.9.3\netx90_app_intram_thumb_objs\main.o
 .bss.bTransactionComplete
                0x000b3840        0x1 Targets\NXHX90-JTAG\_armv7em-none-eabi\4.9.3\netx90_app_intram_thumb_objs\main.o
 *fill*         0x000b3841        0x3 
 .bss.g_atTempSensorData
                0x000b3844       0x30 Components\CMSIS\armv7em-none-eabi\4.9.3\CMSIS\libCMSIS.a(system_netx.o)
                0x000b3844                g_atTempSensorData
 .bss.ulRead    0x000b3874        0x4 Components\CMSIS\armv7em-none-eabi\4.9.3\CMSIS\libCMSIS.a(system_netx.o)
                0x000b3874                ulRead
 .bss.s_afnIRQHandler
                0x000b3878       0xa8 Components\netx_drv\armv7em-none-eabi\4.9.3\netx_drv\libnetx_drv.a(netx_drv_dio.o)
                0x000b3878                s_afnIRQHandler
 .bss.s_apIRQHandlerHandles
                0x000b3920       0xa8 Components\netx_drv\armv7em-none-eabi\4.9.3\netx_drv\libnetx_drv.a(netx_drv_dio.o)
                0x000b3920                s_apIRQHandlerHandles
 .bss.ulIrqSemaphore
                0x000b39c8        0x4 Components\netx_drv\armv7em-none-eabi\4.9.3\netx_drv\libnetx_drv.a(netx_drv_cortex.o)
                0x000b39c8                ulIrqSemaphore
 .bss.s_afnMCPCallbacks
                0x000b39cc       0x20 Components\netx_drv\armv7em-none-eabi\4.9.3\netx_drv\libnetx_drv.a(netx_drv_cortex.o)
 .bss.s_apMCPCallbacksUserPointer
                0x000b39ec       0x20 Components\netx_drv\armv7em-none-eabi\4.9.3\netx_drv\libnetx_drv.a(netx_drv_cortex.o)
 .bss.s_apHandleAddressTable
                0x000b3a0c       0x1c Components\netx_drv\armv7em-none-eabi\4.9.3\netx_drv\libnetx_drv.a(netx_drv_spi.o)
 .bss.s_apChannelHandleAddressTable
                0x000b3a28       0x10 Components\netx_drv\armv7em-none-eabi\4.9.3\netx_drv\libnetx_drv.a(netx_drv_dmac.o)
 *(COMMON)
                0x000b3a38                . = ALIGN (0x4)
                0x000b3a38                __bss_end__ = .

.heap           0x000b3a38     0x8000
                0x000b3a38                __HeapBase = .
                0x000b3a38                __end__ = .
                0x000b3a38                end = __end__
 *(.heap*)
 .heap          0x000b3a38     0x8000 Components\CMSIS\armv7em-none-eabi\4.9.3\CMSIS\libCMSIS.a(startup_netx90_app.o)
                0x000bba38                __HeapLimit = .

.stack_dummy    0x000b3a38     0x2000
 *(.stack*)
 .stack         0x000b3a38     0x2000 Components\CMSIS\armv7em-none-eabi\4.9.3\CMSIS\libCMSIS.a(startup_netx90_app.o)
                0x000c0000                __StackTop = (ORIGIN (RAM) + 0x10000)
                0x000be000                __StackLimit = (__StackTop - SIZEOF (.stack_dummy))
                0x000c0000                PROVIDE (__stack, __StackTop)
                0x00000001                ASSERT ((__etext == __data_start__), __etext address not equal to __data_start__ address. Risk of incorrect data relocation in RAM.)
                0x00000001                ASSERT ((__StackLimit >= __HeapLimit), region RAM overflowed with stack)
OUTPUT(C:\Users\louis\netX CDT Projects\doio_chaselight_with_dnetFW_spi0\build\debug\Targets\NXHX90-JTAG\netx90_app_intram.elf elf32-littlearm)

.debug_info     0x00000000    0x13ce4
 .debug_info    0x00000000      0x4ce Targets\NXHX90-JTAG\_armv7em-none-eabi\4.9.3\netx90_app_intram_thumb_objs\handler.o
 .debug_info    0x000004ce     0x29d7 Targets\NXHX90-JTAG\_armv7em-none-eabi\4.9.3\netx90_app_intram_thumb_objs\main.o
 .debug_info    0x00002ea5      0x1fa Targets\NXHX90-JTAG\_armv7em-none-eabi\4.9.3\netx90_app_intram_thumb_objs\netx90_app_header.o
 .debug_info    0x0000309f       0xc2 Components\CMSIS\armv7em-none-eabi\4.9.3\CMSIS\libCMSIS.a(startup_netx90_app.o)
 .debug_info    0x00003161      0xfa3 Components\CMSIS\armv7em-none-eabi\4.9.3\CMSIS\libCMSIS.a(system_netx.o)
 .debug_info    0x00004104      0x178 Components\CMSIS\armv7em-none-eabi\4.9.3\CMSIS\libCMSIS.a(Crc32_04C11DB7.o)
 .debug_info    0x0000427c     0x6d04 Components\netx_drv\armv7em-none-eabi\4.9.3\netx_drv\libnetx_drv.a(netx_drv_dio.o)
 .debug_info    0x0000af80     0x13d2 Components\netx_drv\armv7em-none-eabi\4.9.3\netx_drv\libnetx_drv.a(netx_drv_cortex.o)
 .debug_info    0x0000c352     0x37b4 Components\netx_drv\armv7em-none-eabi\4.9.3\netx_drv\libnetx_drv.a(netx_drv_spi.o)
 .debug_info    0x0000fb06     0x41de Components\netx_drv\armv7em-none-eabi\4.9.3\netx_drv\libnetx_drv.a(netx_drv_dmac.o)

.debug_abbrev   0x00000000     0x1594
 .debug_abbrev  0x00000000      0x10c Targets\NXHX90-JTAG\_armv7em-none-eabi\4.9.3\netx90_app_intram_thumb_objs\handler.o
 .debug_abbrev  0x0000010c      0x279 Targets\NXHX90-JTAG\_armv7em-none-eabi\4.9.3\netx90_app_intram_thumb_objs\main.o
 .debug_abbrev  0x00000385       0xd5 Targets\NXHX90-JTAG\_armv7em-none-eabi\4.9.3\netx90_app_intram_thumb_objs\netx90_app_header.o
 .debug_abbrev  0x0000045a       0x14 Components\CMSIS\armv7em-none-eabi\4.9.3\CMSIS\libCMSIS.a(startup_netx90_app.o)
 .debug_abbrev  0x0000046e      0x2e9 Components\CMSIS\armv7em-none-eabi\4.9.3\CMSIS\libCMSIS.a(system_netx.o)
 .debug_abbrev  0x00000757       0xb6 Components\CMSIS\armv7em-none-eabi\4.9.3\CMSIS\libCMSIS.a(Crc32_04C11DB7.o)
 .debug_abbrev  0x0000080d      0x2d8 Components\netx_drv\armv7em-none-eabi\4.9.3\netx_drv\libnetx_drv.a(netx_drv_dio.o)
 .debug_abbrev  0x00000ae5      0x32a Components\netx_drv\armv7em-none-eabi\4.9.3\netx_drv\libnetx_drv.a(netx_drv_cortex.o)
 .debug_abbrev  0x00000e0f      0x3ea Components\netx_drv\armv7em-none-eabi\4.9.3\netx_drv\libnetx_drv.a(netx_drv_spi.o)
 .debug_abbrev  0x000011f9      0x39b Components\netx_drv\armv7em-none-eabi\4.9.3\netx_drv\libnetx_drv.a(netx_drv_dmac.o)

.debug_loc      0x00000000     0x2e00
 .debug_loc     0x00000000      0x28c Targets\NXHX90-JTAG\_armv7em-none-eabi\4.9.3\netx90_app_intram_thumb_objs\handler.o
 .debug_loc     0x0000028c       0xb6 Targets\NXHX90-JTAG\_armv7em-none-eabi\4.9.3\netx90_app_intram_thumb_objs\main.o
 .debug_loc     0x00000342       0x50 Targets\NXHX90-JTAG\_armv7em-none-eabi\4.9.3\netx90_app_intram_thumb_objs\netx90_app_header.o
 .debug_loc     0x00000392      0x404 Components\CMSIS\armv7em-none-eabi\4.9.3\CMSIS\libCMSIS.a(system_netx.o)
 .debug_loc     0x00000796       0xac Components\CMSIS\armv7em-none-eabi\4.9.3\CMSIS\libCMSIS.a(Crc32_04C11DB7.o)
 .debug_loc     0x00000842      0xda4 Components\netx_drv\armv7em-none-eabi\4.9.3\netx_drv\libnetx_drv.a(netx_drv_dio.o)
 .debug_loc     0x000015e6      0xc8c Components\netx_drv\armv7em-none-eabi\4.9.3\netx_drv\libnetx_drv.a(netx_drv_cortex.o)
 .debug_loc     0x00002272      0x874 Components\netx_drv\armv7em-none-eabi\4.9.3\netx_drv\libnetx_drv.a(netx_drv_spi.o)
 .debug_loc     0x00002ae6      0x31a Components\netx_drv\armv7em-none-eabi\4.9.3\netx_drv\libnetx_drv.a(netx_drv_dmac.o)

.debug_aranges  0x00000000      0x5f0
 .debug_aranges
                0x00000000       0x70 Targets\NXHX90-JTAG\_armv7em-none-eabi\4.9.3\netx90_app_intram_thumb_objs\handler.o
 .debug_aranges
                0x00000070       0x30 Targets\NXHX90-JTAG\_armv7em-none-eabi\4.9.3\netx90_app_intram_thumb_objs\main.o
 .debug_aranges
                0x000000a0       0x20 Targets\NXHX90-JTAG\_armv7em-none-eabi\4.9.3\netx90_app_intram_thumb_objs\netx90_app_header.o
 .debug_aranges
                0x000000c0       0x20 Components\CMSIS\armv7em-none-eabi\4.9.3\CMSIS\libCMSIS.a(startup_netx90_app.o)
 .debug_aranges
                0x000000e0       0x80 Components\CMSIS\armv7em-none-eabi\4.9.3\CMSIS\libCMSIS.a(system_netx.o)
 .debug_aranges
                0x00000160       0x28 Components\CMSIS\armv7em-none-eabi\4.9.3\CMSIS\libCMSIS.a(Crc32_04C11DB7.o)
 .debug_aranges
                0x00000188      0x1b0 Components\netx_drv\armv7em-none-eabi\4.9.3\netx_drv\libnetx_drv.a(netx_drv_dio.o)
 .debug_aranges
                0x00000338      0x158 Components\netx_drv\armv7em-none-eabi\4.9.3\netx_drv\libnetx_drv.a(netx_drv_cortex.o)
 .debug_aranges
                0x00000490      0x100 Components\netx_drv\armv7em-none-eabi\4.9.3\netx_drv\libnetx_drv.a(netx_drv_spi.o)
 .debug_aranges
                0x00000590       0x60 Components\netx_drv\armv7em-none-eabi\4.9.3\netx_drv\libnetx_drv.a(netx_drv_dmac.o)

.debug_ranges   0x00000000      0x540
 .debug_ranges  0x00000000       0x60 Targets\NXHX90-JTAG\_armv7em-none-eabi\4.9.3\netx90_app_intram_thumb_objs\handler.o
 .debug_ranges  0x00000060       0x20 Targets\NXHX90-JTAG\_armv7em-none-eabi\4.9.3\netx90_app_intram_thumb_objs\main.o
 .debug_ranges  0x00000080       0x10 Targets\NXHX90-JTAG\_armv7em-none-eabi\4.9.3\netx90_app_intram_thumb_objs\netx90_app_header.o
 .debug_ranges  0x00000090       0x70 Components\CMSIS\armv7em-none-eabi\4.9.3\CMSIS\libCMSIS.a(system_netx.o)
 .debug_ranges  0x00000100       0x18 Components\CMSIS\armv7em-none-eabi\4.9.3\CMSIS\libCMSIS.a(Crc32_04C11DB7.o)
 .debug_ranges  0x00000118      0x1a0 Components\netx_drv\armv7em-none-eabi\4.9.3\netx_drv\libnetx_drv.a(netx_drv_dio.o)
 .debug_ranges  0x000002b8      0x148 Components\netx_drv\armv7em-none-eabi\4.9.3\netx_drv\libnetx_drv.a(netx_drv_cortex.o)
 .debug_ranges  0x00000400       0xf0 Components\netx_drv\armv7em-none-eabi\4.9.3\netx_drv\libnetx_drv.a(netx_drv_spi.o)
 .debug_ranges  0x000004f0       0x50 Components\netx_drv\armv7em-none-eabi\4.9.3\netx_drv\libnetx_drv.a(netx_drv_dmac.o)

.debug_line     0x00000000     0x35a5
 .debug_line    0x00000000      0x2fc Targets\NXHX90-JTAG\_armv7em-none-eabi\4.9.3\netx90_app_intram_thumb_objs\handler.o
 .debug_line    0x000002fc      0x388 Targets\NXHX90-JTAG\_armv7em-none-eabi\4.9.3\netx90_app_intram_thumb_objs\main.o
 .debug_line    0x00000684      0x220 Targets\NXHX90-JTAG\_armv7em-none-eabi\4.9.3\netx90_app_intram_thumb_objs\netx90_app_header.o
 .debug_line    0x000008a4       0x9b Components\CMSIS\armv7em-none-eabi\4.9.3\CMSIS\libCMSIS.a(startup_netx90_app.o)
 .debug_line    0x0000093f      0x410 Components\CMSIS\armv7em-none-eabi\4.9.3\CMSIS\libCMSIS.a(system_netx.o)
 .debug_line    0x00000d4f      0x21a Components\CMSIS\armv7em-none-eabi\4.9.3\CMSIS\libCMSIS.a(Crc32_04C11DB7.o)
 .debug_line    0x00000f69      0xe18 Components\netx_drv\armv7em-none-eabi\4.9.3\netx_drv\libnetx_drv.a(netx_drv_dio.o)
 .debug_line    0x00001d81      0x6a7 Components\netx_drv\armv7em-none-eabi\4.9.3\netx_drv\libnetx_drv.a(netx_drv_cortex.o)
 .debug_line    0x00002428      0xb68 Components\netx_drv\armv7em-none-eabi\4.9.3\netx_drv\libnetx_drv.a(netx_drv_spi.o)
 .debug_line    0x00002f90      0x615 Components\netx_drv\armv7em-none-eabi\4.9.3\netx_drv\libnetx_drv.a(netx_drv_dmac.o)

.debug_str      0x00000000     0x7517
 .debug_str     0x00000000      0x3e2 Targets\NXHX90-JTAG\_armv7em-none-eabi\4.9.3\netx90_app_intram_thumb_objs\handler.o
                                0x448 (size before relaxing)
 .debug_str     0x000003e2     0x259d Targets\NXHX90-JTAG\_armv7em-none-eabi\4.9.3\netx90_app_intram_thumb_objs\main.o
                               0x284d (size before relaxing)
 .debug_str     0x0000297f      0x145 Targets\NXHX90-JTAG\_armv7em-none-eabi\4.9.3\netx90_app_intram_thumb_objs\netx90_app_header.o
                                0x371 (size before relaxing)
 .debug_str     0x00002ac4      0x6d5 Components\CMSIS\armv7em-none-eabi\4.9.3\CMSIS\libCMSIS.a(system_netx.o)
                                0x98f (size before relaxing)
 .debug_str     0x00003199       0xa4 Components\CMSIS\armv7em-none-eabi\4.9.3\CMSIS\libCMSIS.a(Crc32_04C11DB7.o)
                                0x29c (size before relaxing)
 .debug_str     0x0000323d     0x2cf4 Components\netx_drv\armv7em-none-eabi\4.9.3\netx_drv\libnetx_drv.a(netx_drv_dio.o)
                               0x30d0 (size before relaxing)
 .debug_str     0x00005f31      0x707 Components\netx_drv\armv7em-none-eabi\4.9.3\netx_drv\libnetx_drv.a(netx_drv_cortex.o)
                               0x104b (size before relaxing)
 .debug_str     0x00006638      0x3a4 Components\netx_drv\armv7em-none-eabi\4.9.3\netx_drv\libnetx_drv.a(netx_drv_spi.o)
                               0x30dc (size before relaxing)
 .debug_str     0x000069dc      0xb3b Components\netx_drv\armv7em-none-eabi\4.9.3\netx_drv\libnetx_drv.a(netx_drv_dmac.o)
                               0x322c (size before relaxing)

.comment        0x00000000       0x70
 .comment       0x00000000       0x70 Targets\NXHX90-JTAG\_armv7em-none-eabi\4.9.3\netx90_app_intram_thumb_objs\handler.o
                                 0x71 (size before relaxing)
 .comment       0x00000000       0x71 Targets\NXHX90-JTAG\_armv7em-none-eabi\4.9.3\netx90_app_intram_thumb_objs\main.o
 .comment       0x00000000       0x71 Targets\NXHX90-JTAG\_armv7em-none-eabi\4.9.3\netx90_app_intram_thumb_objs\netx90_app_header.o
 .comment       0x00000000       0x71 Components\CMSIS\armv7em-none-eabi\4.9.3\CMSIS\libCMSIS.a(system_netx.o)
 .comment       0x00000000       0x71 Components\CMSIS\armv7em-none-eabi\4.9.3\CMSIS\libCMSIS.a(Crc32_04C11DB7.o)
 .comment       0x00000000       0x71 Components\netx_drv\armv7em-none-eabi\4.9.3\netx_drv\libnetx_drv.a(netx_drv_dio.o)
 .comment       0x00000000       0x71 Components\netx_drv\armv7em-none-eabi\4.9.3\netx_drv\libnetx_drv.a(netx_drv_cortex.o)
 .comment       0x00000000       0x71 Components\netx_drv\armv7em-none-eabi\4.9.3\netx_drv\libnetx_drv.a(netx_drv_spi.o)
 .comment       0x00000000       0x71 Components\netx_drv\armv7em-none-eabi\4.9.3\netx_drv\libnetx_drv.a(netx_drv_dmac.o)

.ARM.attributes
                0x00000000       0x2c
 .ARM.attributes
                0x00000000       0x2c Targets\NXHX90-JTAG\_armv7em-none-eabi\4.9.3\netx90_app_intram_thumb_objs\handler.o
 .ARM.attributes
                0x0000002c       0x2c Targets\NXHX90-JTAG\_armv7em-none-eabi\4.9.3\netx90_app_intram_thumb_objs\main.o
 .ARM.attributes
                0x00000058       0x2c Targets\NXHX90-JTAG\_armv7em-none-eabi\4.9.3\netx90_app_intram_thumb_objs\netx90_app_header.o
 .ARM.attributes
                0x00000084       0x1b Components\CMSIS\armv7em-none-eabi\4.9.3\CMSIS\libCMSIS.a(startup_netx90_app.o)
 .ARM.attributes
                0x0000009f       0x2c Components\CMSIS\armv7em-none-eabi\4.9.3\CMSIS\libCMSIS.a(system_netx.o)
 .ARM.attributes
                0x000000cb       0x2c Components\CMSIS\armv7em-none-eabi\4.9.3\CMSIS\libCMSIS.a(Crc32_04C11DB7.o)
 .ARM.attributes
                0x000000f7       0x2c Components\netx_drv\armv7em-none-eabi\4.9.3\netx_drv\libnetx_drv.a(netx_drv_dio.o)
 .ARM.attributes
                0x00000123       0x2c Components\netx_drv\armv7em-none-eabi\4.9.3\netx_drv\libnetx_drv.a(netx_drv_cortex.o)
 .ARM.attributes
                0x0000014f       0x2c Components\netx_drv\armv7em-none-eabi\4.9.3\netx_drv\libnetx_drv.a(netx_drv_spi.o)
 .ARM.attributes
                0x0000017b       0x2c Components\netx_drv\armv7em-none-eabi\4.9.3\netx_drv\libnetx_drv.a(netx_drv_dmac.o)
 .ARM.attributes
                0x000001a7       0x1c c:/programdata/hilscher gmbh/netx studio cdt/buildtools/arm-none-eabi-gcc/4.9.3/bin/../lib/gcc/arm-none-eabi/4.9.3/../../../../arm-none-eabi/lib/armv7e-m\libc.a(lib_a-memcpy.o)
 .ARM.attributes
                0x000001c3       0x2e c:/programdata/hilscher gmbh/netx studio cdt/buildtools/arm-none-eabi-gcc/4.9.3/bin/../lib/gcc/arm-none-eabi/4.9.3/../../../../arm-none-eabi/lib/armv7e-m\libc.a(lib_a-memset.o)
 .ARM.attributes
                0x000001f1       0x1c c:/programdata/hilscher gmbh/netx studio cdt/buildtools/arm-none-eabi-gcc/4.9.3/bin/../lib/gcc/arm-none-eabi/4.9.3/../../../../arm-none-eabi/lib/armv7e-m\libc.a(lib_a-strcmp.o)

.debug_frame    0x00000000     0x1718
 .debug_frame   0x00000000      0x160 Targets\NXHX90-JTAG\_armv7em-none-eabi\4.9.3\netx90_app_intram_thumb_objs\handler.o
 .debug_frame   0x00000160       0x70 Targets\NXHX90-JTAG\_armv7em-none-eabi\4.9.3\netx90_app_intram_thumb_objs\main.o
 .debug_frame   0x000001d0       0x34 Targets\NXHX90-JTAG\_armv7em-none-eabi\4.9.3\netx90_app_intram_thumb_objs\netx90_app_header.o
 .debug_frame   0x00000204      0x1e8 Components\CMSIS\armv7em-none-eabi\4.9.3\CMSIS\libCMSIS.a(system_netx.o)
 .debug_frame   0x000003ec       0x5c Components\CMSIS\armv7em-none-eabi\4.9.3\CMSIS\libCMSIS.a(Crc32_04C11DB7.o)
 .debug_frame   0x00000448      0x73c Components\netx_drv\armv7em-none-eabi\4.9.3\netx_drv\libnetx_drv.a(netx_drv_dio.o)
 .debug_frame   0x00000b84      0x5c8 Components\netx_drv\armv7em-none-eabi\4.9.3\netx_drv\libnetx_drv.a(netx_drv_cortex.o)
 .debug_frame   0x0000114c      0x428 Components\netx_drv\armv7em-none-eabi\4.9.3\netx_drv\libnetx_drv.a(netx_drv_spi.o)
 .debug_frame   0x00001574      0x170 Components\netx_drv\armv7em-none-eabi\4.9.3\netx_drv\libnetx_drv.a(netx_drv_dmac.o)
 .debug_frame   0x000016e4       0x34 c:/programdata/hilscher gmbh/netx studio cdt/buildtools/arm-none-eabi-gcc/4.9.3/bin/../lib/gcc/arm-none-eabi/4.9.3/../../../../arm-none-eabi/lib/armv7e-m\libc.a(lib_a-memset.o)

.stabstr        0x00000000      0x14d
 .stabstr       0x00000000      0x14d c:/programdata/hilscher gmbh/netx studio cdt/buildtools/arm-none-eabi-gcc/4.9.3/bin/../lib/gcc/arm-none-eabi/4.9.3/../../../../arm-none-eabi/lib/armv7e-m\libnosys.a(close.o)

Cross Reference Table

Symbol                                            File
AES_IRQHandler                                    Components\CMSIS\armv7em-none-eabi\4.9.3\CMSIS\libCMSIS.a(startup_netx90_app.o)
ASIC_IRQHandler                                   Components\netx_drv\armv7em-none-eabi\4.9.3\netx_drv\libnetx_drv.a(netx_drv_dio.o)
                                                  Components\CMSIS\armv7em-none-eabi\4.9.3\CMSIS\libCMSIS.a(startup_netx90_app.o)
BISS0_IRQHandler                                  Components\CMSIS\armv7em-none-eabi\4.9.3\CMSIS\libCMSIS.a(startup_netx90_app.o)
BISS1_IRQHandler                                  Components\CMSIS\armv7em-none-eabi\4.9.3\CMSIS\libCMSIS.a(startup_netx90_app.o)
BusFault_Handler                                  Targets\NXHX90-JTAG\_armv7em-none-eabi\4.9.3\netx90_app_intram_thumb_objs\handler.o
BusFault_InlineHandler                            Targets\NXHX90-JTAG\_armv7em-none-eabi\4.9.3\netx90_app_intram_thumb_objs\handler.o
CAN0_IRQHandler                                   Components\CMSIS\armv7em-none-eabi\4.9.3\CMSIS\libCMSIS.a(startup_netx90_app.o)
CAN1_IRQHandler                                   Components\CMSIS\armv7em-none-eabi\4.9.3\CMSIS\libCMSIS.a(startup_netx90_app.o)
CLKSUP_IRQHandler                                 Components\CMSIS\armv7em-none-eabi\4.9.3\CMSIS\libCMSIS.a(startup_netx90_app.o)
CRC32_Calculate                                   Components\CMSIS\armv7em-none-eabi\4.9.3\CMSIS\libCMSIS.a(Crc32_04C11DB7.o)
                                                  Components\CMSIS\armv7em-none-eabi\4.9.3\CMSIS\libCMSIS.a(system_netx.o)
CRC32_Update                                      Components\CMSIS\armv7em-none-eabi\4.9.3\CMSIS\libCMSIS.a(Crc32_04C11DB7.o)
CTI0_IRQHandler                                   Components\CMSIS\armv7em-none-eabi\4.9.3\CMSIS\libCMSIS.a(startup_netx90_app.o)
CTI1_IRQHandler                                   Components\CMSIS\armv7em-none-eabi\4.9.3\CMSIS\libCMSIS.a(startup_netx90_app.o)
DMAC_IRQHandler                                   Components\netx_drv\armv7em-none-eabi\4.9.3\netx_drv\libnetx_drv.a(netx_drv_dmac.o)
                                                  Components\CMSIS\armv7em-none-eabi\4.9.3\CMSIS\libCMSIS.a(startup_netx90_app.o)
DRV_DIO_BOD_Callback                              Components\netx_drv\armv7em-none-eabi\4.9.3\netx_drv\libnetx_drv.a(netx_drv_dio.o)
DRV_DIO_ChannelBlink                              Components\netx_drv\armv7em-none-eabi\4.9.3\netx_drv\libnetx_drv.a(netx_drv_dio.o)
DRV_DIO_ChannelIRQAttach                          Components\netx_drv\armv7em-none-eabi\4.9.3\netx_drv\libnetx_drv.a(netx_drv_dio.o)
DRV_DIO_ChannelIRQMask                            Components\netx_drv\armv7em-none-eabi\4.9.3\netx_drv\libnetx_drv.a(netx_drv_dio.o)
DRV_DIO_ChannelIRQUnmask                          Components\netx_drv\armv7em-none-eabi\4.9.3\netx_drv\libnetx_drv.a(netx_drv_dio.o)
DRV_DIO_ChannelInGet                              Components\netx_drv\armv7em-none-eabi\4.9.3\netx_drv\libnetx_drv.a(netx_drv_dio.o)
DRV_DIO_ChannelInvert                             Components\netx_drv\armv7em-none-eabi\4.9.3\netx_drv\libnetx_drv.a(netx_drv_dio.o)
DRV_DIO_ChannelOutReset                           Components\netx_drv\armv7em-none-eabi\4.9.3\netx_drv\libnetx_drv.a(netx_drv_dio.o)
                                                  Targets\NXHX90-JTAG\_armv7em-none-eabi\4.9.3\netx90_app_intram_thumb_objs\main.o
DRV_DIO_ChannelOutSet                             Components\netx_drv\armv7em-none-eabi\4.9.3\netx_drv\libnetx_drv.a(netx_drv_dio.o)
                                                  Targets\NXHX90-JTAG\_armv7em-none-eabi\4.9.3\netx90_app_intram_thumb_objs\main.o
DRV_DIO_ChannelOutToggle                          Components\netx_drv\armv7em-none-eabi\4.9.3\netx_drv\libnetx_drv.a(netx_drv_dio.o)
DRV_DIO_ChannelSetMode                            Components\netx_drv\armv7em-none-eabi\4.9.3\netx_drv\libnetx_drv.a(netx_drv_dio.o)
DRV_DIO_DeInit                                    Components\netx_drv\armv7em-none-eabi\4.9.3\netx_drv\libnetx_drv.a(netx_drv_dio.o)
DRV_DIO_GPIO0_Callback                            Components\netx_drv\armv7em-none-eabi\4.9.3\netx_drv\libnetx_drv.a(netx_drv_dio.o)
DRV_DIO_GPIO1_Callback                            Components\netx_drv\armv7em-none-eabi\4.9.3\netx_drv\libnetx_drv.a(netx_drv_dio.o)
DRV_DIO_GPIO2_Callback                            Components\netx_drv\armv7em-none-eabi\4.9.3\netx_drv\libnetx_drv.a(netx_drv_dio.o)
DRV_DIO_GPIO3_Callback                            Components\netx_drv\armv7em-none-eabi\4.9.3\netx_drv\libnetx_drv.a(netx_drv_dio.o)
DRV_DIO_GPIO4_Callback                            Components\netx_drv\armv7em-none-eabi\4.9.3\netx_drv\libnetx_drv.a(netx_drv_dio.o)
DRV_DIO_GPIO5_Callback                            Components\netx_drv\armv7em-none-eabi\4.9.3\netx_drv\libnetx_drv.a(netx_drv_dio.o)
DRV_DIO_GPIO6_Callback                            Components\netx_drv\armv7em-none-eabi\4.9.3\netx_drv\libnetx_drv.a(netx_drv_dio.o)
DRV_DIO_GPIO7_Callback                            Components\netx_drv\armv7em-none-eabi\4.9.3\netx_drv\libnetx_drv.a(netx_drv_dio.o)
DRV_DIO_HIFPIO_Callback                           Components\netx_drv\armv7em-none-eabi\4.9.3\netx_drv\libnetx_drv.a(netx_drv_dio.o)
DRV_DIO_HifIRQFilterDisable                       Components\netx_drv\armv7em-none-eabi\4.9.3\netx_drv\libnetx_drv.a(netx_drv_dio.o)
DRV_DIO_HifIRQFilterEnable                        Components\netx_drv\armv7em-none-eabi\4.9.3\netx_drv\libnetx_drv.a(netx_drv_dio.o)
DRV_DIO_Init                                      Components\netx_drv\armv7em-none-eabi\4.9.3\netx_drv\libnetx_drv.a(netx_drv_dio.o)
DRV_DIO_LineInGet                                 Components\netx_drv\armv7em-none-eabi\4.9.3\netx_drv\libnetx_drv.a(netx_drv_dio.o)
DRV_DIO_LineMaskedSet                             Components\netx_drv\armv7em-none-eabi\4.9.3\netx_drv\libnetx_drv.a(netx_drv_dio.o)
DRV_DIO_LineOutEnableReset                        Components\netx_drv\armv7em-none-eabi\4.9.3\netx_drv\libnetx_drv.a(netx_drv_dio.o)
DRV_DIO_LineOutEnableSet                          Components\netx_drv\armv7em-none-eabi\4.9.3\netx_drv\libnetx_drv.a(netx_drv_dio.o)
DRV_DIO_LineOutReset                              Components\netx_drv\armv7em-none-eabi\4.9.3\netx_drv\libnetx_drv.a(netx_drv_dio.o)
DRV_DIO_LineOutSet                                Components\netx_drv\armv7em-none-eabi\4.9.3\netx_drv\libnetx_drv.a(netx_drv_dio.o)
DRV_DIO_PIO_Callback                              Components\netx_drv\armv7em-none-eabi\4.9.3\netx_drv\libnetx_drv.a(netx_drv_dio.o)
DRV_DMAC_Abort                                    Components\netx_drv\armv7em-none-eabi\4.9.3\netx_drv\libnetx_drv.a(netx_drv_dmac.o)
                                                  Components\netx_drv\armv7em-none-eabi\4.9.3\netx_drv\libnetx_drv.a(netx_drv_spi.o)
DRV_DMAC_DeInit                                   Components\netx_drv\armv7em-none-eabi\4.9.3\netx_drv\libnetx_drv.a(netx_drv_dmac.o)
DRV_DMAC_GetState                                 Components\netx_drv\armv7em-none-eabi\4.9.3\netx_drv\libnetx_drv.a(netx_drv_dmac.o)
DRV_DMAC_Init                                     Components\netx_drv\armv7em-none-eabi\4.9.3\netx_drv\libnetx_drv.a(netx_drv_dmac.o)
                                                  Components\netx_drv\armv7em-none-eabi\4.9.3\netx_drv\libnetx_drv.a(netx_drv_spi.o)
DRV_DMAC_Start                                    Components\netx_drv\armv7em-none-eabi\4.9.3\netx_drv\libnetx_drv.a(netx_drv_dmac.o)
                                                  Components\netx_drv\armv7em-none-eabi\4.9.3\netx_drv\libnetx_drv.a(netx_drv_spi.o)
DRV_ITM_CheckChar                                 Components\netx_drv\armv7em-none-eabi\4.9.3\netx_drv\libnetx_drv.a(netx_drv_cortex.o)
DRV_ITM_ReceiveChar                               Components\netx_drv\armv7em-none-eabi\4.9.3\netx_drv\libnetx_drv.a(netx_drv_cortex.o)
DRV_ITM_SendChar                                  Components\netx_drv\armv7em-none-eabi\4.9.3\netx_drv\libnetx_drv.a(netx_drv_cortex.o)
DRV_MCP_ChangeState                               Components\netx_drv\armv7em-none-eabi\4.9.3\netx_drv\libnetx_drv.a(netx_drv_cortex.o)
DRV_MCP_GetState                                  Components\netx_drv\armv7em-none-eabi\4.9.3\netx_drv\libnetx_drv.a(netx_drv_cortex.o)
DRV_MCP_IRQAttach                                 Components\netx_drv\armv7em-none-eabi\4.9.3\netx_drv\libnetx_drv.a(netx_drv_cortex.o)
DRV_NVIC_AttachIRQ                                Components\netx_drv\armv7em-none-eabi\4.9.3\netx_drv\libnetx_drv.a(netx_drv_cortex.o)
DRV_NVIC_ClearPendingIRQ                          Components\netx_drv\armv7em-none-eabi\4.9.3\netx_drv\libnetx_drv.a(netx_drv_cortex.o)
                                                  Components\netx_drv\armv7em-none-eabi\4.9.3\netx_drv\libnetx_drv.a(netx_drv_spi.o)
                                                  Components\netx_drv\armv7em-none-eabi\4.9.3\netx_drv\libnetx_drv.a(netx_drv_dio.o)
DRV_NVIC_DisableIRQ                               Components\netx_drv\armv7em-none-eabi\4.9.3\netx_drv\libnetx_drv.a(netx_drv_cortex.o)
                                                  Components\netx_drv\armv7em-none-eabi\4.9.3\netx_drv\libnetx_drv.a(netx_drv_spi.o)
                                                  Components\netx_drv\armv7em-none-eabi\4.9.3\netx_drv\libnetx_drv.a(netx_drv_dio.o)
DRV_NVIC_EnableIRQ                                Components\netx_drv\armv7em-none-eabi\4.9.3\netx_drv\libnetx_drv.a(netx_drv_cortex.o)
                                                  Components\netx_drv\armv7em-none-eabi\4.9.3\netx_drv\libnetx_drv.a(netx_drv_spi.o)
                                                  Components\netx_drv\armv7em-none-eabi\4.9.3\netx_drv\libnetx_drv.a(netx_drv_dio.o)
DRV_NVIC_GetActive                                Components\netx_drv\armv7em-none-eabi\4.9.3\netx_drv\libnetx_drv.a(netx_drv_cortex.o)
DRV_NVIC_GetEnableIRQ                             Components\netx_drv\armv7em-none-eabi\4.9.3\netx_drv\libnetx_drv.a(netx_drv_cortex.o)
DRV_NVIC_GetIRQ                                   Components\netx_drv\armv7em-none-eabi\4.9.3\netx_drv\libnetx_drv.a(netx_drv_cortex.o)
DRV_NVIC_GetPendingIRQ                            Components\netx_drv\armv7em-none-eabi\4.9.3\netx_drv\libnetx_drv.a(netx_drv_cortex.o)
DRV_NVIC_GetPriority                              Components\netx_drv\armv7em-none-eabi\4.9.3\netx_drv\libnetx_drv.a(netx_drv_cortex.o)
DRV_NVIC_GetPriorityGrouping                      Components\netx_drv\armv7em-none-eabi\4.9.3\netx_drv\libnetx_drv.a(netx_drv_cortex.o)
DRV_NVIC_SetPendingIRQ                            Components\netx_drv\armv7em-none-eabi\4.9.3\netx_drv\libnetx_drv.a(netx_drv_cortex.o)
DRV_NVIC_SetPriority                              Components\netx_drv\armv7em-none-eabi\4.9.3\netx_drv\libnetx_drv.a(netx_drv_cortex.o)
DRV_NVIC_SetPriorityGrouping                      Components\netx_drv\armv7em-none-eabi\4.9.3\netx_drv\libnetx_drv.a(netx_drv_cortex.o)
DRV_NVIC_SystemReset                              Components\netx_drv\armv7em-none-eabi\4.9.3\netx_drv\libnetx_drv.a(netx_drv_cortex.o)
DRV_SPI_Abort                                     Components\netx_drv\armv7em-none-eabi\4.9.3\netx_drv\libnetx_drv.a(netx_drv_spi.o)
DRV_SPI_ChangeFss                                 Components\netx_drv\armv7em-none-eabi\4.9.3\netx_drv\libnetx_drv.a(netx_drv_spi.o)
DRV_SPI_DeInit                                    Components\netx_drv\armv7em-none-eabi\4.9.3\netx_drv\libnetx_drv.a(netx_drv_spi.o)
DRV_SPI_GetState                                  Components\netx_drv\armv7em-none-eabi\4.9.3\netx_drv\libnetx_drv.a(netx_drv_spi.o)
                                                  Targets\NXHX90-JTAG\_armv7em-none-eabi\4.9.3\netx90_app_intram_thumb_objs\main.o
DRV_SPI_Init                                      Components\netx_drv\armv7em-none-eabi\4.9.3\netx_drv\libnetx_drv.a(netx_drv_spi.o)
                                                  Targets\NXHX90-JTAG\_armv7em-none-eabi\4.9.3\netx90_app_intram_thumb_objs\main.o
DRV_SPI_Receive                                   Components\netx_drv\armv7em-none-eabi\4.9.3\netx_drv\libnetx_drv.a(netx_drv_spi.o)
DRV_SPI_Transmit                                  Components\netx_drv\armv7em-none-eabi\4.9.3\netx_drv\libnetx_drv.a(netx_drv_spi.o)
DRV_SPI_TransmitReceive                           Components\netx_drv\armv7em-none-eabi\4.9.3\netx_drv\libnetx_drv.a(netx_drv_spi.o)
                                                  Targets\NXHX90-JTAG\_armv7em-none-eabi\4.9.3\netx90_app_intram_thumb_objs\main.o
DRV_SYSTICK_Config                                Components\netx_drv\armv7em-none-eabi\4.9.3\netx_drv\libnetx_drv.a(netx_drv_cortex.o)
DebugMon_Handler                                  Targets\NXHX90-JTAG\_armv7em-none-eabi\4.9.3\netx90_app_intram_thumb_objs\handler.o
Default_Handler                                   Components\CMSIS\armv7em-none-eabi\4.9.3\CMSIS\libCMSIS.a(startup_netx90_app.o)
ECC_IRQHandler                                    Components\CMSIS\armv7em-none-eabi\4.9.3\CMSIS\libCMSIS.a(startup_netx90_app.o)
ENDAT1_IRQHandler                                 Components\CMSIS\armv7em-none-eabi\4.9.3\CMSIS\libCMSIS.a(startup_netx90_app.o)
ENDAT2_IRQHandler                                 Components\CMSIS\armv7em-none-eabi\4.9.3\CMSIS\libCMSIS.a(startup_netx90_app.o)
ETH_IRQHandler                                    Components\CMSIS\armv7em-none-eabi\4.9.3\CMSIS\libCMSIS.a(startup_netx90_app.o)
Error_Handler                                     Targets\NXHX90-JTAG\_armv7em-none-eabi\4.9.3\netx90_app_intram_thumb_objs\main.o
FPU_IRQHandler                                    Components\CMSIS\armv7em-none-eabi\4.9.3\CMSIS\libCMSIS.a(startup_netx90_app.o)
GPIO0_IRQHandler                                  Components\netx_drv\armv7em-none-eabi\4.9.3\netx_drv\libnetx_drv.a(netx_drv_dio.o)
                                                  Components\CMSIS\armv7em-none-eabi\4.9.3\CMSIS\libCMSIS.a(startup_netx90_app.o)
GPIO1_IRQHandler                                  Components\netx_drv\armv7em-none-eabi\4.9.3\netx_drv\libnetx_drv.a(netx_drv_dio.o)
                                                  Components\CMSIS\armv7em-none-eabi\4.9.3\CMSIS\libCMSIS.a(startup_netx90_app.o)
GPIO2_IRQHandler                                  Components\netx_drv\armv7em-none-eabi\4.9.3\netx_drv\libnetx_drv.a(netx_drv_dio.o)
                                                  Components\CMSIS\armv7em-none-eabi\4.9.3\CMSIS\libCMSIS.a(startup_netx90_app.o)
GPIO3_IRQHandler                                  Components\netx_drv\armv7em-none-eabi\4.9.3\netx_drv\libnetx_drv.a(netx_drv_dio.o)
                                                  Components\CMSIS\armv7em-none-eabi\4.9.3\CMSIS\libCMSIS.a(startup_netx90_app.o)
GPIO4_IRQHandler                                  Components\netx_drv\armv7em-none-eabi\4.9.3\netx_drv\libnetx_drv.a(netx_drv_dio.o)
                                                  Components\CMSIS\armv7em-none-eabi\4.9.3\CMSIS\libCMSIS.a(startup_netx90_app.o)
GPIO5_IRQHandler                                  Components\netx_drv\armv7em-none-eabi\4.9.3\netx_drv\libnetx_drv.a(netx_drv_dio.o)
                                                  Components\CMSIS\armv7em-none-eabi\4.9.3\CMSIS\libCMSIS.a(startup_netx90_app.o)
GPIO6_IRQHandler                                  Components\netx_drv\armv7em-none-eabi\4.9.3\netx_drv\libnetx_drv.a(netx_drv_dio.o)
                                                  Components\CMSIS\armv7em-none-eabi\4.9.3\CMSIS\libCMSIS.a(startup_netx90_app.o)
GPIO7_IRQHandler                                  Components\netx_drv\armv7em-none-eabi\4.9.3\netx_drv\libnetx_drv.a(netx_drv_dio.o)
                                                  Components\CMSIS\armv7em-none-eabi\4.9.3\CMSIS\libCMSIS.a(startup_netx90_app.o)
GPIOTIM0_IRQHandler                               Components\CMSIS\armv7em-none-eabi\4.9.3\CMSIS\libCMSIS.a(startup_netx90_app.o)
GPIOTIM1_IRQHandler                               Components\CMSIS\armv7em-none-eabi\4.9.3\CMSIS\libCMSIS.a(startup_netx90_app.o)
GPIOTIM2_IRQHandler                               Components\CMSIS\armv7em-none-eabi\4.9.3\CMSIS\libCMSIS.a(startup_netx90_app.o)
HASH_IRQHandler                                   Components\CMSIS\armv7em-none-eabi\4.9.3\CMSIS\libCMSIS.a(startup_netx90_app.o)
HIFPIO_IRQHandler                                 Components\netx_drv\armv7em-none-eabi\4.9.3\netx_drv\libnetx_drv.a(netx_drv_dio.o)
                                                  Components\CMSIS\armv7em-none-eabi\4.9.3\CMSIS\libCMSIS.a(startup_netx90_app.o)
HIFRDY_IRQHandler                                 Components\CMSIS\armv7em-none-eabi\4.9.3\CMSIS\libCMSIS.a(startup_netx90_app.o)
HSC0_IRQHandler                                   Components\CMSIS\armv7em-none-eabi\4.9.3\CMSIS\libCMSIS.a(startup_netx90_app.o)
HSC1_IRQHandler                                   Components\CMSIS\armv7em-none-eabi\4.9.3\CMSIS\libCMSIS.a(startup_netx90_app.o)
HSC2_IRQHandler                                   Components\CMSIS\armv7em-none-eabi\4.9.3\CMSIS\libCMSIS.a(startup_netx90_app.o)
HSC3_IRQHandler                                   Components\CMSIS\armv7em-none-eabi\4.9.3\CMSIS\libCMSIS.a(startup_netx90_app.o)
HSC4_IRQHandler                                   Components\CMSIS\armv7em-none-eabi\4.9.3\CMSIS\libCMSIS.a(startup_netx90_app.o)
HSC5_IRQHandler                                   Components\CMSIS\armv7em-none-eabi\4.9.3\CMSIS\libCMSIS.a(startup_netx90_app.o)
HSC6_IRQHandler                                   Components\CMSIS\armv7em-none-eabi\4.9.3\CMSIS\libCMSIS.a(startup_netx90_app.o)
HSC7_IRQHandler                                   Components\CMSIS\armv7em-none-eabi\4.9.3\CMSIS\libCMSIS.a(startup_netx90_app.o)
HSC8TO15_IRQHandler                               Components\CMSIS\armv7em-none-eabi\4.9.3\CMSIS\libCMSIS.a(startup_netx90_app.o)
HardFault_Handler                                 Targets\NXHX90-JTAG\_armv7em-none-eabi\4.9.3\netx90_app_intram_thumb_objs\handler.o
I2CXPIC_IRQHandler                                Components\CMSIS\armv7em-none-eabi\4.9.3\CMSIS\libCMSIS.a(startup_netx90_app.o)
I2C_IRQHandler                                    Components\CMSIS\armv7em-none-eabi\4.9.3\CMSIS\libCMSIS.a(startup_netx90_app.o)
IDPM_IRQHandler                                   Components\CMSIS\armv7em-none-eabi\4.9.3\CMSIS\libCMSIS.a(startup_netx90_app.o)
IOLINK_IRQHandler                                 Components\CMSIS\armv7em-none-eabi\4.9.3\CMSIS\libCMSIS.a(startup_netx90_app.o)
ITM_RxBuffer                                      Components\netx_drv\armv7em-none-eabi\4.9.3\netx_drv\libnetx_drv.a(netx_drv_cortex.o)
MADC0_IRQHandler                                  Components\CMSIS\armv7em-none-eabi\4.9.3\CMSIS\libCMSIS.a(startup_netx90_app.o)
MADC1_IRQHandler                                  Components\CMSIS\armv7em-none-eabi\4.9.3\CMSIS\libCMSIS.a(startup_netx90_app.o)
MADC2_IRQHandler                                  Components\CMSIS\armv7em-none-eabi\4.9.3\CMSIS\libCMSIS.a(startup_netx90_app.o)
MADC3_IRQHandler                                  Components\CMSIS\armv7em-none-eabi\4.9.3\CMSIS\libCMSIS.a(startup_netx90_app.o)
MCP_IRQHandler                                    Components\netx_drv\armv7em-none-eabi\4.9.3\netx_drv\libnetx_drv.a(netx_drv_cortex.o)
                                                  Components\CMSIS\armv7em-none-eabi\4.9.3\CMSIS\libCMSIS.a(startup_netx90_app.o)
MENC0_IRQHandler                                  Components\CMSIS\armv7em-none-eabi\4.9.3\CMSIS\libCMSIS.a(startup_netx90_app.o)
MENC1_IRQHandler                                  Components\CMSIS\armv7em-none-eabi\4.9.3\CMSIS\libCMSIS.a(startup_netx90_app.o)
MENCCAP_IRQHandler                                Components\CMSIS\armv7em-none-eabi\4.9.3\CMSIS\libCMSIS.a(startup_netx90_app.o)
MENCERR_IRQHandler                                Components\CMSIS\armv7em-none-eabi\4.9.3\CMSIS\libCMSIS.a(startup_netx90_app.o)
MPWM_IRQHandler                                   Components\CMSIS\armv7em-none-eabi\4.9.3\CMSIS\libCMSIS.a(startup_netx90_app.o)
MTGY_IRQHandler                                   Components\CMSIS\armv7em-none-eabi\4.9.3\CMSIS\libCMSIS.a(startup_netx90_app.o)
MemManage_Handler                                 Targets\NXHX90-JTAG\_armv7em-none-eabi\4.9.3\netx90_app_intram_thumb_objs\handler.o
MemManage_InlineHandler                           Targets\NXHX90-JTAG\_armv7em-none-eabi\4.9.3\netx90_app_intram_thumb_objs\handler.o
NFIFO_ARM_APP_IRQHandler                          Components\CMSIS\armv7em-none-eabi\4.9.3\CMSIS\libCMSIS.a(startup_netx90_app.o)
NMI_Handler                                       Targets\NXHX90-JTAG\_armv7em-none-eabi\4.9.3\netx90_app_intram_thumb_objs\handler.o
PIO0_IRQHandler                                   Components\netx_drv\armv7em-none-eabi\4.9.3\netx_drv\libnetx_drv.a(netx_drv_dio.o)
                                                  Components\CMSIS\armv7em-none-eabi\4.9.3\CMSIS\libCMSIS.a(startup_netx90_app.o)
PIO1_IRQHandler                                   Components\CMSIS\armv7em-none-eabi\4.9.3\CMSIS\libCMSIS.a(startup_netx90_app.o)
PIO2_IRQHandler                                   Components\CMSIS\armv7em-none-eabi\4.9.3\CMSIS\libCMSIS.a(startup_netx90_app.o)
PIO3_IRQHandler                                   Components\CMSIS\armv7em-none-eabi\4.9.3\CMSIS\libCMSIS.a(startup_netx90_app.o)
PageFlasher                                       Components\CMSIS\armv7em-none-eabi\4.9.3\CMSIS\libCMSIS.a(system_netx.o)
PageReader                                        Components\CMSIS\armv7em-none-eabi\4.9.3\CMSIS\libCMSIS.a(system_netx.o)
PendSV_Handler                                    Targets\NXHX90-JTAG\_armv7em-none-eabi\4.9.3\netx90_app_intram_thumb_objs\handler.o
Reset_Handler                                     Components\CMSIS\armv7em-none-eabi\4.9.3\CMSIS\libCMSIS.a(startup_netx90_app.o)
SPI0_IRQHandler                                   Components\netx_drv\armv7em-none-eabi\4.9.3\netx_drv\libnetx_drv.a(netx_drv_spi.o)
                                                  Components\CMSIS\armv7em-none-eabi\4.9.3\CMSIS\libCMSIS.a(startup_netx90_app.o)
SPI1_IRQHandler                                   Components\netx_drv\armv7em-none-eabi\4.9.3\netx_drv\libnetx_drv.a(netx_drv_spi.o)
                                                  Components\CMSIS\armv7em-none-eabi\4.9.3\CMSIS\libCMSIS.a(startup_netx90_app.o)
SPI2_IRQHandler                                   Components\netx_drv\armv7em-none-eabi\4.9.3\netx_drv\libnetx_drv.a(netx_drv_spi.o)
                                                  Components\CMSIS\armv7em-none-eabi\4.9.3\CMSIS\libCMSIS.a(startup_netx90_app.o)
SPIXPIC_IRQHandler                                Components\netx_drv\armv7em-none-eabi\4.9.3\netx_drv\libnetx_drv.a(netx_drv_spi.o)
                                                  Components\CMSIS\armv7em-none-eabi\4.9.3\CMSIS\libCMSIS.a(startup_netx90_app.o)
SQI0_IRQHandler                                   Components\netx_drv\armv7em-none-eabi\4.9.3\netx_drv\libnetx_drv.a(netx_drv_spi.o)
                                                  Components\CMSIS\armv7em-none-eabi\4.9.3\CMSIS\libCMSIS.a(startup_netx90_app.o)
SQI1_IRQHandler                                   Components\netx_drv\armv7em-none-eabi\4.9.3\netx_drv\libnetx_drv.a(netx_drv_spi.o)
                                                  Components\CMSIS\armv7em-none-eabi\4.9.3\CMSIS\libCMSIS.a(startup_netx90_app.o)
SQI_IRQHandler                                    Components\netx_drv\armv7em-none-eabi\4.9.3\netx_drv\libnetx_drv.a(netx_drv_spi.o)
                                                  Components\CMSIS\armv7em-none-eabi\4.9.3\CMSIS\libCMSIS.a(startup_netx90_app.o)
SVC_Handler                                       Targets\NXHX90-JTAG\_armv7em-none-eabi\4.9.3\netx90_app_intram_thumb_objs\handler.o
SW_IRQHandler                                     Components\CMSIS\armv7em-none-eabi\4.9.3\CMSIS\libCMSIS.a(startup_netx90_app.o)
SYSTIME_IRQHandler                                Components\CMSIS\armv7em-none-eabi\4.9.3\CMSIS\libCMSIS.a(startup_netx90_app.o)
SysTick_Handler                                   Components\CMSIS\armv7em-none-eabi\4.9.3\CMSIS\libCMSIS.a(startup_netx90_app.o)
SystemCoreClock                                   Components\CMSIS\armv7em-none-eabi\4.9.3\CMSIS\libCMSIS.a(system_netx.o)
                                                  Components\netx_drv\armv7em-none-eabi\4.9.3\netx_drv\libnetx_drv.a(netx_drv_spi.o)
SystemCoreClockUpdate                             Components\CMSIS\armv7em-none-eabi\4.9.3\CMSIS\libCMSIS.a(system_netx.o)
SystemInit                                        Components\CMSIS\armv7em-none-eabi\4.9.3\CMSIS\libCMSIS.a(system_netx.o)
                                                  Components\CMSIS\armv7em-none-eabi\4.9.3\CMSIS\libCMSIS.a(startup_netx90_app.o)
SystemInitFault                                   Components\CMSIS\armv7em-none-eabi\4.9.3\CMSIS\libCMSIS.a(system_netx.o)
SystemTemperatureByADCValue                       Components\CMSIS\armv7em-none-eabi\4.9.3\CMSIS\libCMSIS.a(system_netx.o)
TIM0_IRQHandler                                   Components\CMSIS\armv7em-none-eabi\4.9.3\CMSIS\libCMSIS.a(startup_netx90_app.o)
TIM1_IRQHandler                                   Components\CMSIS\armv7em-none-eabi\4.9.3\CMSIS\libCMSIS.a(startup_netx90_app.o)
TIM2_IRQHandler                                   Components\CMSIS\armv7em-none-eabi\4.9.3\CMSIS\libCMSIS.a(startup_netx90_app.o)
UARTAPP_IRQHandler                                Components\CMSIS\armv7em-none-eabi\4.9.3\CMSIS\libCMSIS.a(startup_netx90_app.o)
UARTXPIC_IRQHandler                               Components\CMSIS\armv7em-none-eabi\4.9.3\CMSIS\libCMSIS.a(startup_netx90_app.o)
UART_IRQHandler                                   Components\CMSIS\armv7em-none-eabi\4.9.3\CMSIS\libCMSIS.a(startup_netx90_app.o)
UsageFault_Handler                                Targets\NXHX90-JTAG\_armv7em-none-eabi\4.9.3\netx90_app_intram_thumb_objs\handler.o
UsageFault_InlineHandler                          Targets\NXHX90-JTAG\_armv7em-none-eabi\4.9.3\netx90_app_intram_thumb_objs\handler.o
WDGXPIC_IRQHandler                                Components\CMSIS\armv7em-none-eabi\4.9.3\CMSIS\libCMSIS.a(startup_netx90_app.o)
WDG_IRQHandler                                    Components\CMSIS\armv7em-none-eabi\4.9.3\CMSIS\libCMSIS.a(startup_netx90_app.o)
XCTRIGGER0_IRQHandler                             Components\CMSIS\armv7em-none-eabi\4.9.3\CMSIS\libCMSIS.a(startup_netx90_app.o)
XCTRIGGER1_IRQHandler                             Components\CMSIS\armv7em-none-eabi\4.9.3\CMSIS\libCMSIS.a(startup_netx90_app.o)
XPICDEBUG_IRQHandler                              Components\CMSIS\armv7em-none-eabi\4.9.3\CMSIS\libCMSIS.a(startup_netx90_app.o)
_Balloc                                           c:/programdata/hilscher gmbh/netx studio cdt/buildtools/arm-none-eabi-gcc/4.9.3/bin/../lib/gcc/arm-none-eabi/4.9.3/../../../../arm-none-eabi/lib/armv7e-m\libc.a(lib_a-mprec.o)
                                                  c:/programdata/hilscher gmbh/netx studio cdt/buildtools/arm-none-eabi-gcc/4.9.3/bin/../lib/gcc/arm-none-eabi/4.9.3/../../../../arm-none-eabi/lib/armv7e-m\libc.a(lib_a-dtoa.o)
_Bfree                                            c:/programdata/hilscher gmbh/netx studio cdt/buildtools/arm-none-eabi-gcc/4.9.3/bin/../lib/gcc/arm-none-eabi/4.9.3/../../../../arm-none-eabi/lib/armv7e-m\libc.a(lib_a-mprec.o)
                                                  c:/programdata/hilscher gmbh/netx studio cdt/buildtools/arm-none-eabi-gcc/4.9.3/bin/../lib/gcc/arm-none-eabi/4.9.3/../../../../arm-none-eabi/lib/armv7e-m\libc.a(lib_a-dtoa.o)
_PathLocale                                       c:/programdata/hilscher gmbh/netx studio cdt/buildtools/arm-none-eabi-gcc/4.9.3/bin/../lib/gcc/arm-none-eabi/4.9.3/../../../../arm-none-eabi/lib/armv7e-m\libc.a(lib_a-locale.o)
__HeapBase                                        Components\CMSIS\armv7em-none-eabi\4.9.3\CMSIS\libCMSIS.a(startup_netx90_app.o)
__HeapLimit                                       Components\CMSIS\armv7em-none-eabi\4.9.3\CMSIS\libCMSIS.a(startup_netx90_app.o)
__StackLimit                                      Components\CMSIS\armv7em-none-eabi\4.9.3\CMSIS\libCMSIS.a(startup_netx90_app.o)
__StackTop                                        Components\CMSIS\armv7em-none-eabi\4.9.3\CMSIS\libCMSIS.a(startup_netx90_app.o)
__Vectors                                         Components\CMSIS\armv7em-none-eabi\4.9.3\CMSIS\libCMSIS.a(startup_netx90_app.o)
__Vectors_Table                                   Components\CMSIS\armv7em-none-eabi\4.9.3\CMSIS\libCMSIS.a(startup_netx90_app.o)
__adddf3                                          c:/programdata/hilscher gmbh/netx studio cdt/buildtools/arm-none-eabi-gcc/4.9.3/bin/../lib/gcc/arm-none-eabi/4.9.3/armv7e-m\libgcc.a(_arm_addsubdf3.o)
__aeabi_cdcmpeq                                   c:/programdata/hilscher gmbh/netx studio cdt/buildtools/arm-none-eabi-gcc/4.9.3/bin/../lib/gcc/arm-none-eabi/4.9.3/armv7e-m\libgcc.a(_arm_cmpdf2.o)
__aeabi_cdcmple                                   c:/programdata/hilscher gmbh/netx studio cdt/buildtools/arm-none-eabi-gcc/4.9.3/bin/../lib/gcc/arm-none-eabi/4.9.3/armv7e-m\libgcc.a(_arm_cmpdf2.o)
__aeabi_cdrcmple                                  c:/programdata/hilscher gmbh/netx studio cdt/buildtools/arm-none-eabi-gcc/4.9.3/bin/../lib/gcc/arm-none-eabi/4.9.3/armv7e-m\libgcc.a(_arm_cmpdf2.o)
__aeabi_d2iz                                      c:/programdata/hilscher gmbh/netx studio cdt/buildtools/arm-none-eabi-gcc/4.9.3/bin/../lib/gcc/arm-none-eabi/4.9.3/armv7e-m\libgcc.a(_arm_fixdfsi.o)
                                                  c:/programdata/hilscher gmbh/netx studio cdt/buildtools/arm-none-eabi-gcc/4.9.3/bin/../lib/gcc/arm-none-eabi/4.9.3/../../../../arm-none-eabi/lib/armv7e-m\libc.a(lib_a-dtoa.o)
__aeabi_dadd                                      c:/programdata/hilscher gmbh/netx studio cdt/buildtools/arm-none-eabi-gcc/4.9.3/bin/../lib/gcc/arm-none-eabi/4.9.3/armv7e-m\libgcc.a(_arm_addsubdf3.o)
                                                  c:/programdata/hilscher gmbh/netx studio cdt/buildtools/arm-none-eabi-gcc/4.9.3/bin/../lib/gcc/arm-none-eabi/4.9.3/../../../../arm-none-eabi/lib/armv7e-m\libc.a(lib_a-dtoa.o)
__aeabi_dcmpeq                                    c:/programdata/hilscher gmbh/netx studio cdt/buildtools/arm-none-eabi-gcc/4.9.3/bin/../lib/gcc/arm-none-eabi/4.9.3/armv7e-m\libgcc.a(_arm_cmpdf2.o)
                                                  c:/programdata/hilscher gmbh/netx studio cdt/buildtools/arm-none-eabi-gcc/4.9.3/bin/../lib/gcc/arm-none-eabi/4.9.3/../../../../arm-none-eabi/lib/armv7e-m\libc.a(lib_a-dtoa.o)
                                                  c:/programdata/hilscher gmbh/netx studio cdt/buildtools/arm-none-eabi-gcc/4.9.3/bin/../lib/gcc/arm-none-eabi/4.9.3/../../../../arm-none-eabi/lib/armv7e-m\libc.a(lib_a-vfprintf.o)
__aeabi_dcmpge                                    c:/programdata/hilscher gmbh/netx studio cdt/buildtools/arm-none-eabi-gcc/4.9.3/bin/../lib/gcc/arm-none-eabi/4.9.3/armv7e-m\libgcc.a(_arm_cmpdf2.o)
                                                  c:/programdata/hilscher gmbh/netx studio cdt/buildtools/arm-none-eabi-gcc/4.9.3/bin/../lib/gcc/arm-none-eabi/4.9.3/../../../../arm-none-eabi/lib/armv7e-m\libc.a(lib_a-dtoa.o)
__aeabi_dcmpgt                                    c:/programdata/hilscher gmbh/netx studio cdt/buildtools/arm-none-eabi-gcc/4.9.3/bin/../lib/gcc/arm-none-eabi/4.9.3/armv7e-m\libgcc.a(_arm_cmpdf2.o)
                                                  c:/programdata/hilscher gmbh/netx studio cdt/buildtools/arm-none-eabi-gcc/4.9.3/bin/../lib/gcc/arm-none-eabi/4.9.3/../../../../arm-none-eabi/lib/armv7e-m\libc.a(lib_a-dtoa.o)
__aeabi_dcmple                                    c:/programdata/hilscher gmbh/netx studio cdt/buildtools/arm-none-eabi-gcc/4.9.3/bin/../lib/gcc/arm-none-eabi/4.9.3/armv7e-m\libgcc.a(_arm_cmpdf2.o)
__aeabi_dcmplt                                    c:/programdata/hilscher gmbh/netx studio cdt/buildtools/arm-none-eabi-gcc/4.9.3/bin/../lib/gcc/arm-none-eabi/4.9.3/armv7e-m\libgcc.a(_arm_cmpdf2.o)
                                                  c:/programdata/hilscher gmbh/netx studio cdt/buildtools/arm-none-eabi-gcc/4.9.3/bin/../lib/gcc/arm-none-eabi/4.9.3/../../../../arm-none-eabi/lib/armv7e-m\libc.a(lib_a-dtoa.o)
                                                  c:/programdata/hilscher gmbh/netx studio cdt/buildtools/arm-none-eabi-gcc/4.9.3/bin/../lib/gcc/arm-none-eabi/4.9.3/../../../../arm-none-eabi/lib/armv7e-m\libc.a(lib_a-vfprintf.o)
__aeabi_ddiv                                      c:/programdata/hilscher gmbh/netx studio cdt/buildtools/arm-none-eabi-gcc/4.9.3/bin/../lib/gcc/arm-none-eabi/4.9.3/armv7e-m\libgcc.a(_arm_muldivdf3.o)
                                                  c:/programdata/hilscher gmbh/netx studio cdt/buildtools/arm-none-eabi-gcc/4.9.3/bin/../lib/gcc/arm-none-eabi/4.9.3/../../../../arm-none-eabi/lib/armv7e-m\libc.a(lib_a-mprec.o)
                                                  c:/programdata/hilscher gmbh/netx studio cdt/buildtools/arm-none-eabi-gcc/4.9.3/bin/../lib/gcc/arm-none-eabi/4.9.3/../../../../arm-none-eabi/lib/armv7e-m\libc.a(lib_a-dtoa.o)
__aeabi_dmul                                      c:/programdata/hilscher gmbh/netx studio cdt/buildtools/arm-none-eabi-gcc/4.9.3/bin/../lib/gcc/arm-none-eabi/4.9.3/armv7e-m\libgcc.a(_arm_muldivdf3.o)
                                                  c:/programdata/hilscher gmbh/netx studio cdt/buildtools/arm-none-eabi-gcc/4.9.3/bin/../lib/gcc/arm-none-eabi/4.9.3/../../../../arm-none-eabi/lib/armv7e-m\libc.a(lib_a-mprec.o)
                                                  c:/programdata/hilscher gmbh/netx studio cdt/buildtools/arm-none-eabi-gcc/4.9.3/bin/../lib/gcc/arm-none-eabi/4.9.3/../../../../arm-none-eabi/lib/armv7e-m\libc.a(lib_a-dtoa.o)
__aeabi_drsub                                     c:/programdata/hilscher gmbh/netx studio cdt/buildtools/arm-none-eabi-gcc/4.9.3/bin/../lib/gcc/arm-none-eabi/4.9.3/armv7e-m\libgcc.a(_arm_addsubdf3.o)
__aeabi_dsub                                      c:/programdata/hilscher gmbh/netx studio cdt/buildtools/arm-none-eabi-gcc/4.9.3/bin/../lib/gcc/arm-none-eabi/4.9.3/armv7e-m\libgcc.a(_arm_addsubdf3.o)
                                                  c:/programdata/hilscher gmbh/netx studio cdt/buildtools/arm-none-eabi-gcc/4.9.3/bin/../lib/gcc/arm-none-eabi/4.9.3/../../../../arm-none-eabi/lib/armv7e-m\libc.a(lib_a-dtoa.o)
__aeabi_f2d                                       c:/programdata/hilscher gmbh/netx studio cdt/buildtools/arm-none-eabi-gcc/4.9.3/bin/../lib/gcc/arm-none-eabi/4.9.3/armv7e-m\libgcc.a(_arm_addsubdf3.o)
__aeabi_i2d                                       c:/programdata/hilscher gmbh/netx studio cdt/buildtools/arm-none-eabi-gcc/4.9.3/bin/../lib/gcc/arm-none-eabi/4.9.3/armv7e-m\libgcc.a(_arm_addsubdf3.o)
                                                  c:/programdata/hilscher gmbh/netx studio cdt/buildtools/arm-none-eabi-gcc/4.9.3/bin/../lib/gcc/arm-none-eabi/4.9.3/../../../../arm-none-eabi/lib/armv7e-m\libc.a(lib_a-dtoa.o)
__aeabi_idiv0                                     c:/programdata/hilscher gmbh/netx studio cdt/buildtools/arm-none-eabi-gcc/4.9.3/bin/../lib/gcc/arm-none-eabi/4.9.3/armv7e-m\libgcc.a(_dvmd_tls.o)
__aeabi_l2d                                       c:/programdata/hilscher gmbh/netx studio cdt/buildtools/arm-none-eabi-gcc/4.9.3/bin/../lib/gcc/arm-none-eabi/4.9.3/armv7e-m\libgcc.a(_arm_addsubdf3.o)
__aeabi_ldiv0                                     c:/programdata/hilscher gmbh/netx studio cdt/buildtools/arm-none-eabi-gcc/4.9.3/bin/../lib/gcc/arm-none-eabi/4.9.3/armv7e-m\libgcc.a(_dvmd_tls.o)
                                                  c:/programdata/hilscher gmbh/netx studio cdt/buildtools/arm-none-eabi-gcc/4.9.3/bin/../lib/gcc/arm-none-eabi/4.9.3/armv7e-m\libgcc.a(_aeabi_uldivmod.o)
__aeabi_ui2d                                      c:/programdata/hilscher gmbh/netx studio cdt/buildtools/arm-none-eabi-gcc/4.9.3/bin/../lib/gcc/arm-none-eabi/4.9.3/armv7e-m\libgcc.a(_arm_addsubdf3.o)
                                                  c:/programdata/hilscher gmbh/netx studio cdt/buildtools/arm-none-eabi-gcc/4.9.3/bin/../lib/gcc/arm-none-eabi/4.9.3/../../../../arm-none-eabi/lib/armv7e-m\libc.a(lib_a-dtoa.o)
__aeabi_ul2d                                      c:/programdata/hilscher gmbh/netx studio cdt/buildtools/arm-none-eabi-gcc/4.9.3/bin/../lib/gcc/arm-none-eabi/4.9.3/armv7e-m\libgcc.a(_arm_addsubdf3.o)
__aeabi_uldivmod                                  c:/programdata/hilscher gmbh/netx studio cdt/buildtools/arm-none-eabi-gcc/4.9.3/bin/../lib/gcc/arm-none-eabi/4.9.3/armv7e-m\libgcc.a(_aeabi_uldivmod.o)
                                                  c:/programdata/hilscher gmbh/netx studio cdt/buildtools/arm-none-eabi-gcc/4.9.3/bin/../lib/gcc/arm-none-eabi/4.9.3/../../../../arm-none-eabi/lib/armv7e-m\libc.a(lib_a-vfiprintf.o)
                                                  c:/programdata/hilscher gmbh/netx studio cdt/buildtools/arm-none-eabi-gcc/4.9.3/bin/../lib/gcc/arm-none-eabi/4.9.3/../../../../arm-none-eabi/lib/armv7e-m\libc.a(lib_a-vfprintf.o)
__any_on                                          c:/programdata/hilscher gmbh/netx studio cdt/buildtools/arm-none-eabi-gcc/4.9.3/bin/../lib/gcc/arm-none-eabi/4.9.3/../../../../arm-none-eabi/lib/armv7e-m\libc.a(lib_a-mprec.o)
__ascii_wctomb                                    c:/programdata/hilscher gmbh/netx studio cdt/buildtools/arm-none-eabi-gcc/4.9.3/bin/../lib/gcc/arm-none-eabi/4.9.3/../../../../arm-none-eabi/lib/armv7e-m\libc.a(lib_a-wctomb_r.o)
__b2d                                             c:/programdata/hilscher gmbh/netx studio cdt/buildtools/arm-none-eabi-gcc/4.9.3/bin/../lib/gcc/arm-none-eabi/4.9.3/../../../../arm-none-eabi/lib/armv7e-m\libc.a(lib_a-mprec.o)
__bss_end__                                       Components\CMSIS\armv7em-none-eabi\4.9.3\CMSIS\libCMSIS.a(startup_netx90_app.o)
__bss_start__                                     Components\CMSIS\armv7em-none-eabi\4.9.3\CMSIS\libCMSIS.a(startup_netx90_app.o)
__cmpdf2                                          c:/programdata/hilscher gmbh/netx studio cdt/buildtools/arm-none-eabi-gcc/4.9.3/bin/../lib/gcc/arm-none-eabi/4.9.3/armv7e-m\libgcc.a(_arm_cmpdf2.o)
__copybits                                        c:/programdata/hilscher gmbh/netx studio cdt/buildtools/arm-none-eabi-gcc/4.9.3/bin/../lib/gcc/arm-none-eabi/4.9.3/../../../../arm-none-eabi/lib/armv7e-m\libc.a(lib_a-mprec.o)
__d2b                                             c:/programdata/hilscher gmbh/netx studio cdt/buildtools/arm-none-eabi-gcc/4.9.3/bin/../lib/gcc/arm-none-eabi/4.9.3/../../../../arm-none-eabi/lib/armv7e-m\libc.a(lib_a-mprec.o)
                                                  c:/programdata/hilscher gmbh/netx studio cdt/buildtools/arm-none-eabi-gcc/4.9.3/bin/../lib/gcc/arm-none-eabi/4.9.3/../../../../arm-none-eabi/lib/armv7e-m\libc.a(lib_a-dtoa.o)
__data_end__                                      Components\CMSIS\armv7em-none-eabi\4.9.3\CMSIS\libCMSIS.a(startup_netx90_app.o)
__data_start__                                    Components\CMSIS\armv7em-none-eabi\4.9.3\CMSIS\libCMSIS.a(startup_netx90_app.o)
__divdf3                                          c:/programdata/hilscher gmbh/netx studio cdt/buildtools/arm-none-eabi-gcc/4.9.3/bin/../lib/gcc/arm-none-eabi/4.9.3/armv7e-m\libgcc.a(_arm_muldivdf3.o)
__divdi3                                          c:/programdata/hilscher gmbh/netx studio cdt/buildtools/arm-none-eabi-gcc/4.9.3/bin/../lib/gcc/arm-none-eabi/4.9.3/armv7e-m\libgcc.a(_divdi3.o)
                                                  c:/programdata/hilscher gmbh/netx studio cdt/buildtools/arm-none-eabi-gcc/4.9.3/bin/../lib/gcc/arm-none-eabi/4.9.3/armv7e-m\libgcc.a(bpabi.o)
__eqdf2                                           c:/programdata/hilscher gmbh/netx studio cdt/buildtools/arm-none-eabi-gcc/4.9.3/bin/../lib/gcc/arm-none-eabi/4.9.3/armv7e-m\libgcc.a(_arm_cmpdf2.o)
__etext                                           Components\CMSIS\armv7em-none-eabi\4.9.3\CMSIS\libCMSIS.a(startup_netx90_app.o)
__extendsfdf2                                     c:/programdata/hilscher gmbh/netx studio cdt/buildtools/arm-none-eabi-gcc/4.9.3/bin/../lib/gcc/arm-none-eabi/4.9.3/armv7e-m\libgcc.a(_arm_addsubdf3.o)
__fixdfsi                                         c:/programdata/hilscher gmbh/netx studio cdt/buildtools/arm-none-eabi-gcc/4.9.3/bin/../lib/gcc/arm-none-eabi/4.9.3/armv7e-m\libgcc.a(_arm_fixdfsi.o)
__floatdidf                                       c:/programdata/hilscher gmbh/netx studio cdt/buildtools/arm-none-eabi-gcc/4.9.3/bin/../lib/gcc/arm-none-eabi/4.9.3/armv7e-m\libgcc.a(_arm_addsubdf3.o)
__floatsidf                                       c:/programdata/hilscher gmbh/netx studio cdt/buildtools/arm-none-eabi-gcc/4.9.3/bin/../lib/gcc/arm-none-eabi/4.9.3/armv7e-m\libgcc.a(_arm_addsubdf3.o)
__floatundidf                                     c:/programdata/hilscher gmbh/netx studio cdt/buildtools/arm-none-eabi-gcc/4.9.3/bin/../lib/gcc/arm-none-eabi/4.9.3/armv7e-m\libgcc.a(_arm_addsubdf3.o)
__floatunsidf                                     c:/programdata/hilscher gmbh/netx studio cdt/buildtools/arm-none-eabi-gcc/4.9.3/bin/../lib/gcc/arm-none-eabi/4.9.3/armv7e-m\libgcc.a(_arm_addsubdf3.o)
__fp_lock_all                                     c:/programdata/hilscher gmbh/netx studio cdt/buildtools/arm-none-eabi-gcc/4.9.3/bin/../lib/gcc/arm-none-eabi/4.9.3/../../../../arm-none-eabi/lib/armv7e-m\libc.a(lib_a-findfp.o)
__fp_unlock_all                                   c:/programdata/hilscher gmbh/netx studio cdt/buildtools/arm-none-eabi-gcc/4.9.3/bin/../lib/gcc/arm-none-eabi/4.9.3/../../../../arm-none-eabi/lib/armv7e-m\libc.a(lib_a-findfp.o)
__fpclassifyd                                     c:/programdata/hilscher gmbh/netx studio cdt/buildtools/arm-none-eabi-gcc/4.9.3/bin/../lib/gcc/arm-none-eabi/4.9.3/../../../../arm-none-eabi/lib/armv7e-m\libc.a(lib_a-s_fpclassify.o)
                                                  c:/programdata/hilscher gmbh/netx studio cdt/buildtools/arm-none-eabi-gcc/4.9.3/bin/../lib/gcc/arm-none-eabi/4.9.3/../../../../arm-none-eabi/lib/armv7e-m\libc.a(lib_a-vfprintf.o)
__fputwc                                          c:/programdata/hilscher gmbh/netx studio cdt/buildtools/arm-none-eabi-gcc/4.9.3/bin/../lib/gcc/arm-none-eabi/4.9.3/../../../../arm-none-eabi/lib/armv7e-m\libc.a(lib_a-fputwc.o)
__gedf2                                           c:/programdata/hilscher gmbh/netx studio cdt/buildtools/arm-none-eabi-gcc/4.9.3/bin/../lib/gcc/arm-none-eabi/4.9.3/armv7e-m\libgcc.a(_arm_cmpdf2.o)
__gnu_ldivmod_helper                              c:/programdata/hilscher gmbh/netx studio cdt/buildtools/arm-none-eabi-gcc/4.9.3/bin/../lib/gcc/arm-none-eabi/4.9.3/armv7e-m\libgcc.a(bpabi.o)
__gnu_uldivmod_helper                             c:/programdata/hilscher gmbh/netx studio cdt/buildtools/arm-none-eabi-gcc/4.9.3/bin/../lib/gcc/arm-none-eabi/4.9.3/armv7e-m\libgcc.a(bpabi.o)
                                                  c:/programdata/hilscher gmbh/netx studio cdt/buildtools/arm-none-eabi-gcc/4.9.3/bin/../lib/gcc/arm-none-eabi/4.9.3/armv7e-m\libgcc.a(_aeabi_uldivmod.o)
__gtdf2                                           c:/programdata/hilscher gmbh/netx studio cdt/buildtools/arm-none-eabi-gcc/4.9.3/bin/../lib/gcc/arm-none-eabi/4.9.3/armv7e-m\libgcc.a(_arm_cmpdf2.o)
__hi0bits                                         c:/programdata/hilscher gmbh/netx studio cdt/buildtools/arm-none-eabi-gcc/4.9.3/bin/../lib/gcc/arm-none-eabi/4.9.3/../../../../arm-none-eabi/lib/armv7e-m\libc.a(lib_a-mprec.o)
                                                  c:/programdata/hilscher gmbh/netx studio cdt/buildtools/arm-none-eabi-gcc/4.9.3/bin/../lib/gcc/arm-none-eabi/4.9.3/../../../../arm-none-eabi/lib/armv7e-m\libc.a(lib_a-dtoa.o)
__i2b                                             c:/programdata/hilscher gmbh/netx studio cdt/buildtools/arm-none-eabi-gcc/4.9.3/bin/../lib/gcc/arm-none-eabi/4.9.3/../../../../arm-none-eabi/lib/armv7e-m\libc.a(lib_a-mprec.o)
                                                  c:/programdata/hilscher gmbh/netx studio cdt/buildtools/arm-none-eabi-gcc/4.9.3/bin/../lib/gcc/arm-none-eabi/4.9.3/../../../../arm-none-eabi/lib/armv7e-m\libc.a(lib_a-dtoa.o)
__init_array_end                                  Components\CMSIS\armv7em-none-eabi\4.9.3\CMSIS\libCMSIS.a(system_netx.o)
__init_array_start                                Components\CMSIS\armv7em-none-eabi\4.9.3\CMSIS\libCMSIS.a(system_netx.o)
__ledf2                                           c:/programdata/hilscher gmbh/netx studio cdt/buildtools/arm-none-eabi-gcc/4.9.3/bin/../lib/gcc/arm-none-eabi/4.9.3/armv7e-m\libgcc.a(_arm_cmpdf2.o)
__lo0bits                                         c:/programdata/hilscher gmbh/netx studio cdt/buildtools/arm-none-eabi-gcc/4.9.3/bin/../lib/gcc/arm-none-eabi/4.9.3/../../../../arm-none-eabi/lib/armv7e-m\libc.a(lib_a-mprec.o)
__locale_charset                                  c:/programdata/hilscher gmbh/netx studio cdt/buildtools/arm-none-eabi-gcc/4.9.3/bin/../lib/gcc/arm-none-eabi/4.9.3/../../../../arm-none-eabi/lib/armv7e-m\libc.a(lib_a-locale.o)
                                                  c:/programdata/hilscher gmbh/netx studio cdt/buildtools/arm-none-eabi-gcc/4.9.3/bin/../lib/gcc/arm-none-eabi/4.9.3/../../../../arm-none-eabi/lib/armv7e-m\libc.a(lib_a-wctomb_r.o)
                                                  c:/programdata/hilscher gmbh/netx studio cdt/buildtools/arm-none-eabi-gcc/4.9.3/bin/../lib/gcc/arm-none-eabi/4.9.3/../../../../arm-none-eabi/lib/armv7e-m\libc.a(lib_a-wcrtomb.o)
__locale_cjk_lang                                 c:/programdata/hilscher gmbh/netx studio cdt/buildtools/arm-none-eabi-gcc/4.9.3/bin/../lib/gcc/arm-none-eabi/4.9.3/../../../../arm-none-eabi/lib/armv7e-m\libc.a(lib_a-locale.o)
__locale_mb_cur_max                               c:/programdata/hilscher gmbh/netx studio cdt/buildtools/arm-none-eabi-gcc/4.9.3/bin/../lib/gcc/arm-none-eabi/4.9.3/../../../../arm-none-eabi/lib/armv7e-m\libc.a(lib_a-locale.o)
                                                  c:/programdata/hilscher gmbh/netx studio cdt/buildtools/arm-none-eabi-gcc/4.9.3/bin/../lib/gcc/arm-none-eabi/4.9.3/../../../../arm-none-eabi/lib/armv7e-m\libc.a(lib_a-fputwc.o)
__locale_msgcharset                               c:/programdata/hilscher gmbh/netx studio cdt/buildtools/arm-none-eabi-gcc/4.9.3/bin/../lib/gcc/arm-none-eabi/4.9.3/../../../../arm-none-eabi/lib/armv7e-m\libc.a(lib_a-locale.o)
__lshift                                          c:/programdata/hilscher gmbh/netx studio cdt/buildtools/arm-none-eabi-gcc/4.9.3/bin/../lib/gcc/arm-none-eabi/4.9.3/../../../../arm-none-eabi/lib/armv7e-m\libc.a(lib_a-mprec.o)
                                                  c:/programdata/hilscher gmbh/netx studio cdt/buildtools/arm-none-eabi-gcc/4.9.3/bin/../lib/gcc/arm-none-eabi/4.9.3/../../../../arm-none-eabi/lib/armv7e-m\libc.a(lib_a-dtoa.o)